<html>
<body>
<pre>
<h1>µVision Build Log</h1>
<h2>Tool Versions:</h2>
IDE-Version: µVision V5.33.0.0
Copyright (C) 2020 ARM Ltd and ARM Germany GmbH. All rights reserved.
License Information: Matteo Simone Politecnico di Torino Flex license: MDK Professional 5.33 (Flex) (mdk_pro) Operation stops: 10 Mar 2024
 
Tool Versions:
Toolchain:       MDK Professional 5.33 (Flex)  Version: 5.33.0.0
Toolchain Path:  D:\Programmi\Keil_v5\ARM\ARMCC\Bin
C Compiler:      Armcc.exe V5.06 update 7 (build 960)
Assembler:       Armasm.exe V5.06 update 7 (build 960)
Linker/Locator:  ArmLink.exe V5.06 update 7 (build 960)
Library Manager: ArmAr.exe V5.06 update 7 (build 960)
Hex Converter:   FromElf.exe V5.06 update 7 (build 960)
CPU DLL:         SARMCM3.DLL V5.33.0.0
Dialog DLL:      DARMP1.DLL V1.27.0.0
Target DLL:      UL2CM3.DLL V1.163.9.0
Dialog DLL:      TARMP1.DLL V1.26.0.0
 
<h2>Project:</h2>
C:\Users\simon\Documents\GitHub\CAN_project\pedali\pedals peripheral\sample.uvprojx
Project File Date:  11/06/2021

<h2>Output:</h2>
*** Using Compiler 'V5.06 update 7 (build 960)', folder: 'D:\Programmi\Keil_v5\ARM\ARMCC\Bin'
Rebuild target 'Target 1'
assembling startup_LPC17xx.s...
compiling core_cm3.c...
compiling funct_led.c...
compiling sample.c...
compiling lib_led.c...
compiling IRQ_button.c...
compiling system_LPC17xx.c...
compiling lib_button.c...
compiling AsciiLib.c...
compiling IRQ_RIT.c...
compiling lib_RIT.c...
compiling IRQ_adc.c...
compiling lib_adc.c...
compiling TouchPanel.c...
compiling HzLib.c...
compiling peripheral.c...
compiling IRQ_CAN.c...
compiling can.c...
compiling highcan.c...
compiling security.c...
compiling aes.c...
compiling sha256.c...
compiling lpc17xx_clkpwr.c...
compiling IRQ_timer.c...
compiling lpc17xx_can.c...
compiling lib_timer.c...
compiling GLCD.c...
linking...
Program Size: Code=37756 RO-data=2328 RW-data=204 ZI-data=17916  
".\sample.axf" - 0 Error(s), 0 Warning(s).

<h2>Software Packages used:</h2>

Package Vendor: ARM
                http://www.keil.com/pack/ARM.CMSIS.5.7.0.pack
                ARM.CMSIS.5.7.0
                CMSIS (Cortex Microcontroller Software Interface Standard)
   * Component: CORE Version: 5.4.0

Package Vendor: Keil
                http://www.keil.com/pack/Keil.LPC1700_DFP.2.6.0.pack
                Keil.LPC1700_DFP.2.6.0
                NXP LPC1700 Series Device Support, Drivers and Examples for MCB1700 and LPC1788-32

<h2>Collection of Component include folders:</h2>
  .\RTE\_Target_1
  D:\Programmi\Keil_v5\Packs\ARM\CMSIS\5.7.0\CMSIS\Core\Include
  D:\Programmi\Keil_v5\Packs\Keil\LPC1700_DFP\2.6.0\Device\Include

<h2>Collection of Component Files used:</h2>

   * Component: ARM::CMSIS:CORE:5.4.0
Build Time Elapsed:  00:00:02
</pre>
</body>
</html>
