Component: ARM Compiler 5.06 update 7 (build 960) Tool: armlink [4d3601]

==============================================================================

Section Cross References

    startup_lpc17xx.o(STACK) refers (Special) to heapauxi.o(.text) for __use_two_region_memory
    startup_lpc17xx.o(HEAP) refers (Special) to heapauxi.o(.text) for __use_two_region_memory
    startup_lpc17xx.o(RESET) refers (Special) to heapauxi.o(.text) for __use_two_region_memory
    startup_lpc17xx.o(RESET) refers to startup_lpc17xx.o(STACK) for __initial_sp
    startup_lpc17xx.o(RESET) refers to startup_lpc17xx.o(.text) for Reset_Handler
    startup_lpc17xx.o(RESET) refers to irq_timer.o(.text) for TIMER0_IRQHandler
    startup_lpc17xx.o(RESET) refers to irq_button.o(.text) for EINT0_IRQHandler
    startup_lpc17xx.o(RESET) refers to irq_adc.o(.text) for ADC_IRQHandler
    startup_lpc17xx.o(RESET) refers to irq_can.o(.text) for CAN_IRQHandler
    startup_lpc17xx.o(RESET) refers to irq_rit.o(.text) for RIT_IRQHandler
    startup_lpc17xx.o(.ARM.__at_0x02FC) refers (Special) to heapauxi.o(.text) for __use_two_region_memory
    startup_lpc17xx.o(.text) refers (Special) to heapauxi.o(.text) for __use_two_region_memory
    startup_lpc17xx.o(.text) refers to __main.o(!!!main) for __main
    startup_lpc17xx.o(.text) refers to startup_lpc17xx.o(HEAP) for Heap_Mem
    startup_lpc17xx.o(.text) refers to startup_lpc17xx.o(STACK) for Stack_Mem
    sample.o(.text) refers to system_lpc17xx.o(.text) for SystemInit
    sample.o(.text) refers to lib_led.o(.text) for LED_init
    sample.o(.text) refers to lib_rit.o(.text) for init_RIT
    sample.o(.text) refers to lib_adc.o(.text) for ADC_init
    sample.o(.text) refers to highcan.o(.text) for hCAN_init
    sample.o(.text) refers to glcd.o(.text) for LCD_Initialization
    sample.o(.text) refers to security.o(.text) for AES_init
    sample.o(.text) refers to rt_memcpy_v6.o(.text) for __aeabi_memcpy
    sample.o(.text) refers to touchpanel.o(.text) for TP_Init
    sample.o(.text) refers to lib_button.o(.text) for BUTTON_init
    sample.o(.text) refers to sample.o(.data) for iv
    sample.o(.text) refers to sample.o(.bss) for ctx
    system_lpc17xx.o(.text) refers to system_lpc17xx.o(.data) for SystemCoreClock
    funct_led.o(.text) refers to funct_led.o(.constdata) for led_mask
    funct_led.o(.text) refers to lib_led.o(.data) for led_value
    lib_led.o(.text) refers to lib_led.o(.data) for led_value
    irq_button.o(.text) refers to irq_rit.o(.data) for down_INT0
    irq_rit.o(.text) refers to lib_adc.o(.text) for ADC_start_conversion
    irq_rit.o(.text) refers to glcd.o(.text) for GUI_Text
    irq_rit.o(.text) refers to irq_rit.o(.data) for down_INT0
    irq_rit.o(.text) refers to irq_adc.o(.data) for isOn
    irq_adc.o(.text) refers to funct_led.o(.text) for LED_Off
    irq_adc.o(.text) refers to irq_adc.o(.data) for AD_current
    irq_adc.o(.text) refers to peripheral.o(.text) for brakeHandler
    asciilib.o(.text) refers to rt_memcpy_v6.o(.text) for __aeabi_memcpy
    asciilib.o(.text) refers to asciilib.o(.constdata) for AsciiLib
    glcd.o(.text) refers to glcd.o(.data) for LCD_Code
    glcd.o(.text) refers to asciilib.o(.text) for GetASCIICode
    hzlib.o(.text) refers to rt_memcpy_v6.o(.text) for __aeabi_memcpy
    hzlib.o(.text) refers to hzlib.o(.constdata) for HzLib
    touchpanel.o(.text) refers to glcd.o(.text) for LCD_SetPoint
    touchpanel.o(.text) refers to rt_memclr_w.o(.text) for __aeabi_memclr4
    touchpanel.o(.text) refers to dflt_clz.o(x$fpl$dflt) for __aeabi_i2d
    touchpanel.o(.text) refers to deqf.o(x$fpl$deqf) for __aeabi_cdcmpeq
    touchpanel.o(.text) refers to dflt_clz.o(x$fpl$dfltu) for __aeabi_ui2d
    touchpanel.o(.text) refers to dmul.o(x$fpl$dmul) for __aeabi_dmul
    touchpanel.o(.text) refers to daddsub_clz.o(x$fpl$dadd) for __aeabi_dadd
    touchpanel.o(.text) refers to ddiv.o(x$fpl$ddiv) for __aeabi_ddiv
    touchpanel.o(.text) refers to dfixu.o(x$fpl$dfixu) for __aeabi_d2uiz
    touchpanel.o(.text) refers to touchpanel.o(.data) for screen
    touchpanel.o(.text) refers to touchpanel.o(.bss) for ScreenSample
    peripheral.o(.text) refers to security.o(.text) for AES
    peripheral.o(.text) refers to highcan.o(.text) for hCAN_sendMessage
    peripheral.o(.text) refers to glcd.o(.text) for fillRectangle
    peripheral.o(.text) refers to peripheral.o(.data) for message
    peripheral.o(.text) refers to sample.o(.bss) for ctx
    can.o(.text) refers to can.o(.data) for CAN_state
    highcan.o(.text) refers to lpc17xx_can.o(.text) for CAN_Init
    highcan.o(.text) refers to can.o(i.CAN_internalPrioMode) for CAN_internalPrioMode
    highcan.o(.text) refers to can.o(.text) for CAN_AF_loadSTDRangelEntry
    highcan.o(.text) refers to can.o(i.CAN_allTXok) for CAN_allTXok
    highcan.o(.text) refers to highcan.o(.data) for ID
    highcan.o(.text) refers to highcan.o(.bss) for hCAN_recMessage
    irq_can.o(.text) refers to rt_memclr_w.o(.text) for __aeabi_memclr4
[...]
    dfixu.o(x$fpl$dfixur) refers to dnaninf.o(x$fpl$dnaninf) for __fpl_dnaninf
    dflt_clz.o(x$fpl$dfltu) refers (Special) to usenofp.o(x$fpl$usenofp) for __I$use$fp
    dflt_clz.o(x$fpl$dflt) refers (Special) to usenofp.o(x$fpl$usenofp) for __I$use$fp
    dflt_clz.o(x$fpl$dfltn) refers (Special) to usenofp.o(x$fpl$usenofp) for __I$use$fp
    dmul.o(x$fpl$dmul) refers (Special) to usenofp.o(x$fpl$usenofp) for __I$use$fp
    dmul.o(x$fpl$dmul) refers to dretinf.o(x$fpl$dretinf) for __fpl_dretinf
    dmul.o(x$fpl$dmul) refers to dnaninf.o(x$fpl$dnaninf) for __fpl_dnaninf
    __rtentry.o(.ARM.Collect$$rtentry$$00000000) refers (Special) to __rtentry2.o(.ARM.Collect$$rtentry$$0000000A) for __rt_entry_li
    __rtentry.o(.ARM.Collect$$rtentry$$00000000) refers (Special) to __rtentry2.o(.ARM.Collect$$rtentry$$0000000D) for __rt_entry_main
    __rtentry.o(.ARM.Collect$$rtentry$$00000000) refers (Special) to __rtentry2.o(.ARM.Collect$$rtentry$$0000000C) for __rt_entry_postli_1
    __rtentry.o(.ARM.Collect$$rtentry$$00000000) refers (Special) to __rtentry2.o(.ARM.Collect$$rtentry$$00000009) for __rt_entry_postsh_1
    __rtentry.o(.ARM.Collect$$rtentry$$00000000) refers (Special) to __rtentry2.o(.ARM.Collect$$rtentry$$00000002) for __rt_entry_presh_1
    __rtentry.o(.ARM.Collect$$rtentry$$00000000) refers (Special) to __rtentry4.o(.ARM.Collect$$rtentry$$00000004) for __rt_entry_sh
    dcmpi.o(x$fpl$dcmpinf) refers (Special) to usenofp.o(x$fpl$usenofp) for __I$use$fp
    dnaninf.o(x$fpl$dnaninf) refers (Special) to usenofp.o(x$fpl$usenofp) for __I$use$fp
    dretinf.o(x$fpl$dretinf) refers (Special) to usenofp.o(x$fpl$usenofp) for __I$use$fp
    __rtentry2.o(.ARM.Collect$$rtentry$$00000008) refers to boardinit2.o(.text) for _platform_post_stackheap_init
    __rtentry2.o(.ARM.Collect$$rtentry$$0000000A) refers to libinit.o(.ARM.Collect$$libinit$$00000000) for __rt_lib_init
    __rtentry2.o(.ARM.Collect$$rtentry$$0000000B) refers to boardinit3.o(.text) for _platform_post_lib_init
    __rtentry2.o(.ARM.Collect$$rtentry$$0000000D) refers to sample.o(.text) for main
    __rtentry2.o(.ARM.Collect$$rtentry$$0000000D) refers to exit.o(.text) for exit
    __rtentry2.o(.ARM.exidx) refers to __rtentry2.o(.ARM.Collect$$rtentry$$00000001) for .ARM.Collect$$rtentry$$00000001
    __rtentry2.o(.ARM.exidx) refers to __rtentry2.o(.ARM.Collect$$rtentry$$00000008) for .ARM.Collect$$rtentry$$00000008
    __rtentry2.o(.ARM.exidx) refers to __rtentry2.o(.ARM.Collect$$rtentry$$0000000A) for .ARM.Collect$$rtentry$$0000000A
    __rtentry2.o(.ARM.exidx) refers to __rtentry2.o(.ARM.Collect$$rtentry$$0000000B) for .ARM.Collect$$rtentry$$0000000B
    __rtentry2.o(.ARM.exidx) refers to __rtentry2.o(.ARM.Collect$$rtentry$$0000000D) for .ARM.Collect$$rtentry$$0000000D
    __rtentry4.o(.ARM.Collect$$rtentry$$00000004) refers to sys_stackheap_outer.o(.text) for __user_setup_stackheap
    __rtentry4.o(.ARM.exidx) refers to __rtentry4.o(.ARM.Collect$$rtentry$$00000004) for .ARM.Collect$$rtentry$$00000004
    sys_stackheap_outer.o(.text) refers to libspace.o(.text) for __user_perproc_libspace
    sys_stackheap_outer.o(.text) refers to startup_lpc17xx.o(.text) for __user_initial_stackheap
    exit.o(.text) refers to rtexit.o(.ARM.Collect$$rtexit$$00000000) for __rt_exit
    libinit.o(.ARM.Collect$$libinit$$00000000) refers (Special) to libinit2.o(.ARM.Collect$$libinit$$0000002E) for __rt_lib_init_alloca_1
    libinit.o(.ARM.Collect$$libinit$$00000000) refers (Special) to libinit2.o(.ARM.Collect$$libinit$$0000002C) for __rt_lib_init_argv_1
    libinit.o(.ARM.Collect$$libinit$$00000000) refers (Special) to libinit2.o(.ARM.Collect$$libinit$$0000001B) for __rt_lib_init_atexit_1
    libinit.o(.ARM.Collect$$libinit$$00000000) refers (Special) to libinit2.o(.ARM.Collect$$libinit$$00000021) for __rt_lib_init_clock_1
    libinit.o(.ARM.Collect$$libinit$$00000000) refers (Special) to libinit2.o(.ARM.Collect$$libinit$$00000032) for __rt_lib_init_cpp_1
    libinit.o(.ARM.Collect$$libinit$$00000000) refers (Special) to libinit2.o(.ARM.Collect$$libinit$$00000030) for __rt_lib_init_exceptions_1
    libinit.o(.ARM.Collect$$libinit$$00000000) refers (Special) to libinit2.o(.ARM.Collect$$libinit$$00000002) for __rt_lib_init_fp_1
    libinit.o(.ARM.Collect$$libinit$$00000000) refers (Special) to libinit2.o(.ARM.Collect$$libinit$$0000001F) for __rt_lib_init_fp_trap_1
    libinit.o(.ARM.Collect$$libinit$$00000000) refers (Special) to libinit2.o(.ARM.Collect$$libinit$$00000023) for __rt_lib_init_getenv_1
    libinit.o(.ARM.Collect$$libinit$$00000000) refers (Special) to libinit2.o(.ARM.Collect$$libinit$$0000000A) for __rt_lib_init_heap_1
    libinit.o(.ARM.Collect$$libinit$$00000000) refers (Special) to libinit2.o(.ARM.Collect$$libinit$$00000011) for __rt_lib_init_lc_collate_1
    libinit.o(.ARM.Collect$$libinit$$00000000) refers (Special) to libinit2.o(.ARM.Collect$$libinit$$00000013) for __rt_lib_init_lc_ctype_1
    libinit.o(.ARM.Collect$$libinit$$00000000) refers (Special) to libinit2.o(.ARM.Collect$$libinit$$00000015) for __rt_lib_init_lc_monetary_1
    libinit.o(.ARM.Collect$$libinit$$00000000) refers (Special) to libinit2.o(.ARM.Collect$$libinit$$00000017) for __rt_lib_init_lc_numeric_1
    libinit.o(.ARM.Collect$$libinit$$00000000) refers (Special) to libinit2.o(.ARM.Collect$$libinit$$00000019) for __rt_lib_init_lc_time_1
    libinit.o(.ARM.Collect$$libinit$$00000000) refers (Special) to libinit2.o(.ARM.Collect$$libinit$$00000004) for __rt_lib_init_preinit_1
    libinit.o(.ARM.Collect$$libinit$$00000000) refers (Special) to libinit2.o(.ARM.Collect$$libinit$$0000000E) for __rt_lib_init_rand_1
    libinit.o(.ARM.Collect$$libinit$$00000000) refers (Special) to libinit2.o(.ARM.Collect$$libinit$$00000033) for __rt_lib_init_return
    libinit.o(.ARM.Collect$$libinit$$00000000) refers (Special) to libinit2.o(.ARM.Collect$$libinit$$0000001D) for __rt_lib_init_signal_1
    libinit.o(.ARM.Collect$$libinit$$00000000) refers (Special) to libinit2.o(.ARM.Collect$$libinit$$00000025) for __rt_lib_init_stdio_1
    libinit.o(.ARM.Collect$$libinit$$00000000) refers (Special) to libinit2.o(.ARM.Collect$$libinit$$0000000C) for __rt_lib_init_user_alloc_1
    libspace.o(.text) refers to libspace.o(.bss) for __libspace_start
    rtexit.o(.ARM.Collect$$rtexit$$00000000) refers (Special) to rtexit2.o(.ARM.Collect$$rtexit$$00000004) for __rt_exit_exit
    rtexit.o(.ARM.Collect$$rtexit$$00000000) refers (Special) to rtexit2.o(.ARM.Collect$$rtexit$$00000003) for __rt_exit_ls
    rtexit.o(.ARM.Collect$$rtexit$$00000000) refers (Special) to rtexit2.o(.ARM.Collect$$rtexit$$00000002) for __rt_exit_prels_1
    rtexit.o(.ARM.exidx) refers (Special) to rtexit2.o(.ARM.Collect$$rtexit$$00000004) for __rt_exit_exit
    rtexit.o(.ARM.exidx) refers (Special) to rtexit2.o(.ARM.Collect$$rtexit$$00000003) for __rt_exit_ls
    rtexit.o(.ARM.exidx) refers (Special) to rtexit2.o(.ARM.Collect$$rtexit$$00000002) for __rt_exit_prels_1
    rtexit.o(.ARM.exidx) refers to rtexit.o(.ARM.Collect$$rtexit$$00000000) for .ARM.Collect$$rtexit$$00000000
    libinit2.o(.ARM.Collect$$libinit$$00000010) refers to libinit2.o(.ARM.Collect$$libinit$$0000000F) for .ARM.Collect$$libinit$$0000000F
    libinit2.o(.ARM.Collect$$libinit$$00000012) refers to libinit2.o(.ARM.Collect$$libinit$$0000000F) for .ARM.Collect$$libinit$$0000000F
    libinit2.o(.ARM.Collect$$libinit$$00000014) refers to libinit2.o(.ARM.Collect$$libinit$$0000000F) for .ARM.Collect$$libinit$$0000000F
    libinit2.o(.ARM.Collect$$libinit$$00000016) refers to libinit2.o(.ARM.Collect$$libinit$$0000000F) for .ARM.Collect$$libinit$$0000000F
    libinit2.o(.ARM.Collect$$libinit$$00000018) refers to libinit2.o(.ARM.Collect$$libinit$$0000000F) for .ARM.Collect$$libinit$$0000000F
    libinit2.o(.ARM.Collect$$libinit$$00000026) refers to argv_veneer.o(.emb_text) for __ARM_argv_veneer
    libinit2.o(.ARM.Collect$$libinit$$00000027) refers to argv_veneer.o(.emb_text) for __ARM_argv_veneer
    rtexit2.o(.ARM.Collect$$rtexit$$00000003) refers to libshutdown.o(.ARM.Collect$$libshutdown$$00000000) for __rt_lib_shutdown
    rtexit2.o(.ARM.Collect$$rtexit$$00000004) refers to sys_exit.o(.text) for _sys_exit
    rtexit2.o(.ARM.exidx) refers to rtexit2.o(.ARM.Collect$$rtexit$$00000001) for .ARM.Collect$$rtexit$$00000001
    rtexit2.o(.ARM.exidx) refers to rtexit2.o(.ARM.Collect$$rtexit$$00000003) for .ARM.Collect$$rtexit$$00000003
    rtexit2.o(.ARM.exidx) refers to rtexit2.o(.ARM.Collect$$rtexit$$00000004) for .ARM.Collect$$rtexit$$00000004
    argv_veneer.o(.emb_text) refers to no_argv.o(.text) for __ARM_get_argv
    sys_exit.o(.text) refers (Special) to use_no_semi.o(.text) for __I$use$semihosting
    sys_exit.o(.text) refers (Special) to indicate_semi.o(.text) for __semihosting_library_function
    _get_argv_nomalloc.o(.text) refers (Special) to hrguard.o(.text) for __heap_region$guard
    _get_argv_nomalloc.o(.text) refers to defsig_rtmem_outer.o(.text) for __rt_SIGRTMEM
    _get_argv_nomalloc.o(.text) refers to sys_command.o(.text) for _sys_command_string
    libshutdown.o(.ARM.Collect$$libshutdown$$00000000) refers (Special) to libshutdown2.o(.ARM.Collect$$libshutdown$$00000004) for __rt_lib_shutdown_cpp_1
    libshutdown.o(.ARM.Collect$$libshutdown$$00000000) refers (Special) to libshutdown2.o(.ARM.Collect$$libshutdown$$00000002) for __rt_lib_shutdown_fini_1
    libshutdown.o(.ARM.Collect$$libshutdown$$00000000) refers (Special) to libshutdown2.o(.ARM.Collect$$libshutdown$$00000009) for __rt_lib_shutdown_fp_trap_1
    libshutdown.o(.ARM.Collect$$libshutdown$$00000000) refers (Special) to libshutdown2.o(.ARM.Collect$$libshutdown$$00000011) for __rt_lib_shutdown_heap_1
    libshutdown.o(.ARM.Collect$$libshutdown$$00000000) refers (Special) to libshutdown2.o(.ARM.Collect$$libshutdown$$00000012) for __rt_lib_shutdown_return
    libshutdown.o(.ARM.Collect$$libshutdown$$00000000) refers (Special) to libshutdown2.o(.ARM.Collect$$libshutdown$$0000000C) for __rt_lib_shutdown_signal_1
    libshutdown.o(.ARM.Collect$$libshutdown$$00000000) refers (Special) to libshutdown2.o(.ARM.Collect$$libshutdown$$00000006) for __rt_lib_shutdown_stdio_1
    libshutdown.o(.ARM.Collect$$libshutdown$$00000000) refers (Special) to libshutdown2.o(.ARM.Collect$$libshutdown$$0000000E) for __rt_lib_shutdown_user_alloc_1
    sys_command.o(.text) refers (Special) to use_no_semi.o(.text) for __I$use$semihosting
    sys_command.o(.text) refers (Special) to indicate_semi.o(.text) for __semihosting_library_function
    defsig_rtmem_outer.o(.text) refers to defsig_rtmem_inner.o(.text) for __rt_SIGRTMEM_inner
    defsig_rtmem_outer.o(.text) refers to defsig_exit.o(.text) for __sig_exit
    defsig_rtmem_formal.o(.text) refers to rt_raise.o(.text) for __rt_raise
    rt_raise.o(.text) refers to __raise.o(.text) for __raise
    rt_raise.o(.text) refers to sys_exit.o(.text) for _sys_exit
    defsig_exit.o(.text) refers to sys_exit.o(.text) for _sys_exit
    defsig_rtmem_inner.o(.text) refers to defsig_general.o(.text) for __default_signal_display
    __raise.o(.text) refers to defsig.o(CL$$defsig) for __default_signal_handler
    defsig_general.o(.text) refers to sys_wrch.o(.text) for _ttywrch
    sys_wrch.o(.text) refers (Special) to use_no_semi.o(.text) for __I$use$semihosting
    sys_wrch.o(.text) refers (Special) to indicate_semi.o(.text) for __semihosting_library_function
    defsig.o(CL$$defsig) refers to defsig_rtmem_inner.o(.text) for __rt_SIGRTMEM_inner
    defsig_abrt_inner.o(.text) refers to defsig_general.o(.text) for __default_signal_display
    defsig_fpe_inner.o(.text) refers to defsig_general.o(.text) for __default_signal_display
    defsig_rtred_inner.o(.text) refers to defsig_general.o(.text) for __default_signal_display
    defsig_stak_inner.o(.text) refers to defsig_general.o(.text) for __default_signal_display
    defsig_pvfn_inner.o(.text) refers to defsig_general.o(.text) for __default_signal_display
    defsig_cppl_inner.o(.text) refers to defsig_general.o(.text) for __default_signal_display
    defsig_segv_inner.o(.text) refers to defsig_general.o(.text) for __default_signal_display
    defsig_other.o(.text) refers to defsig_general.o(.text) for __default_signal_display
    highcan.o(i.hCAN_arbitrationLost) refers to highcan.o(.data) for busMine


==============================================================================

Removing Unused input sections from the image.

    Removing sample.o(.rev16_text), (4 bytes).
    Removing sample.o(.revsh_text), (4 bytes).
    Removing sample.o(.rrx_text), (6 bytes).
    Removing core_cm3.o(.emb_text), (32 bytes).
    Removing system_lpc17xx.o(.rev16_text), (4 bytes).
    Removing system_lpc17xx.o(.revsh_text), (4 bytes).
    Removing system_lpc17xx.o(.rrx_text), (6 bytes).
    Removing funct_led.o(.rev16_text), (4 bytes).
    Removing funct_led.o(.revsh_text), (4 bytes).
    Removing funct_led.o(.rrx_text), (6 bytes).
    Removing lib_led.o(.rev16_text), (4 bytes).
    Removing lib_led.o(.revsh_text), (4 bytes).
    Removing lib_led.o(.rrx_text), (6 bytes).
    Removing irq_button.o(.rev16_text), (4 bytes).
    Removing irq_button.o(.revsh_text), (4 bytes).
    Removing irq_button.o(.rrx_text), (6 bytes).
    Removing lib_button.o(.rev16_text), (4 bytes).
    Removing lib_button.o(.revsh_text), (4 bytes).
    Removing lib_button.o(.rrx_text), (6 bytes).
    Removing irq_rit.o(.rev16_text), (4 bytes).
    Removing irq_rit.o(.revsh_text), (4 bytes).
    Removing irq_rit.o(.rrx_text), (6 bytes).
    Removing lib_rit.o(.rev16_text), (4 bytes).
    Removing lib_rit.o(.revsh_text), (4 bytes).
    Removing lib_rit.o(.rrx_text), (6 bytes).
    Removing irq_adc.o(.rev16_text), (4 bytes).
    Removing irq_adc.o(.revsh_text), (4 bytes).
    Removing irq_adc.o(.rrx_text), (6 bytes).
    Removing lib_adc.o(.rev16_text), (4 bytes).
    Removing lib_adc.o(.revsh_text), (4 bytes).
    Removing lib_adc.o(.rrx_text), (6 bytes).
    Removing glcd.o(.rev16_text), (4 bytes).
    Removing glcd.o(.revsh_text), (4 bytes).
    Removing glcd.o(.rrx_text), (6 bytes).
    Removing hzlib.o(.text), (52 bytes).
    Removing hzlib.o(.constdata), (216576 bytes).
    Removing touchpanel.o(.rev16_text), (4 bytes).
    Removing touchpanel.o(.revsh_text), (4 bytes).
    Removing touchpanel.o(.rrx_text), (6 bytes).
    Removing peripheral.o(.rev16_text), (4 bytes).
    Removing peripheral.o(.revsh_text), (4 bytes).
    Removing peripheral.o(.rrx_text), (6 bytes).
    Removing can.o(.rev16_text), (4 bytes).
    Removing can.o(.revsh_text), (4 bytes).
    Removing can.o(.rrx_text), (6 bytes).
    Removing highcan.o(.rev16_text), (4 bytes).
    Removing highcan.o(.revsh_text), (4 bytes).
    Removing highcan.o(.rrx_text), (6 bytes).
    Removing irq_can.o(.rev16_text), (4 bytes).
    Removing irq_can.o(.revsh_text), (4 bytes).
    Removing irq_can.o(.rrx_text), (6 bytes).
    Removing lpc17xx_can.o(.rev16_text), (4 bytes).
    Removing lpc17xx_can.o(.revsh_text), (4 bytes).
    Removing lpc17xx_can.o(.rrx_text), (6 bytes).
    Removing lpc17xx_clkpwr.o(.rev16_text), (4 bytes).
    Removing lpc17xx_clkpwr.o(.revsh_text), (4 bytes).
    Removing lpc17xx_clkpwr.o(.rrx_text), (6 bytes).
    Removing irq_timer.o(.rev16_text), (4 bytes).
    Removing irq_timer.o(.revsh_text), (4 bytes).
    Removing irq_timer.o(.rrx_text), (6 bytes).
    Removing lib_timer.o(.rev16_text), (4 bytes).
    Removing lib_timer.o(.revsh_text), (4 bytes).
    Removing lib_timer.o(.rrx_text), (6 bytes).
    Removing lib_timer.o(.text), (316 bytes).

64 unused section(s) (total 217256 bytes) removed from the image.

==============================================================================

Image Symbol Table

    Local Symbols

    Symbol Name                              Value     Ov Type        Size  Object(Section)

    RESET                                    0x00000000   Section      204  startup_lpc17xx.o(RESET)
    ../clib/angel/boardlib.s                 0x00000000   Number         0  boardinit3.o ABSOLUTE
    ../clib/angel/boardlib.s                 0x00000000   Number         0  boardinit1.o ABSOLUTE
    ../clib/angel/boardlib.s                 0x00000000   Number         0  boardinit2.o ABSOLUTE
    ../clib/angel/boardlib.s                 0x00000000   Number         0  boardshut.o ABSOLUTE
    ../clib/angel/handlers.s                 0x00000000   Number         0  __scatter_copy.o ABSOLUTE
    ../clib/angel/handlers.s                 0x00000000   Number         0  __scatter_zi.o ABSOLUTE
    ../clib/angel/kernel.s                   0x00000000   Number         0  __rtentry4.o ABSOLUTE
    ../clib/angel/kernel.s                   0x00000000   Number         0  __rtentry2.o ABSOLUTE
    ../clib/angel/kernel.s                   0x00000000   Number         0  __rtentry.o ABSOLUTE
    ../clib/angel/kernel.s                   0x00000000   Number         0  rtexit2.o ABSOLUTE
    ../clib/angel/kernel.s                   0x00000000   Number         0  rtexit.o ABSOLUTE
    ../clib/angel/rt.s                       0x00000000   Number         0  rt_raise.o ABSOLUTE
    ../clib/angel/scatter.s                  0x00000000   Number         0  __scatter.o ABSOLUTE
    ../clib/angel/startup.s                  0x00000000   Number         0  __main.o ABSOLUTE
    ../clib/angel/sys.s                      0x00000000   Number         0  sys_stackheap_outer.o ABSOLUTE
    ../clib/angel/sys.s                      0x00000000   Number         0  indicate_semi.o ABSOLUTE
    ../clib/angel/sys.s                      0x00000000   Number         0  use_no_semi.o ABSOLUTE
    ../clib/angel/sys.s                      0x00000000   Number         0  libspace.o ABSOLUTE
    ../clib/angel/sysapp.c                   0x00000000   Number         0  sys_exit.o ABSOLUTE
    ../clib/angel/sysapp.c                   0x00000000   Number         0  sys_command.o ABSOLUTE
    ../clib/angel/sysapp.c                   0x00000000   Number         0  sys_wrch.o ABSOLUTE
    ../clib/armsys.c                         0x00000000   Number         0  argv_veneer.o ABSOLUTE
    ../clib/armsys.c                         0x00000000   Number         0  argv_veneer.o ABSOLUTE
    ../clib/armsys.c                         0x00000000   Number         0  _get_argv_nomalloc.o ABSOLUTE
    ../clib/armsys.c                         0x00000000   Number         0  no_argv.o ABSOLUTE
    ../clib/heapalloc.c                      0x00000000   Number         0  hrguard.o ABSOLUTE
    ../clib/heapaux.c                        0x00000000   Number         0  heapauxi.o ABSOLUTE
    ../clib/libinit.s                        0x00000000   Number         0  libinit2.o ABSOLUTE
    ../clib/libinit.s                        0x00000000   Number         0  libshutdown.o ABSOLUTE
    ../clib/libinit.s                        0x00000000   Number         0  libshutdown2.o ABSOLUTE
    ../clib/libinit.s                        0x00000000   Number         0  libinit.o ABSOLUTE
    ../clib/memcpset.s                       0x00000000   Number         0  rt_memcpy_v6.o ABSOLUTE
    ../clib/memcpset.s                       0x00000000   Number         0  rt_memcpy_w.o ABSOLUTE
    ../clib/memcpset.s                       0x00000000   Number         0  rt_memclr_w.o ABSOLUTE
    ../clib/signal.c                         0x00000000   Number         0  defsig_abrt_inner.o ABSOLUTE
    ../clib/signal.c                         0x00000000   Number         0  defsig_fpe_inner.o ABSOLUTE
    ../clib/signal.c                         0x00000000   Number         0  defsig_rtred_inner.o ABSOLUTE
    ../clib/signal.c                         0x00000000   Number         0  defsig_stak_inner.o ABSOLUTE
    ../clib/signal.c                         0x00000000   Number         0  defsig_pvfn_inner.o ABSOLUTE
    ../clib/signal.c                         0x00000000   Number         0  defsig_cppl_inner.o ABSOLUTE
    ../clib/signal.c                         0x00000000   Number         0  defsig_segv_inner.o ABSOLUTE
    ../clib/signal.c                         0x00000000   Number         0  defsig_other.o ABSOLUTE
    ../clib/signal.c                         0x00000000   Number         0  defsig_rtmem_outer.o ABSOLUTE
    ../clib/signal.c                         0x00000000   Number         0  defsig_exit.o ABSOLUTE
    ../clib/signal.c                         0x00000000   Number         0  defsig_rtmem_inner.o ABSOLUTE
    ../clib/signal.c                         0x00000000   Number         0  __raise.o ABSOLUTE
    ../clib/signal.c                         0x00000000   Number         0  defsig_general.o ABSOLUTE
    ../clib/signal.c                         0x00000000   Number         0  defsig_rtmem_formal.o ABSOLUTE
    ../clib/signal.s                         0x00000000   Number         0  defsig.o ABSOLUTE
    ../clib/stdlib.c                         0x00000000   Number         0  exit.o ABSOLUTE
    ../fplib/daddsub.s                       0x00000000   Number         0  daddsub_clz.o ABSOLUTE
    ../fplib/dcmpi.s                         0x00000000   Number         0  dcmpi.o ABSOLUTE
    ../fplib/ddiv.s                          0x00000000   Number         0  ddiv.o ABSOLUTE
    ../fplib/deqf.s                          0x00000000   Number         0  deqf.o ABSOLUTE
    ../fplib/dfixu.s                         0x00000000   Number         0  dfixu.o ABSOLUTE
    ../fplib/dflt.s                          0x00000000   Number         0  dflt_clz.o ABSOLUTE
    ../fplib/dmul.s                          0x00000000   Number         0  dmul.o ABSOLUTE
    ../fplib/dnaninf.s                       0x00000000   Number         0  dnaninf.o ABSOLUTE
    ../fplib/dretinf.s                       0x00000000   Number         0  dretinf.o ABSOLUTE
    ../fplib/fpinit.s                        0x00000000   Number         0  fpinit.o ABSOLUTE
    ../fplib/usenofp.s                       0x00000000   Number         0  usenofp.o ABSOLUTE
    ..\..\shared_libraries\security\aes.c    0x00000000   Number         0  aes.o ABSOLUTE
    ..\..\shared_libraries\security\security.c 0x00000000   Number         0  security.o ABSOLUTE
    ..\..\shared_libraries\security\sha256.c 0x00000000   Number         0  sha256.o ABSOLUTE
    CAN\Drivers\source\lpc17xx_can.c         0x00000000   Number         0  lpc17xx_can.o ABSOLUTE
    CAN\Drivers\source\lpc17xx_clkpwr.c      0x00000000   Number         0  lpc17xx_clkpwr.o ABSOLUTE
    CAN\IRQ_CAN.c                            0x00000000   Number         0  irq_can.o ABSOLUTE
    CAN\\Drivers\\source\\lpc17xx_can.c      0x00000000   Number         0  lpc17xx_can.o ABSOLUTE
    CAN\\Drivers\\source\\lpc17xx_clkpwr.c   0x00000000   Number         0  lpc17xx_clkpwr.o ABSOLUTE
    CAN\\IRQ_CAN.c                           0x00000000   Number         0  irq_can.o ABSOLUTE
    CAN\\can.c                               0x00000000   Number         0  can.o ABSOLUTE
    CAN\\highcan.c                           0x00000000   Number         0  highcan.o ABSOLUTE
    CAN\can.c                                0x00000000   Number         0  can.o ABSOLUTE
    CAN\highcan.c                            0x00000000   Number         0  highcan.o ABSOLUTE
    GLCD\AsciiLib.c                          0x00000000   Number         0  asciilib.o ABSOLUTE
    GLCD\GLCD.c                              0x00000000   Number         0  glcd.o ABSOLUTE
    GLCD\HzLib.c                             0x00000000   Number         0  hzlib.o ABSOLUTE
    GLCD\\GLCD.c                             0x00000000   Number         0  glcd.o ABSOLUTE
    RIT\IRQ_RIT.c                            0x00000000   Number         0  irq_rit.o ABSOLUTE
    RIT\\IRQ_RIT.c                           0x00000000   Number         0  irq_rit.o ABSOLUTE
    RIT\\lib_RIT.c                           0x00000000   Number         0  lib_rit.o ABSOLUTE
    RIT\lib_RIT.c                            0x00000000   Number         0  lib_rit.o ABSOLUTE
    TouchPanel\TouchPanel.c                  0x00000000   Number         0  touchpanel.o ABSOLUTE
    TouchPanel\\TouchPanel.c                 0x00000000   Number         0  touchpanel.o ABSOLUTE
    adc\IRQ_adc.c                            0x00000000   Number         0  irq_adc.o ABSOLUTE
    adc\\IRQ_adc.c                           0x00000000   Number         0  irq_adc.o ABSOLUTE
    adc\\lib_adc.c                           0x00000000   Number         0  lib_adc.o ABSOLUTE
    adc\lib_adc.c                            0x00000000   Number         0  lib_adc.o ABSOLUTE
    button_EXINT\IRQ_button.c                0x00000000   Number         0  irq_button.o ABSOLUTE
    button_EXINT\\IRQ_button.c               0x00000000   Number         0  irq_button.o ABSOLUTE
    button_EXINT\\lib_button.c               0x00000000   Number         0  lib_button.o ABSOLUTE
    button_EXINT\lib_button.c                0x00000000   Number         0  lib_button.o ABSOLUTE
    core_cm3.c                               0x00000000   Number         0  core_cm3.o ABSOLUTE
    core_cm3.c                               0x00000000   Number         0  core_cm3.o ABSOLUTE
    dc.s                                     0x00000000   Number         0  dc.o ABSOLUTE
    led\\funct_led.c                         0x00000000   Number         0  funct_led.o ABSOLUTE
    led\\lib_led.c                           0x00000000   Number         0  lib_led.o ABSOLUTE
    led\funct_led.c                          0x00000000   Number         0  funct_led.o ABSOLUTE
    led\lib_led.c                            0x00000000   Number         0  lib_led.o ABSOLUTE
    peripheral.c                             0x00000000   Number         0  peripheral.o ABSOLUTE
    peripheral.c                             0x00000000   Number         0  peripheral.o ABSOLUTE
    sample.c                                 0x00000000   Number         0  sample.o ABSOLUTE
    sample.c                                 0x00000000   Number         0  sample.o ABSOLUTE
    startup_LPC17xx.s                        0x00000000   Number         0  startup_lpc17xx.o ABSOLUTE
    system_LPC17xx.c                         0x00000000   Number         0  system_lpc17xx.o ABSOLUTE
    system_LPC17xx.c                         0x00000000   Number         0  system_lpc17xx.o ABSOLUTE
    timer\IRQ_timer.c                        0x00000000   Number         0  irq_timer.o ABSOLUTE
    timer\\IRQ_timer.c                       0x00000000   Number         0  irq_timer.o ABSOLUTE
    timer\\lib_timer.c                       0x00000000   Number         0  lib_timer.o ABSOLUTE
    timer\lib_timer.c                        0x00000000   Number         0  lib_timer.o ABSOLUTE
    !!!main                                  0x000000cc   Section        8  __main.o(!!!main)
    !!!scatter                               0x000000d4   Section       52  __scatter.o(!!!scatter)
    !!handler_copy                           0x00000108   Section       26  __scatter_copy.o(!!handler_copy)
    !!handler_zi                             0x00000124   Section       28  __scatter_zi.o(!!handler_zi)
    .ARM.Collect$$libinit$$00000000          0x00000140   Section        2  libinit.o(.ARM.Collect$$libinit$$00000000)
    .ARM.Collect$$libinit$$00000002          0x00000142   Section        0  libinit2.o(.ARM.Collect$$libinit$$00000002)
    .ARM.Collect$$libinit$$00000004          0x00000142   Section        0  libinit2.o(.ARM.Collect$$libinit$$00000004)
    .ARM.Collect$$libinit$$0000000A          0x00000142   Section        0  libinit2.o(.ARM.Collect$$libinit$$0000000A)
    .ARM.Collect$$libinit$$0000000C          0x00000142   Section        0  libinit2.o(.ARM.Collect$$libinit$$0000000C)
    .ARM.Collect$$libinit$$0000000E          0x00000142   Section        0  libinit2.o(.ARM.Collect$$libinit$$0000000E)
    .ARM.Collect$$libinit$$00000011          0x00000142   Section        0  libinit2.o(.ARM.Collect$$libinit$$00000011)
    .ARM.Collect$$libinit$$00000013          0x00000142   Section        0  libinit2.o(.ARM.Collect$$libinit$$00000013)
    .ARM.Collect$$libinit$$00000015          0x00000142   Section        0  libinit2.o(.ARM.Collect$$libinit$$00000015)
    .ARM.Collect$$libinit$$00000017          0x00000142   Section        0  libinit2.o(.ARM.Collect$$libinit$$00000017)
    .ARM.Collect$$libinit$$00000019          0x00000142   Section        0  libinit2.o(.ARM.Collect$$libinit$$00000019)
    .ARM.Collect$$libinit$$0000001B          0x00000142   Section        0  libinit2.o(.ARM.Collect$$libinit$$0000001B)
    .ARM.Collect$$libinit$$0000001D          0x00000142   Section        0  libinit2.o(.ARM.Collect$$libinit$$0000001D)
    .ARM.Collect$$libinit$$0000001F          0x00000142   Section        0  libinit2.o(.ARM.Collect$$libinit$$0000001F)
    .ARM.Collect$$libinit$$00000021          0x00000142   Section        0  libinit2.o(.ARM.Collect$$libinit$$00000021)
    .ARM.Collect$$libinit$$00000023          0x00000142   Section        0  libinit2.o(.ARM.Collect$$libinit$$00000023)
    .ARM.Collect$$libinit$$00000025          0x00000142   Section        0  libinit2.o(.ARM.Collect$$libinit$$00000025)
    .ARM.Collect$$libinit$$0000002C          0x00000142   Section        0  libinit2.o(.ARM.Collect$$libinit$$0000002C)
    .ARM.Collect$$libinit$$0000002E          0x00000142   Section        0  libinit2.o(.ARM.Collect$$libinit$$0000002E)
    .ARM.Collect$$libinit$$00000030          0x00000142   Section        0  libinit2.o(.ARM.Collect$$libinit$$00000030)
    .ARM.Collect$$libinit$$00000032          0x00000142   Section        0  libinit2.o(.ARM.Collect$$libinit$$00000032)
    .ARM.Collect$$libinit$$00000033          0x00000142   Section        2  libinit2.o(.ARM.Collect$$libinit$$00000033)
    .ARM.Collect$$libshutdown$$00000000      0x00000144   Section        2  libshutdown.o(.ARM.Collect$$libshutdown$$00000000)
    .ARM.Collect$$libshutdown$$00000002      0x00000146   Section        0  libshutdown2.o(.ARM.Collect$$libshutdown$$00000002)
    .ARM.Collect$$libshutdown$$00000004      0x00000146   Section        0  libshutdown2.o(.ARM.Collect$$libshutdown$$00000004)
    .ARM.Collect$$libshutdown$$00000006      0x00000146   Section        0  libshutdown2.o(.ARM.Collect$$libshutdown$$00000006)
    .ARM.Collect$$libshutdown$$00000009      0x00000146   Section        0  libshutdown2.o(.ARM.Collect$$libshutdown$$00000009)
    .ARM.Collect$$libshutdown$$0000000C      0x00000146   Section        0  libshutdown2.o(.ARM.Collect$$libshutdown$$0000000C)
    .ARM.Collect$$libshutdown$$0000000E      0x00000146   Section        0  libshutdown2.o(.ARM.Collect$$libshutdown$$0000000E)
    .ARM.Collect$$libshutdown$$00000011      0x00000146   Section        0  libshutdown2.o(.ARM.Collect$$libshutdown$$00000011)
    .ARM.Collect$$libshutdown$$00000012      0x00000146   Section        2  libshutdown2.o(.ARM.Collect$$libshutdown$$00000012)
    .ARM.Collect$$rtentry$$00000000          0x00000148   Section        0  __rtentry.o(.ARM.Collect$$rtentry$$00000000)
    .ARM.Collect$$rtentry$$00000002          0x00000148   Section        0  __rtentry2.o(.ARM.Collect$$rtentry$$00000002)
    .ARM.Collect$$rtentry$$00000004          0x00000148   Section        6  __rtentry4.o(.ARM.Collect$$rtentry$$00000004)
    .ARM.Collect$$rtentry$$00000009          0x0000014e   Section        0  __rtentry2.o(.ARM.Collect$$rtentry$$00000009)
    .ARM.Collect$$rtentry$$0000000A          0x0000014e   Section        4  __rtentry2.o(.ARM.Collect$$rtentry$$0000000A)
    .ARM.Collect$$rtentry$$0000000C          0x00000152   Section        0  __rtentry2.o(.ARM.Collect$$rtentry$$0000000C)
    .ARM.Collect$$rtentry$$0000000D          0x00000152   Section        8  __rtentry2.o(.ARM.Collect$$rtentry$$0000000D)
    .ARM.Collect$$rtexit$$00000000           0x0000015a   Section        2  rtexit.o(.ARM.Collect$$rtexit$$00000000)
    .ARM.Collect$$rtexit$$00000002           0x0000015c   Section        0  rtexit2.o(.ARM.Collect$$rtexit$$00000002)
    .ARM.Collect$$rtexit$$00000003           0x0000015c   Section        4  rtexit2.o(.ARM.Collect$$rtexit$$00000003)
    .ARM.Collect$$rtexit$$00000004           0x00000160   Section        6  rtexit2.o(.ARM.Collect$$rtexit$$00000004)
    .text                                    0x00000168   Section       52  startup_lpc17xx.o(.text)
    .text                                    0x0000019c   Section        0  sample.o(.text)
    __NVIC_SetPriority                       0x0000019d   Thumb Code    32  sample.o(.text)
    .ARM.__at_0x02FC                         0x000002fc   Section        4  startup_lpc17xx.o(.ARM.__at_0x02FC)
    .text                                    0x00000300   Section        0  system_lpc17xx.o(.text)
    .text                                    0x00000580   Section        0  funct_led.o(.text)
    .text                                    0x000005ec   Section        0  lib_led.o(.text)
    .text                                    0x0000062c   Section        0  irq_button.o(.text)
    __NVIC_DisableIRQ                        0x0000062d   Thumb Code    30  irq_button.o(.text)
    .text                                    0x000006e4   Section        0  lib_button.o(.text)
    __NVIC_EnableIRQ                         0x000006e5   Thumb Code    34  lib_button.o(.text)
    __NVIC_SetPriority                       0x00000707   Thumb Code    32  lib_button.o(.text)
    .text                                    0x000007b8   Section        0  irq_rit.o(.text)
    __NVIC_EnableIRQ                         0x000007b9   Thumb Code    34  irq_rit.o(.text)
    .text                                    0x000009a0   Section        0  lib_rit.o(.text)
    .text                                    0x00000a34   Section        0  irq_adc.o(.text)
    .text                                    0x00000b1c   Section        0  lib_adc.o(.text)
    .text                                    0x00000bac   Section        0  asciilib.o(.text)
    .text                                    0x00000bcc   Section        0  glcd.o(.text)
    LCD_Configuration                        0x00000bcd   Thumb Code    20  glcd.o(.text)
    wait_delay                               0x00000be1   Thumb Code    12  glcd.o(.text)
    LCD_SetCursor                            0x00000bed   Thumb Code  1356  glcd.o(.text)
    delay_ms                                 0x00001139   Thumb Code    30  glcd.o(.text)
    LCD_BGR2RGB                              0x00004635   Thumb Code    26  glcd.o(.text)
    .text                                    0x00004d14   Section        0  touchpanel.o(.text)
    ADS7843_SPI_Init                         0x00004d25   Thumb Code   128  touchpanel.o(.text)
    DelayUS                                  0x00004dc3   Thumb Code    28  touchpanel.o(.text)
    WR_CMD                                   0x00004ddf   Thumb Code    56  touchpanel.o(.text)
    RD_AD                                    0x00004e17   Thumb Code    44  touchpanel.o(.text)
    .text                                    0x00005554   Section        0  peripheral.o(.text)
    .text                                    0x00005644   Section        0  can.o(.text)
    .text                                    0x00005798   Section        0  highcan.o(.text)
    putMessageInBuffer                       0x00005b69   Thumb Code   196  highcan.o(.text)
    .text                                    0x00005d80   Section        0  irq_can.o(.text)
    .text                                    0x00005fc8   Section        0  lpc17xx_can.o(.text)
    can_SetBaudrate                          0x00005fcb   Thumb Code   178  lpc17xx_can.o(.text)
    .text                                    0x00007dac   Section        0  lpc17xx_clkpwr.o(.text)
    .text                                    0x00007eec   Section        0  aes.o(.text)
    KeyExpansion                             0x00007eed   Thumb Code   282  aes.o(.text)
    AddRoundKey                              0x00008049   Thumb Code    56  aes.o(.text)
    SubBytes                                 0x00008081   Thumb Code    46  aes.o(.text)
    ShiftRows                                0x000080af   Thumb Code    50  aes.o(.text)
    xtime                                    0x000080e1   Thumb Code    20  aes.o(.text)
    MixColumns                               0x000080f5   Thumb Code   212  aes.o(.text)
    Cipher                                   0x000081c9   Thumb Code    76  aes.o(.text)
    .text                                    0x00008290   Section        0  security.o(.text)
    .text                                    0x00008358   Section        0  sha256.o(.text)
    .text                                    0x00008758   Section        0  irq_timer.o(.text)
    .text                                    0x00008798   Section      138  rt_memcpy_v6.o(.text)
    .text                                    0x00008822   Section       78  rt_memclr_w.o(.text)
    .text                                    0x00008870   Section        0  heapauxi.o(.text)
    .text                                    0x00008876   Section      100  rt_memcpy_w.o(.text)
    .text                                    0x000088da   Section       74  sys_stackheap_outer.o(.text)
    .text                                    0x00008924   Section        0  exit.o(.text)
    .text                                    0x00008938   Section        8  libspace.o(.text)
    .text                                    0x00008940   Section        0  sys_exit.o(.text)
    .text                                    0x0000894c   Section        2  use_no_semi.o(.text)
    .text                                    0x0000894e   Section        0  indicate_semi.o(.text)
    i.CAN_allTXok                            0x0000894e   Section        0  can.o(i.CAN_allTXok)
    i.CAN_internalPrioMode                   0x00008958   Section        0  can.o(i.CAN_internalPrioMode)
    i.hCAN_arbitrationLost                   0x000089d8   Section        0  highcan.o(i.hCAN_arbitrationLost)
    x$fpl$dadd                               0x00008a08   Section      336  daddsub_clz.o(x$fpl$dadd)
    _dadd1                                   0x00008a19   Thumb Code     0  daddsub_clz.o(x$fpl$dadd)
    x$fpl$dcmpinf                            0x00008b58   Section       24  dcmpi.o(x$fpl$dcmpinf)
    x$fpl$ddiv                               0x00008b70   Section      688  ddiv.o(x$fpl$ddiv)
    ddiv_entry                               0x00008b77   Thumb Code     0  ddiv.o(x$fpl$ddiv)
    x$fpl$deqf                               0x00008e20   Section      120  deqf.o(x$fpl$deqf)
    x$fpl$dfixu                              0x00008e98   Section       90  dfixu.o(x$fpl$dfixu)
    x$fpl$dflt                               0x00008ef2   Section       46  dflt_clz.o(x$fpl$dflt)
    x$fpl$dfltu                              0x00008f20   Section       38  dflt_clz.o(x$fpl$dfltu)
    x$fpl$dmul                               0x00008f48   Section      340  dmul.o(x$fpl$dmul)
    x$fpl$dnaninf                            0x0000909c   Section      156  dnaninf.o(x$fpl$dnaninf)
    x$fpl$dretinf                            0x00009138   Section       12  dretinf.o(x$fpl$dretinf)
    x$fpl$dsub                               0x00009144   Section      468  daddsub_clz.o(x$fpl$dsub)
    _dsub1                                   0x00009155   Thumb Code     0  daddsub_clz.o(x$fpl$dsub)
    .constdata                               0x00009318   Section       32  funct_led.o(.constdata)
    x$fpl$usenofp                            0x00009318   Section        0  usenofp.o(x$fpl$usenofp)
    .constdata                               0x00009338   Section     1520  asciilib.o(.constdata)
    AsciiLib                                 0x00009338   Data        1520  asciilib.o(.constdata)
    .constdata                               0x00009928   Section      267  aes.o(.constdata)
    sbox                                     0x00009928   Data         256  aes.o(.constdata)
    Rcon                                     0x00009a28   Data          11  aes.o(.constdata)
    .constdata                               0x00009a34   Section      256  sha256.o(.constdata)
    k                                        0x00009a34   Data         256  sha256.o(.constdata)
    STACK                                    0x10000000   Section    16384  startup_lpc17xx.o(STACK)
    Stack_Mem                                0x10000000   Data       16384  startup_lpc17xx.o(STACK)
    __initial_sp                             0x10004000   Data           0  startup_lpc17xx.o(STACK)
    .data                                    0x2007c000   Section       32  sample.o(.data)
    .data                                    0x2007c020   Section        4  system_lpc17xx.o(.data)
    .data                                    0x2007c024   Section        1  lib_led.o(.data)
    .data                                    0x2007c028   Section       12  irq_rit.o(.data)
    .data                                    0x2007c034   Section       20  irq_adc.o(.data)
    .data                                    0x2007c048   Section        1  glcd.o(.data)
    LCD_Code                                 0x2007c048   Data           1  glcd.o(.data)
    .data                                    0x2007c04a   Section       20  touchpanel.o(.data)
    screen                                   0x2007c05a   Data           4  touchpanel.o(.data)
    .data                                    0x2007c060   Section       24  peripheral.o(.data)
    .data                                    0x2007c078   Section        8  can.o(.data)
    CAN_state                                0x2007c078   Data           1  can.o(.data)
    counter                                  0x2007c079   Data           2  can.o(.data)
    tableLen                                 0x2007c07c   Data           4  can.o(.data)
    .data                                    0x2007c080   Section       56  highcan.o(.data)
    ID                                       0x2007c080   Data           8  highcan.o(.data)
    busBlocked                               0x2007c088   Data           8  highcan.o(.data)
    hCAN_AfEntry                             0x2007c098   Data           8  highcan.o(.data)
    recStatus                                0x2007c0ac   Data           1  highcan.o(.data)
    recNext                                  0x2007c0b0   Data           4  highcan.o(.data)
    buffIndex                                0x2007c0b4   Data           4  highcan.o(.data)
    .data                                    0x2007c0b8   Section       12  lpc17xx_can.o(.data)
    .bss                                     0x2007c0c4   Section      864  sample.o(.bss)
    .bss                                     0x2007c428   Section       68  touchpanel.o(.bss)
    .bss                                     0x2007c46c   Section      200  highcan.o(.bss)
    .bss                                     0x2007c534   Section       96  irq_can.o(.bss)
    keyDgst                                  0x2007c534   Data          32  irq_can.o(.bss)
    ivDgst                                   0x2007c554   Data          32  irq_can.o(.bss)
    newKey                                   0x2007c574   Data          16  irq_can.o(.bss)
    newIv                                    0x2007c584   Data          16  irq_can.o(.bss)
    .bss                                     0x2007c594   Section       96  libspace.o(.bss)
    HEAP                                     0x2007c5f8   Section        0  startup_lpc17xx.o(HEAP)
    Heap_Mem                                 0x2007c5f8   Data           0  startup_lpc17xx.o(HEAP)

    Global Symbols

    Symbol Name                              Value     Ov Type        Size  Object(Section)

    BuildAttributes$$THM_ISAv4$P$D$K$B$S$PE$A:L22UL41UL21$X:L11$S22US41US21$IEEE1$IW$USESV6$~STKCKD$USESV7$~SHL$OSPACE$ROPI$EBA8$UX$STANDARDLIB$REQ8$PRES8$EABIv2 0x00000000   Number         0  anon$$obj.o ABSOLUTE
    __ARM_use_no_argv                        0x00000000   Number         0  sample.o ABSOLUTE
    __Vectors                                0x00000000   Data           4  startup_lpc17xx.o(RESET)
    __ARM_exceptions_init                     - Undefined Weak Reference
    __alloca_initialize                       - Undefined Weak Reference
    __arm_fini_                               - Undefined Weak Reference
    __arm_preinit_                            - Undefined Weak Reference
    __cpp_initialize__aeabi_                  - Undefined Weak Reference
    __cxa_finalize                            - Undefined Weak Reference
    __rt_locale                               - Undefined Weak Reference
    __sigvec_lookup                           - Undefined Weak Reference
    _atexit_init                              - Undefined Weak Reference
    _call_atexit_fns                          - Undefined Weak Reference
    _clock_init                               - Undefined Weak Reference
    _fp_trap_init                             - Undefined Weak Reference
    _fp_trap_shutdown                         - Undefined Weak Reference
    _get_lc_collate                           - Undefined Weak Reference
    _get_lc_ctype                             - Undefined Weak Reference
    _get_lc_monetary                          - Undefined Weak Reference
    _get_lc_numeric                           - Undefined Weak Reference
    _get_lc_time                              - Undefined Weak Reference
    _getenv_init                              - Undefined Weak Reference
    _handle_redirection                       - Undefined Weak Reference
    _init_alloc                               - Undefined Weak Reference
    _init_user_alloc                          - Undefined Weak Reference
    _initio                                   - Undefined Weak Reference
    _rand_init                                - Undefined Weak Reference
    _signal_finish                            - Undefined Weak Reference
    _signal_init                              - Undefined Weak Reference
    _terminate_alloc                          - Undefined Weak Reference
    _terminate_user_alloc                     - Undefined Weak Reference
    _terminateio                              - Undefined Weak Reference
    __main                                   0x000000cd   Thumb Code     8  __main.o(!!!main)
    __scatterload                            0x000000d5   Thumb Code     0  __scatter.o(!!!scatter)
    __scatterload_rt2                        0x000000d5   Thumb Code    44  __scatter.o(!!!scatter)
    __scatterload_rt2_thumb_only             0x000000d5   Thumb Code     0  __scatter.o(!!!scatter)
    __scatterload_null                       0x000000e3   Thumb Code     0  __scatter.o(!!!scatter)
    __scatterload_copy                       0x00000109   Thumb Code    26  __scatter_copy.o(!!handler_copy)
    __scatterload_zeroinit                   0x00000125   Thumb Code    28  __scatter_zi.o(!!handler_zi)
    __rt_lib_init                            0x00000141   Thumb Code     0  libinit.o(.ARM.Collect$$libinit$$00000000)
    __rt_lib_init_alloca_1                   0x00000143   Thumb Code     0  libinit2.o(.ARM.Collect$$libinit$$0000002E)
    __rt_lib_init_argv_1                     0x00000143   Thumb Code     0  libinit2.o(.ARM.Collect$$libinit$$0000002C)
    __rt_lib_init_atexit_1                   0x00000143   Thumb Code     0  libinit2.o(.ARM.Collect$$libinit$$0000001B)
    __rt_lib_init_clock_1                    0x00000143   Thumb Code     0  libinit2.o(.ARM.Collect$$libinit$$00000021)
    __rt_lib_init_cpp_1                      0x00000143   Thumb Code     0  libinit2.o(.ARM.Collect$$libinit$$00000032)
    __rt_lib_init_exceptions_1               0x00000143   Thumb Code     0  libinit2.o(.ARM.Collect$$libinit$$00000030)
    __rt_lib_init_fp_1                       0x00000143   Thumb Code     0  libinit2.o(.ARM.Collect$$libinit$$00000002)
    __rt_lib_init_fp_trap_1                  0x00000143   Thumb Code     0  libinit2.o(.ARM.Collect$$libinit$$0000001F)
    __rt_lib_init_getenv_1                   0x00000143   Thumb Code     0  libinit2.o(.ARM.Collect$$libinit$$00000023)
    __rt_lib_init_heap_1                     0x00000143   Thumb Code     0  libinit2.o(.ARM.Collect$$libinit$$0000000A)
    __rt_lib_init_lc_collate_1               0x00000143   Thumb Code     0  libinit2.o(.ARM.Collect$$libinit$$00000011)
    __rt_lib_init_lc_ctype_1                 0x00000143   Thumb Code     0  libinit2.o(.ARM.Collect$$libinit$$00000013)
    __rt_lib_init_lc_monetary_1              0x00000143   Thumb Code     0  libinit2.o(.ARM.Collect$$libinit$$00000015)
    __rt_lib_init_lc_numeric_1               0x00000143   Thumb Code     0  libinit2.o(.ARM.Collect$$libinit$$00000017)
    __rt_lib_init_lc_time_1                  0x00000143   Thumb Code     0  libinit2.o(.ARM.Collect$$libinit$$00000019)
    __rt_lib_init_preinit_1                  0x00000143   Thumb Code     0  libinit2.o(.ARM.Collect$$libinit$$00000004)
    __rt_lib_init_rand_1                     0x00000143   Thumb Code     0  libinit2.o(.ARM.Collect$$libinit$$0000000E)
    __rt_lib_init_return                     0x00000143   Thumb Code     0  libinit2.o(.ARM.Collect$$libinit$$00000033)
    __rt_lib_init_signal_1                   0x00000143   Thumb Code     0  libinit2.o(.ARM.Collect$$libinit$$0000001D)
    __rt_lib_init_stdio_1                    0x00000143   Thumb Code     0  libinit2.o(.ARM.Collect$$libinit$$00000025)
    __rt_lib_init_user_alloc_1               0x00000143   Thumb Code     0  libinit2.o(.ARM.Collect$$libinit$$0000000C)
    __rt_lib_shutdown                        0x00000145   Thumb Code     0  libshutdown.o(.ARM.Collect$$libshutdown$$00000000)
    __rt_lib_shutdown_cpp_1                  0x00000147   Thumb Code     0  libshutdown2.o(.ARM.Collect$$libshutdown$$00000004)
    __rt_lib_shutdown_fini_1                 0x00000147   Thumb Code     0  libshutdown2.o(.ARM.Collect$$libshutdown$$00000002)
    __rt_lib_shutdown_fp_trap_1              0x00000147   Thumb Code     0  libshutdown2.o(.ARM.Collect$$libshutdown$$00000009)
    __rt_lib_shutdown_heap_1                 0x00000147   Thumb Code     0  libshutdown2.o(.ARM.Collect$$libshutdown$$00000011)
    __rt_lib_shutdown_return                 0x00000147   Thumb Code     0  libshutdown2.o(.ARM.Collect$$libshutdown$$00000012)
    __rt_lib_shutdown_signal_1               0x00000147   Thumb Code     0  libshutdown2.o(.ARM.Collect$$libshutdown$$0000000C)
    __rt_lib_shutdown_stdio_1                0x00000147   Thumb Code     0  libshutdown2.o(.ARM.Collect$$libshutdown$$00000006)
    __rt_lib_shutdown_user_alloc_1           0x00000147   Thumb Code     0  libshutdown2.o(.ARM.Collect$$libshutdown$$0000000E)
    __rt_entry                               0x00000149   Thumb Code     0  __rtentry.o(.ARM.Collect$$rtentry$$00000000)
    __rt_entry_presh_1                       0x00000149   Thumb Code     0  __rtentry2.o(.ARM.Collect$$rtentry$$00000002)
    __rt_entry_sh                            0x00000149   Thumb Code     0  __rtentry4.o(.ARM.Collect$$rtentry$$00000004)
    __rt_entry_li                            0x0000014f   Thumb Code     0  __rtentry2.o(.ARM.Collect$$rtentry$$0000000A)
    __rt_entry_postsh_1                      0x0000014f   Thumb Code     0  __rtentry2.o(.ARM.Collect$$rtentry$$00000009)
    __rt_entry_main                          0x00000153   Thumb Code     0  __rtentry2.o(.ARM.Collect$$rtentry$$0000000D)
    __rt_entry_postli_1                      0x00000153   Thumb Code     0  __rtentry2.o(.ARM.Collect$$rtentry$$0000000C)
    __rt_exit                                0x0000015b   Thumb Code     0  rtexit.o(.ARM.Collect$$rtexit$$00000000)
    __rt_exit_ls                             0x0000015d   Thumb Code     0  rtexit2.o(.ARM.Collect$$rtexit$$00000003)
    __rt_exit_prels_1                        0x0000015d   Thumb Code     0  rtexit2.o(.ARM.Collect$$rtexit$$00000002)
    __rt_exit_exit                           0x00000161   Thumb Code     0  rtexit2.o(.ARM.Collect$$rtexit$$00000004)
    Reset_Handler                            0x00000169   Thumb Code     4  startup_lpc17xx.o(.text)
    NMI_Handler                              0x0000016d   Thumb Code     2  startup_lpc17xx.o(.text)
    HardFault_Handler                        0x0000016f   Thumb Code     2  startup_lpc17xx.o(.text)
    MemManage_Handler                        0x00000171   Thumb Code     2  startup_lpc17xx.o(.text)
    BusFault_Handler                         0x00000173   Thumb Code     2  startup_lpc17xx.o(.text)
    UsageFault_Handler                       0x00000175   Thumb Code     2  startup_lpc17xx.o(.text)
    SVC_Handler                              0x00000177   Thumb Code     2  startup_lpc17xx.o(.text)
    DebugMon_Handler                         0x00000179   Thumb Code     2  startup_lpc17xx.o(.text)
    PendSV_Handler                           0x0000017b   Thumb Code     2  startup_lpc17xx.o(.text)
    SysTick_Handler                          0x0000017d   Thumb Code     2  startup_lpc17xx.o(.text)
    BOD_IRQHandler                           0x0000017f   Thumb Code     0  startup_lpc17xx.o(.text)
    CANActivity_IRQHandler                   0x0000017f   Thumb Code     0  startup_lpc17xx.o(.text)
    DMA_IRQHandler                           0x0000017f   Thumb Code     0  startup_lpc17xx.o(.text)
    EINT3_IRQHandler                         0x0000017f   Thumb Code     0  startup_lpc17xx.o(.text)
    ENET_IRQHandler                          0x0000017f   Thumb Code     0  startup_lpc17xx.o(.text)
    I2C0_IRQHandler                          0x0000017f   Thumb Code     0  startup_lpc17xx.o(.text)
    I2C1_IRQHandler                          0x0000017f   Thumb Code     0  startup_lpc17xx.o(.text)
    I2C2_IRQHandler                          0x0000017f   Thumb Code     0  startup_lpc17xx.o(.text)
    I2S_IRQHandler                           0x0000017f   Thumb Code     0  startup_lpc17xx.o(.text)
    MCPWM_IRQHandler                         0x0000017f   Thumb Code     0  startup_lpc17xx.o(.text)
    PLL0_IRQHandler                          0x0000017f   Thumb Code     0  startup_lpc17xx.o(.text)
    PLL1_IRQHandler                          0x0000017f   Thumb Code     0  startup_lpc17xx.o(.text)
    PWM1_IRQHandler                          0x0000017f   Thumb Code     0  startup_lpc17xx.o(.text)
    QEI_IRQHandler                           0x0000017f   Thumb Code     0  startup_lpc17xx.o(.text)
    RTC_IRQHandler                           0x0000017f   Thumb Code     0  startup_lpc17xx.o(.text)
    SPI_IRQHandler                           0x0000017f   Thumb Code     0  startup_lpc17xx.o(.text)
    SSP0_IRQHandler                          0x0000017f   Thumb Code     0  startup_lpc17xx.o(.text)
    SSP1_IRQHandler                          0x0000017f   Thumb Code     0  startup_lpc17xx.o(.text)
    UART0_IRQHandler                         0x0000017f   Thumb Code     0  startup_lpc17xx.o(.text)
    UART1_IRQHandler                         0x0000017f   Thumb Code     0  startup_lpc17xx.o(.text)
    UART2_IRQHandler                         0x0000017f   Thumb Code     0  startup_lpc17xx.o(.text)
    UART3_IRQHandler                         0x0000017f   Thumb Code     0  startup_lpc17xx.o(.text)
    USBActivity_IRQHandler                   0x0000017f   Thumb Code     0  startup_lpc17xx.o(.text)
    USB_IRQHandler                           0x0000017f   Thumb Code     0  startup_lpc17xx.o(.text)
    WDT_IRQHandler                           0x0000017f   Thumb Code     0  startup_lpc17xx.o(.text)
    __user_initial_stackheap                 0x00000181   Thumb Code     0  startup_lpc17xx.o(.text)
    main                                     0x000001bd   Thumb Code   262  sample.o(.text)
    SystemCoreClockUpdate                    0x00000301   Thumb Code   300  system_lpc17xx.o(.text)
    SystemInit                               0x0000042d   Thumb Code   308  system_lpc17xx.o(.text)
    LED_On                                   0x00000581   Thumb Code    26  funct_led.o(.text)
    LED_Off                                  0x0000059b   Thumb Code    26  funct_led.o(.text)
    LED_Out                                  0x000005b5   Thumb Code    42  funct_led.o(.text)
    LED_init                                 0x000005ed   Thumb Code    36  lib_led.o(.text)
    LED_deinit                               0x00000611   Thumb Code    14  lib_led.o(.text)
    EINT0_IRQHandler                         0x0000064b   Thumb Code    42  irq_button.o(.text)
    EINT1_IRQHandler                         0x00000675   Thumb Code    42  irq_button.o(.text)
    EINT2_IRQHandler                         0x0000069f   Thumb Code    42  irq_button.o(.text)
    BUTTON_init                              0x00000727   Thumb Code   124  lib_button.o(.text)
    RIT_IRQHandler                           0x000007db   Thumb Code   392  irq_rit.o(.text)
    enable_RIT                               0x000009a1   Thumb Code    14  lib_rit.o(.text)
    disable_RIT                              0x000009af   Thumb Code    14  lib_rit.o(.text)
    reset_RIT                                0x000009bd   Thumb Code     8  lib_rit.o(.text)
    init_RIT                                 0x000009c5   Thumb Code    98  lib_rit.o(.text)
    ADC_IRQHandler                           0x00000a35   Thumb Code   196  irq_adc.o(.text)
    ADC_init                                 0x00000b1d   Thumb Code   110  lib_adc.o(.text)
    ADC_start_conversion                     0x00000b8b   Thumb Code    14  lib_adc.o(.text)
    GetASCIICode                             0x00000bad   Thumb Code    26  asciilib.o(.text)
    LCD_Initialization                       0x00001157   Thumb Code 12014  glcd.o(.text)
    LCD_Clear                                0x00004045   Thumb Code  1520  glcd.o(.text)
    LCD_GetPoint                             0x0000464f   Thumb Code   994  glcd.o(.text)
    LCD_SetPoint                             0x00004a31   Thumb Code   206  glcd.o(.text)
    LCD_DrawLine                             0x00004aff   Thumb Code   250  glcd.o(.text)
    PutChar                                  0x00004bf9   Thumb Code   100  glcd.o(.text)
    GUI_Text                                 0x00004c5d   Thumb Code    80  glcd.o(.text)
    fillRectangle                            0x00004cad   Thumb Code   102  glcd.o(.text)
    LPC17xx_SPI_SetSpeed                     0x00004d15   Thumb Code    16  touchpanel.o(.text)
    TP_Init                                  0x00004da5   Thumb Code    30  touchpanel.o(.text)
    Read_X                                   0x00004e43   Thumb Code    42  touchpanel.o(.text)
    Read_Y                                   0x00004e6d   Thumb Code    42  touchpanel.o(.text)
    TP_GetAdXY                               0x00004e97   Thumb Code    34  touchpanel.o(.text)
    TP_DrawPoint                             0x00004eb9   Thumb Code    64  touchpanel.o(.text)
    DrawCross                                0x00004ef9   Thumb Code   356  touchpanel.o(.text)
    Read_Ads7846                             0x0000505d   Thumb Code   518  touchpanel.o(.text)
    setCalibrationMatrix                     0x00005263   Thumb Code   356  touchpanel.o(.text)
    getDisplayPoint                          0x000053c7   Thumb Code   238  touchpanel.o(.text)
    TouchPanel_Calibrate                     0x000054b5   Thumb Code   160  touchpanel.o(.text)
    steeringHandler                          0x00005555   Thumb Code     2  peripheral.o(.text)
    brakeHandler                             0x00005557   Thumb Code   112  peripheral.o(.text)
    gasHandler                               0x000055c7   Thumb Code   112  peripheral.o(.text)
    CAN_bufferFrame                          0x00005645   Thumb Code   130  can.o(.text)
    CAN_sendFrames                           0x000056c7   Thumb Code    62  can.o(.text)
    CAN_AF_loadSTDRangelEntry                0x00005705   Thumb Code    92  can.o(.text)
    CAN_AF_disableEntry                      0x00005761   Thumb Code    40  can.o(.text)
    hCAN_init                                0x00005799   Thumb Code   194  highcan.o(.text)
    hCAN_setID                               0x0000585b   Thumb Code     8  highcan.o(.text)
    hCAN_sendMessage                         0x00005863   Thumb Code   774  highcan.o(.text)
    hCAN_receiveMessage                      0x00005c2d   Thumb Code   300  highcan.o(.text)
    IRQ_CAN                                  0x00005d81   Thumb Code   414  irq_can.o(.text)
    CAN_IRQHandler                           0x00005f1f   Thumb Code    28  irq_can.o(.text)
    check_failed                             0x00005fc9   Thumb Code     2  lpc17xx_can.o(.text)
    CAN_Init                                 0x0000607d   Thumb Code   176  lpc17xx_can.o(.text)
    CAN_DeInit                               0x0000612d   Thumb Code    56  lpc17xx_can.o(.text)
    CAN_SetupAFLUT                           0x00006165   Thumb Code  1700  lpc17xx_can.o(.text)
    CAN_LoadExplicitEntry                    0x00006809   Thumb Code   840  lpc17xx_can.o(.text)
    CAN_LoadFullCANEntry                     0x00006b51   Thumb Code   826  lpc17xx_can.o(.text)
    CAN_LoadGroupEntry                       0x00006e8b   Thumb Code   816  lpc17xx_can.o(.text)
    CAN_RemoveEntry                          0x000071bb   Thumb Code  1220  lpc17xx_can.o(.text)
    CAN_SendMsg                              0x0000767f   Thumb Code   576  lpc17xx_can.o(.text)
    CAN_ReceiveMsg                           0x000078bf   Thumb Code   124  lpc17xx_can.o(.text)
    FCAN_ReadObj                             0x0000793b   Thumb Code   210  lpc17xx_can.o(.text)
    CAN_GetCTRLStatus                        0x00007a0d   Thumb Code    84  lpc17xx_can.o(.text)
    CAN_GetCRStatus                          0x00007a61   Thumb Code    66  lpc17xx_can.o(.text)
    CAN_IRQCmd                               0x00007aa3   Thumb Code   170  lpc17xx_can.o(.text)
    CAN_SetAFMode                            0x00007b4d   Thumb Code    94  lpc17xx_can.o(.text)
    CAN_ModeConfig                           0x00007bab   Thumb Code   340  lpc17xx_can.o(.text)
    CAN_SetCommand                           0x00007cff   Thumb Code    38  lpc17xx_can.o(.text)
    CAN_IntGetStatus                         0x00007d25   Thumb Code    32  lpc17xx_can.o(.text)
    CAN_FullCANIntGetStatus                  0x00007d45   Thumb Code    34  lpc17xx_can.o(.text)
    CAN_FullCANPendGetStatus                 0x00007d67   Thumb Code    52  lpc17xx_can.o(.text)
    CLKPWR_SetPCLKDiv                        0x00007dad   Thumb Code    94  lpc17xx_clkpwr.o(.text)
    CLKPWR_GetPCLKSEL                        0x00007e0b   Thumb Code    34  lpc17xx_clkpwr.o(.text)
    CLKPWR_GetPCLK                           0x00007e2d   Thumb Code    58  lpc17xx_clkpwr.o(.text)
    CLKPWR_ConfigPPWR                        0x00007e67   Thumb Code    46  lpc17xx_clkpwr.o(.text)
    CLKPWR_Sleep                             0x00007e95   Thumb Code    12  lpc17xx_clkpwr.o(.text)
    CLKPWR_DeepSleep                         0x00007ea1   Thumb Code    18  lpc17xx_clkpwr.o(.text)
    CLKPWR_PowerDown                         0x00007eb3   Thumb Code    18  lpc17xx_clkpwr.o(.text)
    CLKPWR_DeepPowerDown                     0x00007ec5   Thumb Code    18  lpc17xx_clkpwr.o(.text)
    AES_init_ctx                             0x00008007   Thumb Code    16  aes.o(.text)
    AES_init_ctx_iv                          0x00008017   Thumb Code    30  aes.o(.text)
    AES_ctx_set_iv                           0x00008035   Thumb Code    20  aes.o(.text)
    AES_CTR_xcrypt_buffer                    0x00008215   Thumb Code   114  aes.o(.text)
    digest                                   0x00008291   Thumb Code    96  security.o(.text)
    verify_digest                            0x000082f1   Thumb Code    50  security.o(.text)
    AES                                      0x00008323   Thumb Code    20  security.o(.text)
    AES_init                                 0x00008337   Thumb Code    34  security.o(.text)
    sha256_transform                         0x00008359   Thumb Code   558  sha256.o(.text)
    sha256_init                              0x00008587   Thumb Code    44  sha256.o(.text)
    sha256_update                            0x000085b3   Thumb Code    68  sha256.o(.text)
    sha256_final                             0x000085f7   Thumb Code   316  sha256.o(.text)
    TIMER0_IRQHandler                        0x00008759   Thumb Code    10  irq_timer.o(.text)
    TIMER1_IRQHandler                        0x00008763   Thumb Code     8  irq_timer.o(.text)
    TIMER2_IRQHandler                        0x0000876b   Thumb Code    20  irq_timer.o(.text)
    TIMER3_IRQHandler                        0x0000877f   Thumb Code     8  irq_timer.o(.text)
    __aeabi_memcpy                           0x00008799   Thumb Code     0  rt_memcpy_v6.o(.text)
    __rt_memcpy                              0x00008799   Thumb Code   138  rt_memcpy_v6.o(.text)
    _memcpy_lastbytes                        0x000087ff   Thumb Code     0  rt_memcpy_v6.o(.text)
    __aeabi_memclr4                          0x00008823   Thumb Code     0  rt_memclr_w.o(.text)
    __aeabi_memclr8                          0x00008823   Thumb Code     0  rt_memclr_w.o(.text)
    __rt_memclr_w                            0x00008823   Thumb Code    78  rt_memclr_w.o(.text)
    _memset_w                                0x00008827   Thumb Code     0  rt_memclr_w.o(.text)
    __use_two_region_memory                  0x00008871   Thumb Code     2  heapauxi.o(.text)
    __rt_heap_escrow$2region                 0x00008873   Thumb Code     2  heapauxi.o(.text)
    __rt_heap_expand$2region                 0x00008875   Thumb Code     2  heapauxi.o(.text)
    __aeabi_memcpy4                          0x00008877   Thumb Code     0  rt_memcpy_w.o(.text)
    __aeabi_memcpy8                          0x00008877   Thumb Code     0  rt_memcpy_w.o(.text)
    __rt_memcpy_w                            0x00008877   Thumb Code   100  rt_memcpy_w.o(.text)
    _memcpy_lastbytes_aligned                0x000088bf   Thumb Code     0  rt_memcpy_w.o(.text)
    __user_setup_stackheap                   0x000088db   Thumb Code    74  sys_stackheap_outer.o(.text)
    exit                                     0x00008925   Thumb Code    18  exit.o(.text)
    __user_libspace                          0x00008939   Thumb Code     8  libspace.o(.text)
    __user_perproc_libspace                  0x00008939   Thumb Code     0  libspace.o(.text)
    __user_perthread_libspace                0x00008939   Thumb Code     0  libspace.o(.text)
    _sys_exit                                0x00008941   Thumb Code     8  sys_exit.o(.text)
    __I$use$semihosting                      0x0000894d   Thumb Code     0  use_no_semi.o(.text)
    __use_no_semihosting_swi                 0x0000894d   Thumb Code     2  use_no_semi.o(.text)
    CAN_allTXok                              0x0000894f   Thumb Code    10  can.o(i.CAN_allTXok)
    __semihosting_library_function           0x0000894f   Thumb Code     0  indicate_semi.o(.text)
    CAN_internalPrioMode                     0x00008959   Thumb Code   128  can.o(i.CAN_internalPrioMode)
    hCAN_arbitrationLost                     0x000089d9   Thumb Code    34  highcan.o(i.hCAN_arbitrationLost)
    __aeabi_dadd                             0x00008a09   Thumb Code     0  daddsub_clz.o(x$fpl$dadd)
    _dadd                                    0x00008a09   Thumb Code   332  daddsub_clz.o(x$fpl$dadd)
    __fpl_dcmp_Inf                           0x00008b59   Thumb Code    24  dcmpi.o(x$fpl$dcmpinf)
    __aeabi_ddiv                             0x00008b71   Thumb Code     0  ddiv.o(x$fpl$ddiv)
    _ddiv                                    0x00008b71   Thumb Code   552  ddiv.o(x$fpl$ddiv)
    __aeabi_cdcmpeq                          0x00008e21   Thumb Code     0  deqf.o(x$fpl$deqf)
    _dcmpeq                                  0x00008e21   Thumb Code   120  deqf.o(x$fpl$deqf)
    __aeabi_d2uiz                            0x00008e99   Thumb Code     0  dfixu.o(x$fpl$dfixu)
    _dfixu                                   0x00008e99   Thumb Code    90  dfixu.o(x$fpl$dfixu)
    __aeabi_i2d                              0x00008ef3   Thumb Code     0  dflt_clz.o(x$fpl$dflt)
    _dflt                                    0x00008ef3   Thumb Code    46  dflt_clz.o(x$fpl$dflt)
    __aeabi_ui2d                             0x00008f21   Thumb Code     0  dflt_clz.o(x$fpl$dfltu)
    _dfltu                                   0x00008f21   Thumb Code    38  dflt_clz.o(x$fpl$dfltu)
    __aeabi_dmul                             0x00008f49   Thumb Code     0  dmul.o(x$fpl$dmul)
    _dmul                                    0x00008f49   Thumb Code   332  dmul.o(x$fpl$dmul)
    __fpl_dnaninf                            0x0000909d   Thumb Code   156  dnaninf.o(x$fpl$dnaninf)
    __fpl_dretinf                            0x00009139   Thumb Code    12  dretinf.o(x$fpl$dretinf)
    __aeabi_dsub                             0x00009145   Thumb Code     0  daddsub_clz.o(x$fpl$dsub)
    _dsub                                    0x00009145   Thumb Code   464  daddsub_clz.o(x$fpl$dsub)
    __I$use$fp                               0x00009318   Number         0  usenofp.o(x$fpl$usenofp)
    led_mask                                 0x00009318   Data          32  funct_led.o(.constdata)
    Region$$Table$$Base                      0x00009b34   Number         0  anon$$obj.o(Region$$Table)
    Region$$Table$$Limit                     0x00009b64   Number         0  anon$$obj.o(Region$$Table)
    key_aes                                  0x2007c000   Data          16  sample.o(.data)
    iv                                       0x2007c010   Data          16  sample.o(.data)
    SystemCoreClock                          0x2007c020   Data           4  system_lpc17xx.o(.data)
    led_value                                0x2007c024   Data           1  lib_led.o(.data)
    down_INT0                                0x2007c028   Data           4  irq_rit.o(.data)
    down_KEY1                                0x2007c02c   Data           4  irq_rit.o(.data)
    down_KEY2                                0x2007c030   Data           4  irq_rit.o(.data)
    AD_current                               0x2007c034   Data           2  irq_adc.o(.data)
    AD_last                                  0x2007c036   Data           2  irq_adc.o(.data)
    steering                                 0x2007c038   Data           4  irq_adc.o(.data)
    isOn                                     0x2007c03c   Data           4  irq_adc.o(.data)
    gas                                      0x2007c040   Data           4  irq_adc.o(.data)
    breaks                                   0x2007c044   Data           4  irq_adc.o(.data)
    display                                  0x2007c04a   Data           4  touchpanel.o(.data)
    DisplaySample                            0x2007c04e   Data          12  touchpanel.o(.data)
    level                                    0x2007c060   Data           2  peripheral.o(.data)
    message                                  0x2007c062   Data          16  peripheral.o(.data)
    pressed                                  0x2007c074   Data           4  peripheral.o(.data)
    busMine                                  0x2007c090   Data           8  highcan.o(.data)
    hCAN_recID                               0x2007c0a0   Data           1  highcan.o(.data)
    hCAN_recDone                             0x2007c0a1   Data           1  highcan.o(.data)
    hCAN_lenght                              0x2007c0a4   Data           4  highcan.o(.data)
    i                                        0x2007c0a8   Data           4  highcan.o(.data)
    FULLCAN_ENABLE                           0x2007c0b8   Data           1  lpc17xx_can.o(.data)
    CANAF_FullCAN_cnt                        0x2007c0ba   Data           2  lpc17xx_can.o(.data)
    CANAF_std_cnt                            0x2007c0bc   Data           2  lpc17xx_can.o(.data)
    CANAF_gstd_cnt                           0x2007c0be   Data           2  lpc17xx_can.o(.data)
    CANAF_ext_cnt                            0x2007c0c0   Data           2  lpc17xx_can.o(.data)
    CANAF_gext_cnt                           0x2007c0c2   Data           2  lpc17xx_can.o(.data)
    ctx                                      0x2007c0c4   Data         192  sample.o(.bss)
    ctx_dec                                  0x2007c184   Data         192  sample.o(.bss)
    newParam_dec                             0x2007c244   Data         192  sample.o(.bss)
    ack                                      0x2007c304   Data         192  sample.o(.bss)
    keyDgst                                  0x2007c3c4   Data          32  sample.o(.bss)
    ivDgst                                   0x2007c3e4   Data          32  sample.o(.bss)
    newKey                                   0x2007c404   Data          16  sample.o(.bss)
    newIv                                    0x2007c414   Data          16  sample.o(.bss)
    matrix                                   0x2007c428   Data          56  touchpanel.o(.bss)
    ScreenSample                             0x2007c460   Data          12  touchpanel.o(.bss)
    hCAN_recMessage                          0x2007c46c   Data         200  highcan.o(.bss)
    __libspace_start                         0x2007c594   Data          96  libspace.o(.bss)
    __temporary_stack_top$libspace           0x2007c5f4   Data           0  libspace.o(.bss)



==============================================================================

Memory Map of the image

  Image Entry point : 0x000000cd

  Load Region LR_IROM1 (Base: 0x00000000, Size: 0x00009c28, Max: 0x00080000, ABSOLUTE)

    Execution Region ER_IROM1 (Exec base: 0x00000000, Load base: 0x00000000, Size: 0x00009b64, Max: 0x00080000, ABSOLUTE)

    Exec Addr    Load Addr    Size         Type   Attr      Idx    E Section Name        Object

    0x00000000   0x00000000   0x000000cc   Data   RO            3    RESET               startup_lpc17xx.o
    0x000000cc   0x000000cc   0x00000008   Code   RO          853  * !!!main             c_w.l(__main.o)
    0x000000d4   0x000000d4   0x00000034   Code   RO         1045    !!!scatter          c_w.l(__scatter.o)
    0x00000108   0x00000108   0x0000001a   Code   RO         1047    !!handler_copy      c_w.l(__scatter_copy.o)
    0x00000122   0x00000122   0x00000002   PAD
    0x00000124   0x00000124   0x0000001c   Code   RO         1049    !!handler_zi        c_w.l(__scatter_zi.o)
    0x00000140   0x00000140   0x00000002   Code   RO          913    .ARM.Collect$$libinit$$00000000  c_w.l(libinit.o)
    0x00000142   0x00000142   0x00000000   Code   RO          920    .ARM.Collect$$libinit$$00000002  c_w.l(libinit2.o)
    0x00000142   0x00000142   0x00000000   Code   RO          922    .ARM.Collect$$libinit$$00000004  c_w.l(libinit2.o)
    0x00000142   0x00000142   0x00000000   Code   RO          925    .ARM.Collect$$libinit$$0000000A  c_w.l(libinit2.o)
    0x00000142   0x00000142   0x00000000   Code   RO          927    .ARM.Collect$$libinit$$0000000C  c_w.l(libinit2.o)
    0x00000142   0x00000142   0x00000000   Code   RO          929    .ARM.Collect$$libinit$$0000000E  c_w.l(libinit2.o)
    0x00000142   0x00000142   0x00000000   Code   RO          932    .ARM.Collect$$libinit$$00000011  c_w.l(libinit2.o)
    0x00000142   0x00000142   0x00000000   Code   RO          934    .ARM.Collect$$libinit$$00000013  c_w.l(libinit2.o)
    0x00000142   0x00000142   0x00000000   Code   RO          936    .ARM.Collect$$libinit$$00000015  c_w.l(libinit2.o)
    0x00000142   0x00000142   0x00000000   Code   RO          938    .ARM.Collect$$libinit$$00000017  c_w.l(libinit2.o)
    0x00000142   0x00000142   0x00000000   Code   RO          940    .ARM.Collect$$libinit$$00000019  c_w.l(libinit2.o)
    0x00000142   0x00000142   0x00000000   Code   RO          942    .ARM.Collect$$libinit$$0000001B  c_w.l(libinit2.o)
    0x00000142   0x00000142   0x00000000   Code   RO          944    .ARM.Collect$$libinit$$0000001D  c_w.l(libinit2.o)
    0x00000142   0x00000142   0x00000000   Code   RO          946    .ARM.Collect$$libinit$$0000001F  c_w.l(libinit2.o)
    0x00000142   0x00000142   0x00000000   Code   RO          948    .ARM.Collect$$libinit$$00000021  c_w.l(libinit2.o)
    0x00000142   0x00000142   0x00000000   Code   RO          950    .ARM.Collect$$libinit$$00000023  c_w.l(libinit2.o)
    0x00000142   0x00000142   0x00000000   Code   RO          952    .ARM.Collect$$libinit$$00000025  c_w.l(libinit2.o)
    0x00000142   0x00000142   0x00000000   Code   RO          956    .ARM.Collect$$libinit$$0000002C  c_w.l(libinit2.o)
    0x00000142   0x00000142   0x00000000   Code   RO          958    .ARM.Collect$$libinit$$0000002E  c_w.l(libinit2.o)
    0x00000142   0x00000142   0x00000000   Code   RO          960    .ARM.Collect$$libinit$$00000030  c_w.l(libinit2.o)
    0x00000142   0x00000142   0x00000000   Code   RO          962    .ARM.Collect$$libinit$$00000032  c_w.l(libinit2.o)
    0x00000142   0x00000142   0x00000002   Code   RO          963    .ARM.Collect$$libinit$$00000033  c_w.l(libinit2.o)
    0x00000144   0x00000144   0x00000002   Code   RO          983    .ARM.Collect$$libshutdown$$00000000  c_w.l(libshutdown.o)
    0x00000146   0x00000146   0x00000000   Code   RO          996    .ARM.Collect$$libshutdown$$00000002  c_w.l(libshutdown2.o)
    0x00000146   0x00000146   0x00000000   Code   RO          998    .ARM.Collect$$libshutdown$$00000004  c_w.l(libshutdown2.o)
    0x00000146   0x00000146   0x00000000   Code   RO         1000    .ARM.Collect$$libshutdown$$00000006  c_w.l(libshutdown2.o)
    0x00000146   0x00000146   0x00000000   Code   RO         1003    .ARM.Collect$$libshutdown$$00000009  c_w.l(libshutdown2.o)
    0x00000146   0x00000146   0x00000000   Code   RO         1006    .ARM.Collect$$libshutdown$$0000000C  c_w.l(libshutdown2.o)
    0x00000146   0x00000146   0x00000000   Code   RO         1008    .ARM.Collect$$libshutdown$$0000000E  c_w.l(libshutdown2.o)
    0x00000146   0x00000146   0x00000000   Code   RO         1011    .ARM.Collect$$libshutdown$$00000011  c_w.l(libshutdown2.o)
    0x00000146   0x00000146   0x00000002   Code   RO         1012    .ARM.Collect$$libshutdown$$00000012  c_w.l(libshutdown2.o)
    0x00000148   0x00000148   0x00000000   Code   RO          879    .ARM.Collect$$rtentry$$00000000  c_w.l(__rtentry.o)
    0x00000148   0x00000148   0x00000000   Code   RO          890    .ARM.Collect$$rtentry$$00000002  c_w.l(__rtentry2.o)
    0x00000148   0x00000148   0x00000006   Code   RO          902    .ARM.Collect$$rtentry$$00000004  c_w.l(__rtentry4.o)
    0x0000014e   0x0000014e   0x00000000   Code   RO          892    .ARM.Collect$$rtentry$$00000009  c_w.l(__rtentry2.o)
    0x0000014e   0x0000014e   0x00000004   Code   RO          893    .ARM.Collect$$rtentry$$0000000A  c_w.l(__rtentry2.o)
    0x00000152   0x00000152   0x00000000   Code   RO          895    .ARM.Collect$$rtentry$$0000000C  c_w.l(__rtentry2.o)
    0x00000152   0x00000152   0x00000008   Code   RO          896    .ARM.Collect$$rtentry$$0000000D  c_w.l(__rtentry2.o)
    0x0000015a   0x0000015a   0x00000002   Code   RO          917    .ARM.Collect$$rtexit$$00000000  c_w.l(rtexit.o)
    0x0000015c   0x0000015c   0x00000000   Code   RO          965    .ARM.Collect$$rtexit$$00000002  c_w.l(rtexit2.o)
    0x0000015c   0x0000015c   0x00000004   Code   RO          966    .ARM.Collect$$rtexit$$00000003  c_w.l(rtexit2.o)
    0x00000160   0x00000160   0x00000006   Code   RO          967    .ARM.Collect$$rtexit$$00000004  c_w.l(rtexit2.o)
    0x00000166   0x00000166   0x00000002   PAD
    0x00000168   0x00000168   0x00000034   Code   RO            5    .text               startup_lpc17xx.o
    0x0000019c   0x0000019c   0x00000160   Code   RO           16    .text               sample.o
    0x000002fc   0x000002fc   0x00000004   Code   RO            4    .ARM.__at_0x02FC    startup_lpc17xx.o
    0x00000300   0x00000300   0x00000280   Code   RO          132    .text               system_lpc17xx.o
    0x00000580   0x00000580   0x0000006c   Code   RO          169    .text               funct_led.o
    0x000005ec   0x000005ec   0x00000040   Code   RO          204    .text               lib_led.o
    0x0000062c   0x0000062c   0x000000b8   Code   RO          231    .text               irq_button.o
    0x000006e4   0x000006e4   0x000000d4   Code   RO          266    .text               lib_button.o
    0x000007b8   0x000007b8   0x000001e8   Code   RO          294    .text               irq_rit.o
    0x000009a0   0x000009a0   0x00000094   Code   RO          339    .text               lib_rit.o
    0x00000a34   0x00000a34   0x000000e8   Code   RO          367    .text               irq_adc.o
    0x00000b1c   0x00000b1c   0x00000090   Code   RO          404    .text               lib_adc.o
    0x00000bac   0x00000bac   0x00000020   Code   RO          425    .text               asciilib.o
    0x00000bcc   0x00000bcc   0x00004146   Code   RO          445    .text               glcd.o
    0x00004d12   0x00004d12   0x00000002   PAD
    0x00004d14   0x00004d14   0x00000840   Code   RO          491    .text               touchpanel.o
    0x00005554   0x00005554   0x000000f0   Code   RO          525    .text               peripheral.o
    0x00005644   0x00005644   0x00000154   Code   RO          562    .text               can.o
    0x00005798   0x00005798   0x000005e8   Code   RO          603    .text               highcan.o
    0x00005d80   0x00005d80   0x00000248   Code   RO          647    .text               irq_can.o
    0x00005fc8   0x00005fc8   0x00001de4   Code   RO          678    .text               lpc17xx_can.o
    0x00007dac   0x00007dac   0x00000140   Code   RO          711    .text               lpc17xx_clkpwr.o
    0x00007eec   0x00007eec   0x000003a4   Code   RO          732    .text               aes.o
    0x00008290   0x00008290   0x000000c8   Code   RO          752    .text               security.o
    0x00008358   0x00008358   0x00000400   Code   RO          777    .text               sha256.o
    0x00008758   0x00008758   0x00000040   Code   RO          794    .text               irq_timer.o
    0x00008798   0x00008798   0x0000008a   Code   RO          847    .text               c_w.l(rt_memcpy_v6.o)
    0x00008822   0x00008822   0x0000004e   Code   RO          849    .text               c_w.l(rt_memclr_w.o)
    0x00008870   0x00008870   0x00000006   Code   RO          851    .text               c_w.l(heapauxi.o)
    0x00008876   0x00008876   0x00000064   Code   RO          880    .text               c_w.l(rt_memcpy_w.o)
    0x000088da   0x000088da   0x0000004a   Code   RO          904    .text               c_w.l(sys_stackheap_outer.o)
    0x00008924   0x00008924   0x00000012   Code   RO          906    .text               c_w.l(exit.o)
    0x00008936   0x00008936   0x00000002   PAD
    0x00008938   0x00008938   0x00000008   Code   RO          914    .text               c_w.l(libspace.o)
    0x00008940   0x00008940   0x0000000c   Code   RO          975    .text               c_w.l(sys_exit.o)
    0x0000894c   0x0000894c   0x00000002   Code   RO          986    .text               c_w.l(use_no_semi.o)
    0x0000894e   0x0000894e   0x00000000   Code   RO          988    .text               c_w.l(indicate_semi.o)
    0x0000894e   0x0000894e   0x0000000a   Code   RO          588    i.CAN_allTXok       can.o
    0x00008958   0x00008958   0x00000080   Code   RO          582    i.CAN_internalPrioMode  can.o
    0x000089d8   0x000089d8   0x00000030   Code   RO          625    i.hCAN_arbitrationLost  highcan.o
    0x00008a08   0x00008a08   0x00000150   Code   RO          855    x$fpl$dadd          fz_ws.l(daddsub_clz.o)
    0x00008b58   0x00008b58   0x00000018   Code   RO          882    x$fpl$dcmpinf       fz_ws.l(dcmpi.o)
    0x00008b70   0x00008b70   0x000002b0   Code   RO          862    x$fpl$ddiv          fz_ws.l(ddiv.o)
    0x00008e20   0x00008e20   0x00000078   Code   RO          865    x$fpl$deqf          fz_ws.l(deqf.o)
    0x00008e98   0x00008e98   0x0000005a   Code   RO          867    x$fpl$dfixu         fz_ws.l(dfixu.o)
    0x00008ef2   0x00008ef2   0x0000002e   Code   RO          872    x$fpl$dflt          fz_ws.l(dflt_clz.o)
    0x00008f20   0x00008f20   0x00000026   Code   RO          871    x$fpl$dfltu         fz_ws.l(dflt_clz.o)
    0x00008f46   0x00008f46   0x00000002   PAD
    0x00008f48   0x00008f48   0x00000154   Code   RO          877    x$fpl$dmul          fz_ws.l(dmul.o)
    0x0000909c   0x0000909c   0x0000009c   Code   RO          884    x$fpl$dnaninf       fz_ws.l(dnaninf.o)
    0x00009138   0x00009138   0x0000000c   Code   RO          886    x$fpl$dretinf       fz_ws.l(dretinf.o)
    0x00009144   0x00009144   0x000001d4   Code   RO          857    x$fpl$dsub          fz_ws.l(daddsub_clz.o)
    0x00009318   0x00009318   0x00000000   Code   RO          888    x$fpl$usenofp       fz_ws.l(usenofp.o)
    0x00009318   0x00009318   0x00000020   Data   RO          170    .constdata          funct_led.o
    0x00009338   0x00009338   0x000005f0   Data   RO          426    .constdata          asciilib.o
    0x00009928   0x00009928   0x0000010b   Data   RO          733    .constdata          aes.o
    0x00009a33   0x00009a33   0x00000001   PAD
    0x00009a34   0x00009a34   0x00000100   Data   RO          778    .constdata          sha256.o
    0x00009b34   0x00009b34   0x00000030   Data   RO         1043    Region$$Table       anon$$obj.o


    Execution Region RW_IRAM1 (Exec base: 0x10000000, Load base: 0x00009b64, Size: 0x00004000, Max: 0x00008000, ABSOLUTE)

    Exec Addr    Load Addr    Size         Type   Attr      Idx    E Section Name        Object

    0x10000000        -       0x00004000   Zero   RW            1    STACK               startup_lpc17xx.o


    Execution Region RW_IRAM2 (Exec base: 0x2007c000, Load base: 0x00009b64, Size: 0x000005f8, Max: 0x00008000, ABSOLUTE)

    Exec Addr    Load Addr    Size         Type   Attr      Idx    E Section Name        Object

    0x2007c000   0x00009b64   0x00000020   Data   RW           18    .data               sample.o
    0x2007c020   0x00009b84   0x00000004   Data   RW          133    .data               system_lpc17xx.o
    0x2007c024   0x00009b88   0x00000001   Data   RW          205    .data               lib_led.o
    0x2007c025   0x00009b89   0x00000003   PAD
    0x2007c028   0x00009b8c   0x0000000c   Data   RW          295    .data               irq_rit.o
    0x2007c034   0x00009b98   0x00000014   Data   RW          368    .data               irq_adc.o
    0x2007c048   0x00009bac   0x00000001   Data   RW          446    .data               glcd.o
    0x2007c049   0x00009bad   0x00000001   PAD
    0x2007c04a   0x00009bae   0x00000014   Data   RW          493    .data               touchpanel.o
    0x2007c05e   0x00009bc2   0x00000002   PAD
    0x2007c060   0x00009bc4   0x00000018   Data   RW          526    .data               peripheral.o
    0x2007c078   0x00009bdc   0x00000008   Data   RW          563    .data               can.o
    0x2007c080   0x00009be4   0x00000038   Data   RW          605    .data               highcan.o
    0x2007c0b8   0x00009c1c   0x0000000c   Data   RW          679    .data               lpc17xx_can.o
    0x2007c0c4        -       0x00000360   Zero   RW           17    .bss                sample.o
    0x2007c424   0x00009c28   0x00000004   PAD
    0x2007c428        -       0x00000044   Zero   RW          492    .bss                touchpanel.o
    0x2007c46c        -       0x000000c8   Zero   RW          604    .bss                highcan.o
    0x2007c534        -       0x00000060   Zero   RW          648    .bss                irq_can.o
    0x2007c594        -       0x00000060   Zero   RW          915    .bss                c_w.l(libspace.o)
    0x2007c5f4   0x00009c28   0x00000004   PAD
    0x2007c5f8        -       0x00000000   Zero   RW            2    HEAP                startup_lpc17xx.o


==============================================================================

Image component sizes


      Code (inc. data)   RO Data    RW Data    ZI Data      Debug   Object Name

       932         10        267          0          0       4868   aes.o
        32          6       1520          0          0       1063   asciilib.o
       478         16          0          8          0       3048   can.o
       108         14         32          0          0      18300   funct_led.o
     16710        106          0          1          0      40649   glcd.o
      1560         94          0         56        200      31594   highcan.o
       232         36          0         20          0       1023   irq_adc.o
       184         28          0          0          0       1373   irq_button.o
       584        142          0          0         96       2207   irq_can.o
       488         62          0         12          0       1149   irq_rit.o
        64         18          0          0          0        826   irq_timer.o
       144         20          0          0          0        748   lib_adc.o
       212         22          0          0          0        926   lib_button.o
        64         14          0          1          0        750   lib_led.o
       148         14          0          0          0      27455   lib_rit.o
      7652        292          0         12          0      14588   lpc17xx_can.o
       320         22          0          0          0       1839   lpc17xx_clkpwr.o
       240         14          0         24          0       3684   peripheral.o
       352         58          0         32        864      33233   sample.o
       200          0          0          0          0       2852   security.o
      1024         38        256          0          0       2930   sha256.o
        56         22        204          0      16384       1032   startup_lpc17xx.o
       640         32          0          4          0      17749   system_lpc17xx.o
      2112         68          0         20         68       5950   touchpanel.o

    ----------------------------------------------------------------------
     34538       1148       2328        196      17616     219836   Object Totals
         0          0         48          0          0          0   (incl. Generated)
         2          0          1          6          4          0   (incl. Padding)

    ----------------------------------------------------------------------

      Code (inc. data)   RO Data    RW Data    ZI Data      Debug   Library Member Name

         8          0          0          0          0         68   __main.o
         0          0          0          0          0          0   __rtentry.o
        12          0          0          0          0          0   __rtentry2.o
         6          0          0          0          0          0   __rtentry4.o
        52          8          0          0          0          0   __scatter.o
        26          0          0          0          0          0   __scatter_copy.o
        28          0          0          0          0          0   __scatter_zi.o
        18          0          0          0          0         80   exit.o
         6          0          0          0          0        152   heapauxi.o
         0          0          0          0          0          0   indicate_semi.o
         2          0          0          0          0          0   libinit.o
         2          0          0          0          0          0   libinit2.o
         2          0          0          0          0          0   libshutdown.o
         2          0          0          0          0          0   libshutdown2.o
         8          4          0          0         96         68   libspace.o
        78          0          0          0          0         80   rt_memclr_w.o
       138          0          0          0          0         68   rt_memcpy_v6.o
       100          0          0          0          0         80   rt_memcpy_w.o
         2          0          0          0          0          0   rtexit.o
        10          0          0          0          0          0   rtexit2.o
        12          4          0          0          0         68   sys_exit.o
        74          0          0          0          0         80   sys_stackheap_outer.o
         2          0          0          0          0         68   use_no_semi.o
       804         16          0          0          0        272   daddsub_clz.o
        24          0          0          0          0         68   dcmpi.o
       688        140          0          0          0        208   ddiv.o
       120          4          0          0          0         92   deqf.o
        90          4          0          0          0         92   dfixu.o
        84          0          0          0          0        136   dflt_clz.o
       340         12          0          0          0        104   dmul.o
       156          4          0          0          0         92   dnaninf.o
        12          0          0          0          0         68   dretinf.o
         0          0          0          0          0          0   usenofp.o

    ----------------------------------------------------------------------
      2914        196          0          0        100       1944   Library Totals
         8          0          0          0          4          0   (incl. Padding)

    ----------------------------------------------------------------------

      Code (inc. data)   RO Data    RW Data    ZI Data      Debug   Library Name

       588         16          0          0         96        812   c_w.l
      2318        180          0          0          0       1132   fz_ws.l

    ----------------------------------------------------------------------
      2914        196          0          0        100       1944   Library Totals

    ----------------------------------------------------------------------

==============================================================================


      Code (inc. data)   RO Data    RW Data    ZI Data      Debug   

     37452       1344       2328        196      17716     219176   Grand Totals
     37452       1344       2328        196      17716     219176   ELF Image Totals
     37452       1344       2328        196          0          0   ROM Totals

==============================================================================

    Total RO  Size (Code + RO Data)                39780 (  38.85kB)
    Total RW  Size (RW Data + ZI Data)             17912 (  17.49kB)
    Total ROM Size (Code + RO Data + RW Data)      39976 (  39.04kB)

==============================================================================

