<html>
<body>
<pre>
<h1>µVision Build Log</h1>
<h2>Tool Versions:</h2>
IDE-Version: µVision V5.33.0.0
Copyright (C) 2020 ARM Ltd and ARM Germany GmbH. All rights reserved.
License Information: Matteo Simone Politecnico di Torino Flex license: error obtaining information 
Tool Versions:
Toolchain:       MDK-Lite  Version: 5.33.0.0
Toolchain Path:  D:\Programmi\Keil_v5\ARM\ARMCC\Bin
C Compiler:      Armcc.exe V5.06 update 7 (build 960)
Assembler:       Armasm.exe V5.06 update 7 (build 960)
Linker/Locator:  ArmLink.exe V5.06 update 7 (build 960)
Library Manager: ArmAr.exe V5.06 update 7 (build 960)
Hex Converter:   FromElf.exe V5.06 update 7 (build 960)
CPU DLL:         SARMCM3.DLL V5.33.0.0
Dialog DLL:      DARMP1.DLL V1.27.0.0
Target DLL:      UL2CM3.DLL V1.163.9.0
Dialog DLL:      TARMP1.DLL V1.26.0.0
 
<h2>Project:</h2>
C:\Users\simon\Desktop\LPC1768can-main\sample.uvprojx
Project File Date:  10/08/2021

<h2>Output:</h2>
*** Using Compiler 'V5.06 update 7 (build 960)', folder: 'D:\Programmi\Keil_v5\ARM\ARMCC\Bin'
Rebuild target 'Target 1'
compiling AsciiLib.c...
assembling startup_LPC17xx.s...
compiling core_cm3.c...
compiling can.c...
compiling system_LPC17xx.c...
compiling main.c...
compiling IRQ_CAN.c...
compiling string.cpp...
compiling highcan.c...
compiling security.c...
compiling lpc17xx_clkpwr.c...
compiling sha256.c...
compiling aes.c...
compiling des.c...
compiling lpc17xx_can.c...
compiling lib_adc.c...
compiling IRQ_adc.c...
compiling lib_RIT.c...
compiling IRQ_RIT.c...
compiling funct_joystick.c...
compiling lib_joystick.c...
compiling GLCD.c...
linking...
Program Size: Code=37240 RO-data=2376 RW-data=3528 ZI-data=17288  
".\outputs\sample.axf" - 0 Error(s), 0 Warning(s).

<h2>Software Packages used:</h2>

Package Vendor: Keil
                http://www.keil.com/pack/Keil.LPC1700_DFP.2.6.0.pack
                Keil.LPC1700_DFP.2.6.0
                NXP LPC1700 Series Device Support, Drivers and Examples for MCB1700 and LPC1788-32

<h2>Collection of Component include folders:</h2>
  D:\Programmi\Keil_v5\Packs\Keil\LPC1700_DFP\2.6.0\Device\Include

<h2>Collection of Component Files used:</h2>
Build Time Elapsed:  00:00:03
</pre>
</body>
</html>
