Component: ARM Compiler 5.06 update 6 (build 750) Tool: armlink [4d35ed]

==============================================================================

Section Cross References

    startup_lpc17xx.o(STACK) refers (Special) to heapauxi.o(.text) for __use_two_region_memory
    startup_lpc17xx.o(HEAP) refers (Special) to heapauxi.o(.text) for __use_two_region_memory
    startup_lpc17xx.o(RESET) refers (Special) to heapauxi.o(.text) for __use_two_region_memory
    startup_lpc17xx.o(RESET) refers to startup_lpc17xx.o(STACK) for __initial_sp
    startup_lpc17xx.o(RESET) refers to startup_lpc17xx.o(.text) for Reset_Handler
    startup_lpc17xx.o(RESET) refers to irq_timer.o(.text) for TIMER0_IRQHandler
    startup_lpc17xx.o(RESET) refers to irq_button.o(.text) for EINT0_IRQHandler
    startup_lpc17xx.o(RESET) refers to irq_adc.o(.text) for ADC_IRQHandler
    startup_lpc17xx.o(RESET) refers to irq_can.o(.text) for CAN_IRQHandler
    startup_lpc17xx.o(RESET) refers to irq_rit.o(.text) for RIT_IRQHandler
    startup_lpc17xx.o(.ARM.__at_0x02FC) refers (Special) to heapauxi.o(.text) for __use_two_region_memory
    startup_lpc17xx.o(.text) refers (Special) to heapauxi.o(.text) for __use_two_region_memory
    startup_lpc17xx.o(.text) refers to __main.o(!!!main) for __main
    startup_lpc17xx.o(.text) refers to startup_lpc17xx.o(HEAP) for Heap_Mem
    startup_lpc17xx.o(.text) refers to startup_lpc17xx.o(STACK) for Stack_Mem
    sample.o(.text) refers to system_lpc17xx.o(.text) for SystemInit
    sample.o(.text) refers to lib_led.o(.text) for LED_init
    sample.o(.text) refers to lib_button.o(.text) for BUTTON_init
    sample.o(.text) refers to lib_joystick.o(.text) for joystick_init
    sample.o(.text) refers to lib_rit.o(.text) for init_RIT
    sample.o(.text) refers to lib_adc.o(.text) for ADC_init
    sample.o(.text) refers to highcan.o(.text) for hCAN_init
    sample.o(.text) refers to security.o(.text) for AES_init
    sample.o(.text) refers to rt_memcpy_v6.o(.text) for __aeabi_memcpy
    sample.o(.text) refers to lib_timer.o(.text) for init_timer
    sample.o(.text) refers to glcd.o(.text) for LCD_Initialization
    sample.o(.text) refers to draw.o(.text) for clear_box
    sample.o(.text) refers to sample.o(.data) for ivAES
    sample.o(.text) refers to sample.o(.bss) for ctx
    system_lpc17xx.o(.text) refers to system_lpc17xx.o(.data) for SystemCoreClock
    funct_led.o(.text) refers to funct_led.o(.constdata) for led_mask
    funct_led.o(.text) refers to lib_led.o(.data) for led_value
    lib_led.o(.text) refers to lib_led.o(.data) for led_value
    irq_button.o(.text) refers to irq_rit.o(.data) for k3
    irq_rit.o(.text) refers to draw.o(.text) for clear_box
    irq_rit.o(.text) refers to funct_led.o(.text) for LED_Off
    irq_rit.o(.text) refers to lib_timer.o(.text) for enable_timer
    irq_rit.o(.text) refers to irq_rit.o(.data) for select
    irq_rit.o(.text) refers to sample.o(.bss) for msg
    irq_rit.o(.text) refers to sample.o(.data) for lock
    irq_rit.o(.text) refers to glcd.o(.text) for GUI_Text
    irq_rit.o(.text) refers to security.o(.text) for AES
    irq_rit.o(.text) refers to highcan.o(.text) for hCAN_sendMessage
    irq_timer.o(.text) refers to lib_timer.o(.text) for disable_timer
    irq_timer.o(.text) refers to funct_led.o(.text) for LED_On
    irq_timer.o(.text) refers to irq_timer.o(.data) for SinTable
    irq_timer.o(.text) refers to irq_timer.o(.constdata) for freqs
    irq_timer.o(.text) refers to irq_rit.o(.data) for hazardLights
    asciilib.o(.text) refers to rt_memcpy_v6.o(.text) for __aeabi_memcpy
    asciilib.o(.text) refers to asciilib.o(.constdata) for AsciiLib
    glcd.o(.text) refers to glcd.o(.data) for LCD_Code
    glcd.o(.text) refers to asciilib.o(.text) for GetASCIICode
    hzlib.o(.text) refers to rt_memcpy_v6.o(.text) for __aeabi_memcpy
    hzlib.o(.text) refers to hzlib.o(.constdata) for HzLib
    touchpanel.o(.text) refers to glcd.o(.text) for LCD_SetPoint
    touchpanel.o(.text) refers to rt_memclr_w.o(.text) for __aeabi_memclr4
    touchpanel.o(.text) refers to touchpanel.o(.data) for screen
    touchpanel.o(.text) refers to dflt_clz.o(x$fpl$dflt) for __aeabi_i2d
    touchpanel.o(.text) refers to deqf.o(x$fpl$deqf) for __aeabi_cdcmpeq
    touchpanel.o(.text) refers to dflt_clz.o(x$fpl$dfltu) for __aeabi_ui2d
    touchpanel.o(.text) refers to dmul.o(x$fpl$dmul) for __aeabi_dmul
    touchpanel.o(.text) refers to daddsub_clz.o(x$fpl$dadd) for __aeabi_dadd
    touchpanel.o(.text) refers to ddiv.o(x$fpl$ddiv) for __aeabi_ddiv
    touchpanel.o(.text) refers to dfixu.o(x$fpl$dfixu) for __aeabi_d2uiz
    touchpanel.o(.text) refers to touchpanel.o(.bss) for ScreenSample
    irq_adc.o(.text) refers to funct_led.o(.text) for LED_Off
    irq_adc.o(.text) refers to glcd.o(.text) for GUI_Text
    irq_adc.o(.text) refers to lib_timer.o(.text) for init_timer
    irq_adc.o(.text) refers to irq_adc.o(.data) for AD_current
    draw.o(.text) refers to glcd.o(.text) for LCD_SetPoint
    draw.o(.text) refers to funct_led.o(.text) for LED_Off
    can.o(.text) refers to can.o(.data) for CAN_state
    highcan.o(.text) refers to lpc17xx_can.o(.text) for CAN_Init
    highcan.o(.text) refers to can.o(i.CAN_internalPrioMode) for CAN_internalPrioMode
    highcan.o(.text) refers to can.o(.text) for CAN_AF_loadSTDRangelEntry
    highcan.o(.text) refers to can.o(i.CAN_isTransmitting) for CAN_isTransmitting
    highcan.o(.text) refers to highcan.o(.data) for ID
    highcan.o(.text) refers to highcan.o(.bss) for hCAN_recMessage
    irq_can.o(.text) refers to can.o(i.CAN_resetTXERR) for CAN_resetTXERR
    irq_can.o(.text) refers to can.o(.text) for CAN_abortTransmission
    irq_can.o(.text) refers to highcan.o(.text) for hCAN_receiveMessage
    irq_can.o(.text) refers to security.o(.text) for AES
    irq_can.o(.text) refers to draw.o(.text) for clear_box
    irq_can.o(.text) refers to highcan.o(.data) for hCAN_ActiveError
    irq_can.o(.text) refers to highcan.o(.bss) for hCAN_recMessage
    irq_can.o(.text) refers to sample.o(.bss) for break_dec_ctx
    lpc17xx_can.o(.text) refers to lpc17xx_clkpwr.o(.text) for CLKPWR_GetPCLK
    lpc17xx_can.o(.text) refers to lpc17xx_can.o(.data) for FULLCAN_ENABLE
    lpc17xx_clkpwr.o(.text) refers to system_lpc17xx.o(.data) for SystemCoreClock
    security.o(.text) refers to sha256.o(.text) for sha256_init
    security.o(.text) refers to aes.o(.text) for AES_CTR_xcrypt_buffer
    security.o(.text) refers to rt_memcpy_v6.o(.text) for __aeabi_memcpy
    sha256.o(.text) refers to rt_memclr_w.o(.text) for __aeabi_memclr4
    sha256.o(.text) refers to sha256.o(.constdata) for k
    aes.o(.text) refers to rt_memcpy_v6.o(.text) for __aeabi_memcpy
    aes.o(.text) refers to aes.o(.constdata) for sbox
    rt_memcpy_v6.o(.text) refers to rt_memcpy_w.o(.text) for __aeabi_memcpy4
    __main.o(!!!main) refers to __rtentry.o(.ARM.Collect$$rtentry$$00000000) for __rt_entry
    daddsub_clz.o(x$fpl$dadd) refers (Special) to usenofp.o(x$fpl$usenofp) for __I$use$fp
    daddsub_clz.o(x$fpl$dadd) refers to daddsub_clz.o(x$fpl$dsub) for _dsub1
    daddsub_clz.o(x$fpl$dadd) refers to dretinf.o(x$fpl$dretinf) for __fpl_dretinf
    daddsub_clz.o(x$fpl$dadd) refers to dnaninf.o(x$fpl$dnaninf) for __fpl_dnaninf
    daddsub_clz.o(x$fpl$drsb) refers (Special) to usenofp.o(x$fpl$usenofp) for __I$use$fp
    daddsub_clz.o(x$fpl$drsb) refers to daddsub_clz.o(x$fpl$dadd) for _dadd1
    daddsub_clz.o(x$fpl$drsb) refers to daddsub_clz.o(x$fpl$dsub) for _dsub1
    daddsub_clz.o(x$fpl$dsub) refers (Special) to usenofp.o(x$fpl$usenofp) for __I$use$fp
    daddsub_clz.o(x$fpl$dsub) refers to daddsub_clz.o(x$fpl$dadd) for _dadd1
    daddsub_clz.o(x$fpl$dsub) refers to dnaninf.o(x$fpl$dnaninf) for __fpl_dnaninf
    ddiv.o(x$fpl$drdiv) refers (Special) to usenofp.o(x$fpl$usenofp) for __I$use$fp
    ddiv.o(x$fpl$drdiv) refers to ddiv.o(x$fpl$ddiv) for ddiv_entry
    ddiv.o(x$fpl$ddiv) refers (Special) to usenofp.o(x$fpl$usenofp) for __I$use$fp
    ddiv.o(x$fpl$ddiv) refers to dretinf.o(x$fpl$dretinf) for __fpl_dretinf
    ddiv.o(x$fpl$ddiv) refers to dnaninf.o(x$fpl$dnaninf) for __fpl_dnaninf
    deqf.o(x$fpl$deqf) refers (Special) to usenofp.o(x$fpl$usenofp) for __I$use$fp
    deqf.o(x$fpl$deqf) refers to dnaninf.o(x$fpl$dnaninf) for __fpl_dnaninf
    deqf.o(x$fpl$deqf) refers to dcmpi.o(x$fpl$dcmpinf) for __fpl_dcmp_Inf
    dfixu.o(x$fpl$dfixu) refers (Special) to usenofp.o(x$fpl$usenofp) for __I$use$fp
    dfixu.o(x$fpl$dfixu) refers to dnaninf.o(x$fpl$dnaninf) for __fpl_dnaninf
    dfixu.o(x$fpl$dfixur) refers (Special) to usenofp.o(x$fpl$usenofp) for __I$use$fp
    dfixu.o(x$fpl$dfixur) refers to dnaninf.o(x$fpl$dnaninf) for __fpl_dnaninf
    dflt_clz.o(x$fpl$dfltu) refers (Special) to usenofp.o(x$fpl$usenofp) for __I$use$fp
    dflt_clz.o(x$fpl$dflt) refers (Special) to usenofp.o(x$fpl$usenofp) for __I$use$fp
    dflt_clz.o(x$fpl$dfltn) refers (Special) to usenofp.o(x$fpl$usenofp) for __I$use$fp
    dmul.o(x$fpl$dmul) refers (Special) to usenofp.o(x$fpl$usenofp) for __I$use$fp
    dmul.o(x$fpl$dmul) refers to dretinf.o(x$fpl$dretinf) for __fpl_dretinf
    dmul.o(x$fpl$dmul) refers to dnaninf.o(x$fpl$dnaninf) for __fpl_dnaninf
    __rtentry.o(.ARM.Collect$$rtentry$$00000000) refers (Special) to __rtentry2.o(.ARM.Collect$$rtentry$$0000000A) for __rt_entry_li
    __rtentry.o(.ARM.Collect$$rtentry$$00000000) refers (Special) to __rtentry2.o(.ARM.Collect$$rtentry$$0000000D) for __rt_entry_main
    __rtentry.o(.ARM.Collect$$rtentry$$00000000) refers (Special) to __rtentry2.o(.ARM.Collect$$rtentry$$0000000C) for __rt_entry_postli_1
    __rtentry.o(.ARM.Collect$$rtentry$$00000000) refers (Special) to __rtentry2.o(.ARM.Collect$$rtentry$$00000009) for __rt_entry_postsh_1
    __rtentry.o(.ARM.Collect$$rtentry$$00000000) refers (Special) to __rtentry2.o(.ARM.Collect$$rtentry$$00000002) for __rt_entry_presh_1
    __rtentry.o(.ARM.Collect$$rtentry$$00000000) refers (Special) to __rtentry4.o(.ARM.Collect$$rtentry$$00000004) for __rt_entry_sh
    dcmpi.o(x$fpl$dcmpinf) refers (Special) to usenofp.o(x$fpl$usenofp) for __I$use$fp
    dnaninf.o(x$fpl$dnaninf) refers (Special) to usenofp.o(x$fpl$usenofp) for __I$use$fp
    dretinf.o(x$fpl$dretinf) refers (Special) to usenofp.o(x$fpl$usenofp) for __I$use$fp
    __rtentry2.o(.ARM.Collect$$rtentry$$00000008) refers to boardinit2.o(.text) for _platform_post_stackheap_init
    __rtentry2.o(.ARM.Collect$$rtentry$$0000000A) refers to libinit.o(.ARM.Collect$$libinit$$00000000) for __rt_lib_init
    __rtentry2.o(.ARM.Collect$$rtentry$$0000000B) refers to boardinit3.o(.text) for _platform_post_lib_init
    __rtentry2.o(.ARM.Collect$$rtentry$$0000000D) refers to sample.o(.text) for main
    __rtentry2.o(.ARM.Collect$$rtentry$$0000000D) refers to exit.o(.text) for exit
    __rtentry2.o(.ARM.exidx) refers to __rtentry2.o(.ARM.Collect$$rtentry$$00000001) for .ARM.Collect$$rtentry$$00000001
    __rtentry2.o(.ARM.exidx) refers to __rtentry2.o(.ARM.Collect$$rtentry$$00000008) for .ARM.Collect$$rtentry$$00000008
    __rtentry2.o(.ARM.exidx) refers to __rtentry2.o(.ARM.Collect$$rtentry$$0000000A) for .ARM.Collect$$rtentry$$0000000A
    __rtentry2.o(.ARM.exidx) refers to __rtentry2.o(.ARM.Collect$$rtentry$$0000000B) for .ARM.Collect$$rtentry$$0000000B
    __rtentry2.o(.ARM.exidx) refers to __rtentry2.o(.ARM.Collect$$rtentry$$0000000D) for .ARM.Collect$$rtentry$$0000000D
    __rtentry4.o(.ARM.Collect$$rtentry$$00000004) refers to sys_stackheap_outer.o(.text) for __user_setup_stackheap
    __rtentry4.o(.ARM.exidx) refers to __rtentry4.o(.ARM.Collect$$rtentry$$00000004) for .ARM.Collect$$rtentry$$00000004
    sys_stackheap_outer.o(.text) refers to libspace.o(.text) for __user_perproc_libspace
    sys_stackheap_outer.o(.text) refers to startup_lpc17xx.o(.text) for __user_initial_stackheap
    exit.o(.text) refers to rtexit.o(.ARM.Collect$$rtexit$$00000000) for __rt_exit
    libinit.o(.ARM.Collect$$libinit$$00000000) refers (Special) to libinit2.o(.ARM.Collect$$libinit$$0000002E) for __rt_lib_init_alloca_1
    libinit.o(.ARM.Collect$$libinit$$00000000) refers (Special) to libinit2.o(.ARM.Collect$$libinit$$0000002C) for __rt_lib_init_argv_1
    libinit.o(.ARM.Collect$$libinit$$00000000) refers (Special) to libinit2.o(.ARM.Collect$$libinit$$0000001B) for __rt_lib_init_atexit_1
    libinit.o(.ARM.Collect$$libinit$$00000000) refers (Special) to libinit2.o(.ARM.Collect$$libinit$$00000021) for __rt_lib_init_clock_1
    libinit.o(.ARM.Collect$$libinit$$00000000) refers (Special) to libinit2.o(.ARM.Collect$$libinit$$00000032) for __rt_lib_init_cpp_1
    libinit.o(.ARM.Collect$$libinit$$00000000) refers (Special) to libinit2.o(.ARM.Collect$$libinit$$00000030) for __rt_lib_init_exceptions_1
    libinit.o(.ARM.Collect$$libinit$$00000000) refers (Special) to libinit2.o(.ARM.Collect$$libinit$$00000002) for __rt_lib_init_fp_1
    libinit.o(.ARM.Collect$$libinit$$00000000) refers (Special) to libinit2.o(.ARM.Collect$$libinit$$0000001F) for __rt_lib_init_fp_trap_1
    libinit.o(.ARM.Collect$$libinit$$00000000) refers (Special) to libinit2.o(.ARM.Collect$$libinit$$00000023) for __rt_lib_init_getenv_1
    libinit.o(.ARM.Collect$$libinit$$00000000) refers (Special) to libinit2.o(.ARM.Collect$$libinit$$0000000A) for __rt_lib_init_heap_1
    libinit.o(.ARM.Collect$$libinit$$00000000) refers (Special) to libinit2.o(.ARM.Collect$$libinit$$00000011) for __rt_lib_init_lc_collate_1
    libinit.o(.ARM.Collect$$libinit$$00000000) refers (Special) to libinit2.o(.ARM.Collect$$libinit$$00000013) for __rt_lib_init_lc_ctype_1
    libinit.o(.ARM.Collect$$libinit$$00000000) refers (Special) to libinit2.o(.ARM.Collect$$libinit$$00000015) for __rt_lib_init_lc_monetary_1
    libinit.o(.ARM.Collect$$libinit$$00000000) refers (Special) to libinit2.o(.ARM.Collect$$libinit$$00000017) for __rt_lib_init_lc_numeric_1
    libinit.o(.ARM.Collect$$libinit$$00000000) refers (Special) to libinit2.o(.ARM.Collect$$libinit$$00000019) for __rt_lib_init_lc_time_1
    libinit.o(.ARM.Collect$$libinit$$00000000) refers (Special) to libinit2.o(.ARM.Collect$$libinit$$00000004) for __rt_lib_init_preinit_1
    libinit.o(.ARM.Collect$$libinit$$00000000) refers (Special) to libinit2.o(.ARM.Collect$$libinit$$0000000E) for __rt_lib_init_rand_1
    libinit.o(.ARM.Collect$$libinit$$00000000) refers (Special) to libinit2.o(.ARM.Collect$$libinit$$00000033) for __rt_lib_init_return
    libinit.o(.ARM.Collect$$libinit$$00000000) refers (Special) to libinit2.o(.ARM.Collect$$libinit$$0000001D) for __rt_lib_init_signal_1
    libinit.o(.ARM.Collect$$libinit$$00000000) refers (Special) to libinit2.o(.ARM.Collect$$libinit$$00000025) for __rt_lib_init_stdio_1
    libinit.o(.ARM.Collect$$libinit$$00000000) refers (Special) to libinit2.o(.ARM.Collect$$libinit$$0000000C) for __rt_lib_init_user_alloc_1
    libspace.o(.text) refers to libspace.o(.bss) for __libspace_start
    rtexit.o(.ARM.Collect$$rtexit$$00000000) refers (Special) to rtexit2.o(.ARM.Collect$$rtexit$$00000004) for __rt_exit_exit
    rtexit.o(.ARM.Collect$$rtexit$$00000000) refers (Special) to rtexit2.o(.ARM.Collect$$rtexit$$00000003) for __rt_exit_ls
    rtexit.o(.ARM.Collect$$rtexit$$00000000) refers (Special) to rtexit2.o(.ARM.Collect$$rtexit$$00000002) for __rt_exit_prels_1
    rtexit.o(.ARM.exidx) refers (Special) to rtexit2.o(.ARM.Collect$$rtexit$$00000004) for __rt_exit_exit
    rtexit.o(.ARM.exidx) refers (Special) to rtexit2.o(.ARM.Collect$$rtexit$$00000003) for __rt_exit_ls
    rtexit.o(.ARM.exidx) refers (Special) to rtexit2.o(.ARM.Collect$$rtexit$$00000002) for __rt_exit_prels_1
    rtexit.o(.ARM.exidx) refers to rtexit.o(.ARM.Collect$$rtexit$$00000000) for .ARM.Collect$$rtexit$$00000000
    libinit2.o(.ARM.Collect$$libinit$$00000010) refers to libinit2.o(.ARM.Collect$$libinit$$0000000F) for .ARM.Collect$$libinit$$0000000F
    libinit2.o(.ARM.Collect$$libinit$$00000012) refers to libinit2.o(.ARM.Collect$$libinit$$0000000F) for .ARM.Collect$$libinit$$0000000F
    libinit2.o(.ARM.Collect$$libinit$$00000014) refers to libinit2.o(.ARM.Collect$$libinit$$0000000F) for .ARM.Collect$$libinit$$0000000F
    libinit2.o(.ARM.Collect$$libinit$$00000016) refers to libinit2.o(.ARM.Collect$$libinit$$0000000F) for .ARM.Collect$$libinit$$0000000F
    libinit2.o(.ARM.Collect$$libinit$$00000018) refers to libinit2.o(.ARM.Collect$$libinit$$0000000F) for .ARM.Collect$$libinit$$0000000F
    libinit2.o(.ARM.Collect$$libinit$$00000026) refers to argv_veneer.o(.emb_text) for __ARM_argv_veneer
    libinit2.o(.ARM.Collect$$libinit$$00000027) refers to argv_veneer.o(.emb_text) for __ARM_argv_veneer
    rtexit2.o(.ARM.Collect$$rtexit$$00000003) refers to libshutdown.o(.ARM.Collect$$libshutdown$$00000000) for __rt_lib_shutdown
    rtexit2.o(.ARM.Collect$$rtexit$$00000004) refers to sys_exit.o(.text) for _sys_exit
    rtexit2.o(.ARM.exidx) refers to rtexit2.o(.ARM.Collect$$rtexit$$00000001) for .ARM.Collect$$rtexit$$00000001
    rtexit2.o(.ARM.exidx) refers to rtexit2.o(.ARM.Collect$$rtexit$$00000003) for .ARM.Collect$$rtexit$$00000003
    rtexit2.o(.ARM.exidx) refers to rtexit2.o(.ARM.Collect$$rtexit$$00000004) for .ARM.Collect$$rtexit$$00000004
    argv_veneer.o(.emb_text) refers to no_argv.o(.text) for __ARM_get_argv
    sys_exit.o(.text) refers (Special) to use_no_semi.o(.text) for __I$use$semihosting
    sys_exit.o(.text) refers (Special) to indicate_semi.o(.text) for __semihosting_library_function
    _get_argv_nomalloc.o(.text) refers (Special) to hrguard.o(.text) for __heap_region$guard
    _get_argv_nomalloc.o(.text) refers to defsig_rtmem_outer.o(.text) for __rt_SIGRTMEM
    _get_argv_nomalloc.o(.text) refers to sys_command.o(.text) for _sys_command_string
    libshutdown.o(.ARM.Collect$$libshutdown$$00000000) refers (Special) to libshutdown2.o(.ARM.Collect$$libshutdown$$00000002) for __rt_lib_shutdown_cpp_1
    libshutdown.o(.ARM.Collect$$libshutdown$$00000000) refers (Special) to libshutdown2.o(.ARM.Collect$$libshutdown$$00000007) for __rt_lib_shutdown_fp_trap_1
    libshutdown.o(.ARM.Collect$$libshutdown$$00000000) refers (Special) to libshutdown2.o(.ARM.Collect$$libshutdown$$0000000F) for __rt_lib_shutdown_heap_1
    libshutdown.o(.ARM.Collect$$libshutdown$$00000000) refers (Special) to libshutdown2.o(.ARM.Collect$$libshutdown$$00000010) for __rt_lib_shutdown_return
    libshutdown.o(.ARM.Collect$$libshutdown$$00000000) refers (Special) to libshutdown2.o(.ARM.Collect$$libshutdown$$0000000A) for __rt_lib_shutdown_signal_1
    libshutdown.o(.ARM.Collect$$libshutdown$$00000000) refers (Special) to libshutdown2.o(.ARM.Collect$$libshutdown$$00000004) for __rt_lib_shutdown_stdio_1
    libshutdown.o(.ARM.Collect$$libshutdown$$00000000) refers (Special) to libshutdown2.o(.ARM.Collect$$libshutdown$$0000000C) for __rt_lib_shutdown_user_alloc_1
    sys_command.o(.text) refers (Special) to use_no_semi.o(.text) for __I$use$semihosting
    sys_command.o(.text) refers (Special) to indicate_semi.o(.text) for __semihosting_library_function
    defsig_rtmem_outer.o(.text) refers to defsig_rtmem_inner.o(.text) for __rt_SIGRTMEM_inner
    defsig_rtmem_outer.o(.text) refers to defsig_exit.o(.text) for __sig_exit
    defsig_rtmem_formal.o(.text) refers to rt_raise.o(.text) for __rt_raise
    rt_raise.o(.text) refers to __raise.o(.text) for __raise
    rt_raise.o(.text) refers to sys_exit.o(.text) for _sys_exit
    defsig_exit.o(.text) refers to sys_exit.o(.text) for _sys_exit
    defsig_rtmem_inner.o(.text) refers to defsig_general.o(.text) for __default_signal_display
    __raise.o(.text) refers to defsig.o(CL$$defsig) for __default_signal_handler
    defsig_general.o(.text) refers to sys_wrch.o(.text) for _ttywrch
    sys_wrch.o(.text) refers (Special) to use_no_semi.o(.text) for __I$use$semihosting
    sys_wrch.o(.text) refers (Special) to indicate_semi.o(.text) for __semihosting_library_function
    defsig.o(CL$$defsig) refers to defsig_rtmem_inner.o(.text) for __rt_SIGRTMEM_inner
    defsig_abrt_inner.o(.text) refers to defsig_general.o(.text) for __default_signal_display
    defsig_fpe_inner.o(.text) refers to defsig_general.o(.text) for __default_signal_display
    defsig_rtred_inner.o(.text) refers to defsig_general.o(.text) for __default_signal_display
    defsig_stak_inner.o(.text) refers to defsig_general.o(.text) for __default_signal_display
    defsig_pvfn_inner.o(.text) refers to defsig_general.o(.text) for __default_signal_display
    defsig_cppl_inner.o(.text) refers to defsig_general.o(.text) for __default_signal_display
    defsig_segv_inner.o(.text) refers to defsig_general.o(.text) for __default_signal_display
    defsig_other.o(.text) refers to defsig_general.o(.text) for __default_signal_display
    highcan.o(i.hCAN_arbitrationLost) refers to highcan.o(.data) for busMine


==============================================================================

Removing Unused input sections from the image.

    Removing sample.o(.rev16_text), (4 bytes).
    Removing sample.o(.revsh_text), (4 bytes).
    Removing sample.o(.rrx_text), (6 bytes).
    Removing core_cm3.o(.emb_text), (32 bytes).
    Removing system_lpc17xx.o(.rev16_text), (4 bytes).
    Removing system_lpc17xx.o(.revsh_text), (4 bytes).
    Removing system_lpc17xx.o(.rrx_text), (6 bytes).
    Removing funct_led.o(.rev16_text), (4 bytes).
    Removing funct_led.o(.revsh_text), (4 bytes).
    Removing funct_led.o(.rrx_text), (6 bytes).
    Removing lib_led.o(.rev16_text), (4 bytes).
    Removing lib_led.o(.revsh_text), (4 bytes).
    Removing lib_led.o(.rrx_text), (6 bytes).
    Removing irq_button.o(.rev16_text), (4 bytes).
    Removing irq_button.o(.revsh_text), (4 bytes).
    Removing irq_button.o(.rrx_text), (6 bytes).
    Removing lib_button.o(.rev16_text), (4 bytes).
    Removing lib_button.o(.revsh_text), (4 bytes).
    Removing lib_button.o(.rrx_text), (6 bytes).
    Removing irq_rit.o(.rev16_text), (4 bytes).
    Removing irq_rit.o(.revsh_text), (4 bytes).
    Removing irq_rit.o(.rrx_text), (6 bytes).
    Removing lib_rit.o(.rev16_text), (4 bytes).
    Removing lib_rit.o(.revsh_text), (4 bytes).
    Removing lib_rit.o(.rrx_text), (6 bytes).
    Removing lib_joystick.o(.rev16_text), (4 bytes).
    Removing lib_joystick.o(.revsh_text), (4 bytes).
    Removing lib_joystick.o(.rrx_text), (6 bytes).
    Removing irq_timer.o(.rev16_text), (4 bytes).
    Removing irq_timer.o(.revsh_text), (4 bytes).
    Removing irq_timer.o(.rrx_text), (6 bytes).
    Removing lib_timer.o(.rev16_text), (4 bytes).
    Removing lib_timer.o(.revsh_text), (4 bytes).
    Removing lib_timer.o(.rrx_text), (6 bytes).
    Removing glcd.o(.rev16_text), (4 bytes).
    Removing glcd.o(.revsh_text), (4 bytes).
    Removing glcd.o(.rrx_text), (6 bytes).
    Removing hzlib.o(.text), (52 bytes).
    Removing hzlib.o(.constdata), (216576 bytes).
    Removing touchpanel.o(.rev16_text), (4 bytes).
    Removing touchpanel.o(.revsh_text), (4 bytes).
    Removing touchpanel.o(.rrx_text), (6 bytes).
    Removing touchpanel.o(.text), (2072 bytes).
    Removing touchpanel.o(.bss), (68 bytes).
    Removing touchpanel.o(.data), (20 bytes).
    Removing irq_adc.o(.rev16_text), (4 bytes).
    Removing irq_adc.o(.revsh_text), (4 bytes).
    Removing irq_adc.o(.rrx_text), (6 bytes).
    Removing lib_adc.o(.rev16_text), (4 bytes).
    Removing lib_adc.o(.revsh_text), (4 bytes).
    Removing lib_adc.o(.rrx_text), (6 bytes).
    Removing draw.o(.rev16_text), (4 bytes).
    Removing draw.o(.revsh_text), (4 bytes).
    Removing draw.o(.rrx_text), (6 bytes).
    Removing can.o(.rev16_text), (4 bytes).
    Removing can.o(.revsh_text), (4 bytes).
    Removing can.o(.rrx_text), (6 bytes).
    Removing highcan.o(.rev16_text), (4 bytes).
    Removing highcan.o(.revsh_text), (4 bytes).
    Removing highcan.o(.rrx_text), (6 bytes).
    Removing irq_can.o(.rev16_text), (4 bytes).
    Removing irq_can.o(.revsh_text), (4 bytes).
    Removing irq_can.o(.rrx_text), (6 bytes).
    Removing lpc17xx_can.o(.rev16_text), (4 bytes).
    Removing lpc17xx_can.o(.revsh_text), (4 bytes).
    Removing lpc17xx_can.o(.rrx_text), (6 bytes).
    Removing lpc17xx_clkpwr.o(.rev16_text), (4 bytes).
    Removing lpc17xx_clkpwr.o(.revsh_text), (4 bytes).
    Removing lpc17xx_clkpwr.o(.rrx_text), (6 bytes).
    Removing can.o(i.CAN_allTXok), (10 bytes).
    Removing highcan.o(i.hCAN_arbitrationLost), (52 bytes).
    Removing highcan.o(i.hCAN_busError), (36 bytes).

72 unused section(s) (total 219212 bytes) removed from the image.

==============================================================================

Image Symbol Table

    Local Symbols

    Symbol Name                              Value     Ov Type        Size  Object(Section)

    RESET                                    0x00000000   Section      204  startup_lpc17xx.o(RESET)
    ../clib/angel/boardlib.s                 0x00000000   Number         0  boardinit1.o ABSOLUTE
    ../clib/angel/boardlib.s                 0x00000000   Number         0  boardinit2.o ABSOLUTE
    ../clib/angel/boardlib.s                 0x00000000   Number         0  boardinit3.o ABSOLUTE
    ../clib/angel/boardlib.s                 0x00000000   Number         0  boardshut.o ABSOLUTE
    ../clib/angel/dczerorl2.s                0x00000000   Number         0  __dczerorl2.o ABSOLUTE
    ../clib/angel/handlers.s                 0x00000000   Number         0  __scatter_copy.o ABSOLUTE
    ../clib/angel/handlers.s                 0x00000000   Number         0  __scatter_zi.o ABSOLUTE
    ../clib/angel/kernel.s                   0x00000000   Number         0  __rtentry.o ABSOLUTE
    ../clib/angel/kernel.s                   0x00000000   Number         0  rtexit2.o ABSOLUTE
    ../clib/angel/kernel.s                   0x00000000   Number         0  __rtentry2.o ABSOLUTE
    ../clib/angel/kernel.s                   0x00000000   Number         0  rtexit.o ABSOLUTE
    ../clib/angel/kernel.s                   0x00000000   Number         0  __rtentry4.o ABSOLUTE
    ../clib/angel/rt.s                       0x00000000   Number         0  rt_raise.o ABSOLUTE
    ../clib/angel/scatter.s                  0x00000000   Number         0  __scatter.o ABSOLUTE
    ../clib/angel/startup.s                  0x00000000   Number         0  __main.o ABSOLUTE
    ../clib/angel/sys.s                      0x00000000   Number         0  sys_stackheap_outer.o ABSOLUTE
    ../clib/angel/sys.s                      0x00000000   Number         0  libspace.o ABSOLUTE
    ../clib/angel/sys.s                      0x00000000   Number         0  use_no_semi.o ABSOLUTE
    ../clib/angel/sys.s                      0x00000000   Number         0  indicate_semi.o ABSOLUTE
    ../clib/angel/sysapp.c                   0x00000000   Number         0  sys_exit.o ABSOLUTE
    ../clib/angel/sysapp.c                   0x00000000   Number         0  sys_wrch.o ABSOLUTE
    ../clib/angel/sysapp.c                   0x00000000   Number         0  sys_command.o ABSOLUTE
    ../clib/armsys.c                         0x00000000   Number         0  argv_veneer.o ABSOLUTE
    ../clib/armsys.c                         0x00000000   Number         0  argv_veneer.o ABSOLUTE
    ../clib/armsys.c                         0x00000000   Number         0  _get_argv_nomalloc.o ABSOLUTE
    ../clib/armsys.c                         0x00000000   Number         0  no_argv.o ABSOLUTE
    ../clib/heapalloc.c                      0x00000000   Number         0  hrguard.o ABSOLUTE
    ../clib/heapaux.c                        0x00000000   Number         0  heapauxi.o ABSOLUTE
    ../clib/libinit.s                        0x00000000   Number         0  libshutdown2.o ABSOLUTE
    ../clib/libinit.s                        0x00000000   Number         0  libinit2.o ABSOLUTE
    ../clib/libinit.s                        0x00000000   Number         0  libinit.o ABSOLUTE
    ../clib/libinit.s                        0x00000000   Number         0  libshutdown.o ABSOLUTE
    ../clib/memcpset.s                       0x00000000   Number         0  rt_memcpy_v6.o ABSOLUTE
    ../clib/memcpset.s                       0x00000000   Number         0  rt_memclr_w.o ABSOLUTE
    ../clib/memcpset.s                       0x00000000   Number         0  rt_memcpy_w.o ABSOLUTE
    ../clib/signal.c                         0x00000000   Number         0  defsig_rtmem_inner.o ABSOLUTE
    ../clib/signal.c                         0x00000000   Number         0  __raise.o ABSOLUTE
    ../clib/signal.c                         0x00000000   Number         0  defsig_general.o ABSOLUTE
    ../clib/signal.c                         0x00000000   Number         0  defsig_rtmem_formal.o ABSOLUTE
    ../clib/signal.c                         0x00000000   Number         0  defsig_rtred_inner.o ABSOLUTE
    ../clib/signal.c                         0x00000000   Number         0  defsig_other.o ABSOLUTE
    ../clib/signal.c                         0x00000000   Number         0  defsig_segv_inner.o ABSOLUTE
    ../clib/signal.c                         0x00000000   Number         0  defsig_cppl_inner.o ABSOLUTE
    ../clib/signal.c                         0x00000000   Number         0  defsig_stak_inner.o ABSOLUTE
    ../clib/signal.c                         0x00000000   Number         0  defsig_abrt_inner.o ABSOLUTE
    ../clib/signal.c                         0x00000000   Number         0  defsig_fpe_inner.o ABSOLUTE
    ../clib/signal.c                         0x00000000   Number         0  defsig_exit.o ABSOLUTE
    ../clib/signal.c                         0x00000000   Number         0  defsig_rtmem_outer.o ABSOLUTE
    ../clib/signal.c                         0x00000000   Number         0  defsig_pvfn_inner.o ABSOLUTE
    ../clib/signal.s                         0x00000000   Number         0  defsig.o ABSOLUTE
    ../clib/stdlib.c                         0x00000000   Number         0  exit.o ABSOLUTE
    ../fplib/daddsub.s                       0x00000000   Number         0  daddsub_clz.o ABSOLUTE
    ../fplib/dcmpi.s                         0x00000000   Number         0  dcmpi.o ABSOLUTE
    ../fplib/ddiv.s                          0x00000000   Number         0  ddiv.o ABSOLUTE
    ../fplib/deqf.s                          0x00000000   Number         0  deqf.o ABSOLUTE
    ../fplib/dfixu.s                         0x00000000   Number         0  dfixu.o ABSOLUTE
    ../fplib/dflt.s                          0x00000000   Number         0  dflt_clz.o ABSOLUTE
    ../fplib/dmul.s                          0x00000000   Number         0  dmul.o ABSOLUTE
    ../fplib/dnaninf.s                       0x00000000   Number         0  dnaninf.o ABSOLUTE
    ../fplib/dretinf.s                       0x00000000   Number         0  dretinf.o ABSOLUTE
    ../fplib/fpinit.s                        0x00000000   Number         0  fpinit.o ABSOLUTE
    ../fplib/usenofp.s                       0x00000000   Number         0  usenofp.o ABSOLUTE
    CAN\Drivers\source\lpc17xx_can.c         0x00000000   Number         0  lpc17xx_can.o ABSOLUTE
    CAN\Drivers\source\lpc17xx_clkpwr.c      0x00000000   Number         0  lpc17xx_clkpwr.o ABSOLUTE
    CAN\IRQ_CAN.c                            0x00000000   Number         0  irq_can.o ABSOLUTE
    CAN\\Drivers\\source\\lpc17xx_can.c      0x00000000   Number         0  lpc17xx_can.o ABSOLUTE
    CAN\\Drivers\\source\\lpc17xx_clkpwr.c   0x00000000   Number         0  lpc17xx_clkpwr.o ABSOLUTE
    CAN\\IRQ_CAN.c                           0x00000000   Number         0  irq_can.o ABSOLUTE
    CAN\\can.c                               0x00000000   Number         0  can.o ABSOLUTE
    CAN\\highcan.c                           0x00000000   Number         0  highcan.o ABSOLUTE
    CAN\can.c                                0x00000000   Number         0  can.o ABSOLUTE
    CAN\highcan.c                            0x00000000   Number         0  highcan.o ABSOLUTE
    GLCD\AsciiLib.c                          0x00000000   Number         0  asciilib.o ABSOLUTE
    GLCD\GLCD.c                              0x00000000   Number         0  glcd.o ABSOLUTE
    GLCD\HzLib.c                             0x00000000   Number         0  hzlib.o ABSOLUTE
    GLCD\\GLCD.c                             0x00000000   Number         0  glcd.o ABSOLUTE
    RIT\IRQ_RIT.c                            0x00000000   Number         0  irq_rit.o ABSOLUTE
    RIT\\IRQ_RIT.c                           0x00000000   Number         0  irq_rit.o ABSOLUTE
    RIT\\lib_RIT.c                           0x00000000   Number         0  lib_rit.o ABSOLUTE
    RIT\lib_RIT.c                            0x00000000   Number         0  lib_rit.o ABSOLUTE
    TouchPanel\TouchPanel.c                  0x00000000   Number         0  touchpanel.o ABSOLUTE
    TouchPanel\\TouchPanel.c                 0x00000000   Number         0  touchpanel.o ABSOLUTE
    adc\IRQ_adc.c                            0x00000000   Number         0  irq_adc.o ABSOLUTE
    adc\\IRQ_adc.c                           0x00000000   Number         0  irq_adc.o ABSOLUTE
    adc\\lib_adc.c                           0x00000000   Number         0  lib_adc.o ABSOLUTE
    adc\lib_adc.c                            0x00000000   Number         0  lib_adc.o ABSOLUTE
    button_EXINT\IRQ_button.c                0x00000000   Number         0  irq_button.o ABSOLUTE
    button_EXINT\\IRQ_button.c               0x00000000   Number         0  irq_button.o ABSOLUTE
    button_EXINT\\lib_button.c               0x00000000   Number         0  lib_button.o ABSOLUTE
    button_EXINT\lib_button.c                0x00000000   Number         0  lib_button.o ABSOLUTE
    core_cm3.c                               0x00000000   Number         0  core_cm3.o ABSOLUTE
    core_cm3.c                               0x00000000   Number         0  core_cm3.o ABSOLUTE
    dc.s                                     0x00000000   Number         0  dc.o ABSOLUTE
    drawing\\draw.c                          0x00000000   Number         0  draw.o ABSOLUTE
    drawing\draw.c                           0x00000000   Number         0  draw.o ABSOLUTE
    joystick\\lib_joystick.c                 0x00000000   Number         0  lib_joystick.o ABSOLUTE
    joystick\lib_joystick.c                  0x00000000   Number         0  lib_joystick.o ABSOLUTE
    led\\funct_led.c                         0x00000000   Number         0  funct_led.o ABSOLUTE
    led\\lib_led.c                           0x00000000   Number         0  lib_led.o ABSOLUTE
    led\funct_led.c                          0x00000000   Number         0  funct_led.o ABSOLUTE
    led\lib_led.c                            0x00000000   Number         0  lib_led.o ABSOLUTE
    sample.c                                 0x00000000   Number         0  sample.o ABSOLUTE
    sample.c                                 0x00000000   Number         0  sample.o ABSOLUTE
    security\aes.c                           0x00000000   Number         0  aes.o ABSOLUTE
    security\security.c                      0x00000000   Number         0  security.o ABSOLUTE
    security\sha256.c                        0x00000000   Number         0  sha256.o ABSOLUTE
    startup_LPC17xx.s                        0x00000000   Number         0  startup_lpc17xx.o ABSOLUTE
    system_LPC17xx.c                         0x00000000   Number         0  system_lpc17xx.o ABSOLUTE
    system_LPC17xx.c                         0x00000000   Number         0  system_lpc17xx.o ABSOLUTE
    timer\IRQ_timer.c                        0x00000000   Number         0  irq_timer.o ABSOLUTE
    timer\\IRQ_timer.c                       0x00000000   Number         0  irq_timer.o ABSOLUTE
    timer\\lib_timer.c                       0x00000000   Number         0  lib_timer.o ABSOLUTE
    timer\lib_timer.c                        0x00000000   Number         0  lib_timer.o ABSOLUTE
    !!!main                                  0x000000cc   Section        8  __main.o(!!!main)
    !!!scatter                               0x000000d4   Section       52  __scatter.o(!!!scatter)
    !!dczerorl2                              0x00000108   Section       90  __dczerorl2.o(!!dczerorl2)
    !!handler_copy                           0x00000164   Section       26  __scatter_copy.o(!!handler_copy)
    !!handler_zi                             0x00000180   Section       28  __scatter_zi.o(!!handler_zi)
    .ARM.Collect$$libinit$$00000000          0x0000019c   Section        2  libinit.o(.ARM.Collect$$libinit$$00000000)
    .ARM.Collect$$libinit$$00000002          0x0000019e   Section        0  libinit2.o(.ARM.Collect$$libinit$$00000002)
    .ARM.Collect$$libinit$$00000004          0x0000019e   Section        0  libinit2.o(.ARM.Collect$$libinit$$00000004)
    .ARM.Collect$$libinit$$0000000A          0x0000019e   Section        0  libinit2.o(.ARM.Collect$$libinit$$0000000A)
    .ARM.Collect$$libinit$$0000000C          0x0000019e   Section        0  libinit2.o(.ARM.Collect$$libinit$$0000000C)
    .ARM.Collect$$libinit$$0000000E          0x0000019e   Section        0  libinit2.o(.ARM.Collect$$libinit$$0000000E)
    .ARM.Collect$$libinit$$00000011          0x0000019e   Section        0  libinit2.o(.ARM.Collect$$libinit$$00000011)
    .ARM.Collect$$libinit$$00000013          0x0000019e   Section        0  libinit2.o(.ARM.Collect$$libinit$$00000013)
    .ARM.Collect$$libinit$$00000015          0x0000019e   Section        0  libinit2.o(.ARM.Collect$$libinit$$00000015)
    .ARM.Collect$$libinit$$00000017          0x0000019e   Section        0  libinit2.o(.ARM.Collect$$libinit$$00000017)
    .ARM.Collect$$libinit$$00000019          0x0000019e   Section        0  libinit2.o(.ARM.Collect$$libinit$$00000019)
    .ARM.Collect$$libinit$$0000001B          0x0000019e   Section        0  libinit2.o(.ARM.Collect$$libinit$$0000001B)
    .ARM.Collect$$libinit$$0000001D          0x0000019e   Section        0  libinit2.o(.ARM.Collect$$libinit$$0000001D)
    .ARM.Collect$$libinit$$0000001F          0x0000019e   Section        0  libinit2.o(.ARM.Collect$$libinit$$0000001F)
    .ARM.Collect$$libinit$$00000021          0x0000019e   Section        0  libinit2.o(.ARM.Collect$$libinit$$00000021)
    .ARM.Collect$$libinit$$00000023          0x0000019e   Section        0  libinit2.o(.ARM.Collect$$libinit$$00000023)
    .ARM.Collect$$libinit$$00000025          0x0000019e   Section        0  libinit2.o(.ARM.Collect$$libinit$$00000025)
    .ARM.Collect$$libinit$$0000002C          0x0000019e   Section        0  libinit2.o(.ARM.Collect$$libinit$$0000002C)
    .ARM.Collect$$libinit$$0000002E          0x0000019e   Section        0  libinit2.o(.ARM.Collect$$libinit$$0000002E)
    .ARM.Collect$$libinit$$00000030          0x0000019e   Section        0  libinit2.o(.ARM.Collect$$libinit$$00000030)
    .ARM.Collect$$libinit$$00000032          0x0000019e   Section        0  libinit2.o(.ARM.Collect$$libinit$$00000032)
    .ARM.Collect$$libinit$$00000033          0x0000019e   Section        2  libinit2.o(.ARM.Collect$$libinit$$00000033)
    .ARM.Collect$$libshutdown$$00000000      0x000001a0   Section        2  libshutdown.o(.ARM.Collect$$libshutdown$$00000000)
    .ARM.Collect$$libshutdown$$00000002      0x000001a2   Section        0  libshutdown2.o(.ARM.Collect$$libshutdown$$00000002)
    .ARM.Collect$$libshutdown$$00000004      0x000001a2   Section        0  libshutdown2.o(.ARM.Collect$$libshutdown$$00000004)
    .ARM.Collect$$libshutdown$$00000007      0x000001a2   Section        0  libshutdown2.o(.ARM.Collect$$libshutdown$$00000007)
    .ARM.Collect$$libshutdown$$0000000A      0x000001a2   Section        0  libshutdown2.o(.ARM.Collect$$libshutdown$$0000000A)
    .ARM.Collect$$libshutdown$$0000000C      0x000001a2   Section        0  libshutdown2.o(.ARM.Collect$$libshutdown$$0000000C)
    .ARM.Collect$$libshutdown$$0000000F      0x000001a2   Section        0  libshutdown2.o(.ARM.Collect$$libshutdown$$0000000F)
    .ARM.Collect$$libshutdown$$00000010      0x000001a2   Section        2  libshutdown2.o(.ARM.Collect$$libshutdown$$00000010)
    .ARM.Collect$$rtentry$$00000000          0x000001a4   Section        0  __rtentry.o(.ARM.Collect$$rtentry$$00000000)
    .ARM.Collect$$rtentry$$00000002          0x000001a4   Section        0  __rtentry2.o(.ARM.Collect$$rtentry$$00000002)
    .ARM.Collect$$rtentry$$00000004          0x000001a4   Section        6  __rtentry4.o(.ARM.Collect$$rtentry$$00000004)
    .ARM.Collect$$rtentry$$00000009          0x000001aa   Section        0  __rtentry2.o(.ARM.Collect$$rtentry$$00000009)
    .ARM.Collect$$rtentry$$0000000A          0x000001aa   Section        4  __rtentry2.o(.ARM.Collect$$rtentry$$0000000A)
    .ARM.Collect$$rtentry$$0000000C          0x000001ae   Section        0  __rtentry2.o(.ARM.Collect$$rtentry$$0000000C)
    .ARM.Collect$$rtentry$$0000000D          0x000001ae   Section        8  __rtentry2.o(.ARM.Collect$$rtentry$$0000000D)
    .ARM.Collect$$rtexit$$00000000           0x000001b6   Section        2  rtexit.o(.ARM.Collect$$rtexit$$00000000)
    .ARM.Collect$$rtexit$$00000002           0x000001b8   Section        0  rtexit2.o(.ARM.Collect$$rtexit$$00000002)
    .ARM.Collect$$rtexit$$00000003           0x000001b8   Section        4  rtexit2.o(.ARM.Collect$$rtexit$$00000003)
    .ARM.Collect$$rtexit$$00000004           0x000001bc   Section        6  rtexit2.o(.ARM.Collect$$rtexit$$00000004)
    .text                                    0x000001c4   Section       52  startup_lpc17xx.o(.text)
    .text                                    0x000001f8   Section        0  funct_led.o(.text)
    .text                                    0x00000264   Section        0  lib_led.o(.text)
    .text                                    0x000002a4   Section        0  lib_joystick.o(.text)
    .text                                    0x000002c8   Section        0  asciilib.o(.text)
    .text                                    0x000002e8   Section        0  heapauxi.o(.text)
    .text                                    0x000002f0   Section        8  libspace.o(.text)
    .text                                    0x000002f8   Section        2  use_no_semi.o(.text)
    .text                                    0x000002fa   Section        0  indicate_semi.o(.text)
    .ARM.__at_0x02FC                         0x000002fc   Section        4  startup_lpc17xx.o(.ARM.__at_0x02FC)
    .text                                    0x00000300   Section        0  sample.o(.text)
    .text                                    0x00000570   Section        0  system_lpc17xx.o(.text)
    .text                                    0x000007f0   Section        0  irq_button.o(.text)
    __NVIC_DisableIRQ                        0x000007f1   Thumb Code    30  irq_button.o(.text)
    .text                                    0x000008a8   Section        0  lib_button.o(.text)
    __NVIC_EnableIRQ                         0x000008a9   Thumb Code    34  lib_button.o(.text)
    __NVIC_SetPriority                       0x000008cb   Thumb Code    32  lib_button.o(.text)
    .text                                    0x0000097c   Section        0  irq_rit.o(.text)
    __NVIC_EnableIRQ                         0x0000097d   Thumb Code    34  irq_rit.o(.text)
    .text                                    0x000011b4   Section        0  lib_rit.o(.text)
    .text                                    0x00001248   Section        0  irq_timer.o(.text)
    .text                                    0x0000137c   Section        0  lib_timer.o(.text)
    __NVIC_EnableIRQ                         0x0000137d   Thumb Code    34  lib_timer.o(.text)
    .text                                    0x00001468   Section        0  glcd.o(.text)
    LCD_Configuration                        0x00001469   Thumb Code    20  glcd.o(.text)
    wait_delay                               0x0000147d   Thumb Code    12  glcd.o(.text)
    LCD_SetCursor                            0x00001489   Thumb Code  1356  glcd.o(.text)
    delay_ms                                 0x000019d5   Thumb Code    30  glcd.o(.text)
    LCD_BGR2RGB                              0x00004ed1   Thumb Code    26  glcd.o(.text)
    .text                                    0x0000554c   Section        0  irq_adc.o(.text)
    .text                                    0x000056ac   Section        0  lib_adc.o(.text)
    .text                                    0x0000573c   Section        0  draw.o(.text)
    .text                                    0x00005870   Section        0  can.o(.text)
    .text                                    0x000059d0   Section        0  highcan.o(.text)
    putMessageInBuffer                       0x00005e11   Thumb Code   226  highcan.o(.text)
    .text                                    0x0000606c   Section        0  irq_can.o(.text)
    .text                                    0x000061b4   Section        0  lpc17xx_can.o(.text)
    can_SetBaudrate                          0x000061b7   Thumb Code   178  lpc17xx_can.o(.text)
    .text                                    0x00007f98   Section        0  lpc17xx_clkpwr.o(.text)
    .text                                    0x000080d8   Section        0  security.o(.text)
    .text                                    0x00008198   Section        0  sha256.o(.text)
    .text                                    0x00008598   Section        0  aes.o(.text)
    KeyExpansion                             0x00008599   Thumb Code   282  aes.o(.text)
    AddRoundKey                              0x000086f5   Thumb Code    56  aes.o(.text)
    SubBytes                                 0x0000872d   Thumb Code    46  aes.o(.text)
    ShiftRows                                0x0000875b   Thumb Code    50  aes.o(.text)
    xtime                                    0x0000878d   Thumb Code    20  aes.o(.text)
    MixColumns                               0x000087a1   Thumb Code   212  aes.o(.text)
    Cipher                                   0x00008875   Thumb Code    76  aes.o(.text)
    .text                                    0x0000893c   Section      138  rt_memcpy_v6.o(.text)
    .text                                    0x000089c6   Section       78  rt_memclr_w.o(.text)
    .text                                    0x00008a14   Section      100  rt_memcpy_w.o(.text)
    .text                                    0x00008a78   Section       74  sys_stackheap_outer.o(.text)
    .text                                    0x00008ac2   Section        0  exit.o(.text)
    .text                                    0x00008ad4   Section        0  sys_exit.o(.text)
    i.CAN_internalPrioMode                   0x00008ae0   Section        0  can.o(i.CAN_internalPrioMode)
    i.CAN_isTransmitting                     0x00008b60   Section        0  can.o(i.CAN_isTransmitting)
    i.CAN_resetTXERR                         0x00008b6a   Section        0  can.o(i.CAN_resetTXERR)
    .constdata                               0x00008b84   Section       32  funct_led.o(.constdata)
    .constdata                               0x00008ba4   Section       32  irq_timer.o(.constdata)
    .constdata                               0x00008bc4   Section     1520  asciilib.o(.constdata)
    AsciiLib                                 0x00008bc4   Data        1520  asciilib.o(.constdata)
    .constdata                               0x000091b4   Section      256  sha256.o(.constdata)
    k                                        0x000091b4   Data         256  sha256.o(.constdata)
    .constdata                               0x000092b4   Section      267  aes.o(.constdata)
    sbox                                     0x000092b4   Data         256  aes.o(.constdata)
    Rcon                                     0x000093b4   Data          11  aes.o(.constdata)
    .data                                    0x10000000   Section       57  sample.o(.data)
    .data                                    0x1000003c   Section        4  system_lpc17xx.o(.data)
    .data                                    0x10000040   Section      233  irq_timer.o(.data)
    ticks                                    0x10000124   Data           4  irq_timer.o(.data)
    state                                    0x10000128   Data           1  irq_timer.o(.data)
    .data                                    0x10000129   Section        1  glcd.o(.data)
    LCD_Code                                 0x10000129   Data           1  glcd.o(.data)
    .data                                    0x1000012c   Section        8  irq_adc.o(.data)
    .data                                    0x10000134   Section       12  lpc17xx_can.o(.data)
    .bss                                     0x10000140   Section      592  sample.o(.bss)
    .bss                                     0x10000390   Section       96  libspace.o(.bss)
    .data                                    0x2007c000   Section        1  lib_led.o(.data)
    .data                                    0x2007c004   Section       17  irq_rit.o(.data)
    select                                   0x2007c00c   Data           4  irq_rit.o(.data)
    left                                     0x2007c010   Data           1  irq_rit.o(.data)
    right                                    0x2007c011   Data           1  irq_rit.o(.data)
    lowBeamsState                            0x2007c012   Data           1  irq_rit.o(.data)
    highBeamsState                           0x2007c013   Data           1  irq_rit.o(.data)
    breakLights                              0x2007c014   Data           1  irq_rit.o(.data)
    .data                                    0x2007c018   Section        8  can.o(.data)
    CAN_state                                0x2007c018   Data           1  can.o(.data)
    counter                                  0x2007c019   Data           2  can.o(.data)
    tableLen                                 0x2007c01c   Data           4  can.o(.data)
    .data                                    0x2007c020   Section       64  highcan.o(.data)
    ID                                       0x2007c020   Data           8  highcan.o(.data)
    busBlocked                               0x2007c028   Data           8  highcan.o(.data)
    hCAN_AfEntry                             0x2007c03c   Data           8  highcan.o(.data)
    recStatus                                0x2007c054   Data           1  highcan.o(.data)
    recNext                                  0x2007c058   Data           4  highcan.o(.data)
    buffIndex                                0x2007c05c   Data           4  highcan.o(.data)
    .bss                                     0x2007c060   Section      400  highcan.o(.bss)
    HEAP                                     0x2007c1f0   Section        0  startup_lpc17xx.o(HEAP)
    STACK                                    0x2007c1f0   Section      512  startup_lpc17xx.o(STACK)
    Heap_Mem                                 0x2007c1f0   Data           0  startup_lpc17xx.o(HEAP)
    Stack_Mem                                0x2007c1f0   Data         512  startup_lpc17xx.o(STACK)
    __initial_sp                             0x2007c3f0   Data           0  startup_lpc17xx.o(STACK)

    Global Symbols

    Symbol Name                              Value     Ov Type        Size  Object(Section)

    BuildAttributes$$THM_ISAv4$P$D$K$B$S$PE$A:L22UL41UL21$X:L11$S22US41US21$IEEE1$IW$USESV6$~STKCKD$USESV7$~SHL$OSPACE$ROPI$EBA8$UX$STANDARDLIB$REQ8$PRES8$EABIv2 0x00000000   Number         0  anon$$obj.o ABSOLUTE
    __ARM_use_no_argv                        0x00000000   Number         0  sample.o ABSOLUTE
    __Vectors                                0x00000000   Data           4  startup_lpc17xx.o(RESET)
    __ARM_exceptions_init                     - Undefined Weak Reference
    __alloca_initialize                       - Undefined Weak Reference
    __arm_preinit_                            - Undefined Weak Reference
    __cpp_initialize__aeabi_                  - Undefined Weak Reference
    __cxa_finalize                            - Undefined Weak Reference
    __rt_locale                               - Undefined Weak Reference
    __sigvec_lookup                           - Undefined Weak Reference
    _atexit_init                              - Undefined Weak Reference
    _call_atexit_fns                          - Undefined Weak Reference
    _clock_init                               - Undefined Weak Reference
    _fp_trap_init                             - Undefined Weak Reference
    _fp_trap_shutdown                         - Undefined Weak Reference
    _get_lc_collate                           - Undefined Weak Reference
    _get_lc_ctype                             - Undefined Weak Reference
    _get_lc_monetary                          - Undefined Weak Reference
    _get_lc_numeric                           - Undefined Weak Reference
    _get_lc_time                              - Undefined Weak Reference
    _getenv_init                              - Undefined Weak Reference
    _handle_redirection                       - Undefined Weak Reference
    _init_alloc                               - Undefined Weak Reference
    _init_user_alloc                          - Undefined Weak Reference
    _initio                                   - Undefined Weak Reference
    _rand_init                                - Undefined Weak Reference
    _signal_finish                            - Undefined Weak Reference
    _signal_init                              - Undefined Weak Reference
    _terminate_alloc                          - Undefined Weak Reference
    _terminate_user_alloc                     - Undefined Weak Reference
    _terminateio                              - Undefined Weak Reference
    __main                                   0x000000cd   Thumb Code     8  __main.o(!!!main)
    __scatterload                            0x000000d5   Thumb Code     0  __scatter.o(!!!scatter)
    __scatterload_rt2                        0x000000d5   Thumb Code    44  __scatter.o(!!!scatter)
    __scatterload_rt2_thumb_only             0x000000d5   Thumb Code     0  __scatter.o(!!!scatter)
    __scatterload_null                       0x000000e3   Thumb Code     0  __scatter.o(!!!scatter)
    __decompress                             0x00000109   Thumb Code    90  __dczerorl2.o(!!dczerorl2)
    __decompress1                            0x00000109   Thumb Code     0  __dczerorl2.o(!!dczerorl2)
    __scatterload_copy                       0x00000165   Thumb Code    26  __scatter_copy.o(!!handler_copy)
    __scatterload_zeroinit                   0x00000181   Thumb Code    28  __scatter_zi.o(!!handler_zi)
    __rt_lib_init                            0x0000019d   Thumb Code     0  libinit.o(.ARM.Collect$$libinit$$00000000)
    __rt_lib_init_alloca_1                   0x0000019f   Thumb Code     0  libinit2.o(.ARM.Collect$$libinit$$0000002E)
    __rt_lib_init_argv_1                     0x0000019f   Thumb Code     0  libinit2.o(.ARM.Collect$$libinit$$0000002C)
    __rt_lib_init_atexit_1                   0x0000019f   Thumb Code     0  libinit2.o(.ARM.Collect$$libinit$$0000001B)
    __rt_lib_init_clock_1                    0x0000019f   Thumb Code     0  libinit2.o(.ARM.Collect$$libinit$$00000021)
    __rt_lib_init_cpp_1                      0x0000019f   Thumb Code     0  libinit2.o(.ARM.Collect$$libinit$$00000032)
    __rt_lib_init_exceptions_1               0x0000019f   Thumb Code     0  libinit2.o(.ARM.Collect$$libinit$$00000030)
    __rt_lib_init_fp_1                       0x0000019f   Thumb Code     0  libinit2.o(.ARM.Collect$$libinit$$00000002)
    __rt_lib_init_fp_trap_1                  0x0000019f   Thumb Code     0  libinit2.o(.ARM.Collect$$libinit$$0000001F)
    __rt_lib_init_getenv_1                   0x0000019f   Thumb Code     0  libinit2.o(.ARM.Collect$$libinit$$00000023)
    __rt_lib_init_heap_1                     0x0000019f   Thumb Code     0  libinit2.o(.ARM.Collect$$libinit$$0000000A)
    __rt_lib_init_lc_collate_1               0x0000019f   Thumb Code     0  libinit2.o(.ARM.Collect$$libinit$$00000011)
    __rt_lib_init_lc_ctype_1                 0x0000019f   Thumb Code     0  libinit2.o(.ARM.Collect$$libinit$$00000013)
    __rt_lib_init_lc_monetary_1              0x0000019f   Thumb Code     0  libinit2.o(.ARM.Collect$$libinit$$00000015)
    __rt_lib_init_lc_numeric_1               0x0000019f   Thumb Code     0  libinit2.o(.ARM.Collect$$libinit$$00000017)
    __rt_lib_init_lc_time_1                  0x0000019f   Thumb Code     0  libinit2.o(.ARM.Collect$$libinit$$00000019)
    __rt_lib_init_preinit_1                  0x0000019f   Thumb Code     0  libinit2.o(.ARM.Collect$$libinit$$00000004)
    __rt_lib_init_rand_1                     0x0000019f   Thumb Code     0  libinit2.o(.ARM.Collect$$libinit$$0000000E)
    __rt_lib_init_return                     0x0000019f   Thumb Code     0  libinit2.o(.ARM.Collect$$libinit$$00000033)
    __rt_lib_init_signal_1                   0x0000019f   Thumb Code     0  libinit2.o(.ARM.Collect$$libinit$$0000001D)
    __rt_lib_init_stdio_1                    0x0000019f   Thumb Code     0  libinit2.o(.ARM.Collect$$libinit$$00000025)
    __rt_lib_init_user_alloc_1               0x0000019f   Thumb Code     0  libinit2.o(.ARM.Collect$$libinit$$0000000C)
    __rt_lib_shutdown                        0x000001a1   Thumb Code     0  libshutdown.o(.ARM.Collect$$libshutdown$$00000000)
    __rt_lib_shutdown_cpp_1                  0x000001a3   Thumb Code     0  libshutdown2.o(.ARM.Collect$$libshutdown$$00000002)
    __rt_lib_shutdown_fp_trap_1              0x000001a3   Thumb Code     0  libshutdown2.o(.ARM.Collect$$libshutdown$$00000007)
    __rt_lib_shutdown_heap_1                 0x000001a3   Thumb Code     0  libshutdown2.o(.ARM.Collect$$libshutdown$$0000000F)
    __rt_lib_shutdown_return                 0x000001a3   Thumb Code     0  libshutdown2.o(.ARM.Collect$$libshutdown$$00000010)
    __rt_lib_shutdown_signal_1               0x000001a3   Thumb Code     0  libshutdown2.o(.ARM.Collect$$libshutdown$$0000000A)
    __rt_lib_shutdown_stdio_1                0x000001a3   Thumb Code     0  libshutdown2.o(.ARM.Collect$$libshutdown$$00000004)
    __rt_lib_shutdown_user_alloc_1           0x000001a3   Thumb Code     0  libshutdown2.o(.ARM.Collect$$libshutdown$$0000000C)
    __rt_entry                               0x000001a5   Thumb Code     0  __rtentry.o(.ARM.Collect$$rtentry$$00000000)
    __rt_entry_presh_1                       0x000001a5   Thumb Code     0  __rtentry2.o(.ARM.Collect$$rtentry$$00000002)
    __rt_entry_sh                            0x000001a5   Thumb Code     0  __rtentry4.o(.ARM.Collect$$rtentry$$00000004)
    __rt_entry_li                            0x000001ab   Thumb Code     0  __rtentry2.o(.ARM.Collect$$rtentry$$0000000A)
    __rt_entry_postsh_1                      0x000001ab   Thumb Code     0  __rtentry2.o(.ARM.Collect$$rtentry$$00000009)
    __rt_entry_main                          0x000001af   Thumb Code     0  __rtentry2.o(.ARM.Collect$$rtentry$$0000000D)
    __rt_entry_postli_1                      0x000001af   Thumb Code     0  __rtentry2.o(.ARM.Collect$$rtentry$$0000000C)
    __rt_exit                                0x000001b7   Thumb Code     0  rtexit.o(.ARM.Collect$$rtexit$$00000000)
    __rt_exit_ls                             0x000001b9   Thumb Code     0  rtexit2.o(.ARM.Collect$$rtexit$$00000003)
    __rt_exit_prels_1                        0x000001b9   Thumb Code     0  rtexit2.o(.ARM.Collect$$rtexit$$00000002)
    __rt_exit_exit                           0x000001bd   Thumb Code     0  rtexit2.o(.ARM.Collect$$rtexit$$00000004)
    Reset_Handler                            0x000001c5   Thumb Code     4  startup_lpc17xx.o(.text)
    NMI_Handler                              0x000001c9   Thumb Code     2  startup_lpc17xx.o(.text)
    HardFault_Handler                        0x000001cb   Thumb Code     2  startup_lpc17xx.o(.text)
    MemManage_Handler                        0x000001cd   Thumb Code     2  startup_lpc17xx.o(.text)
    BusFault_Handler                         0x000001cf   Thumb Code     2  startup_lpc17xx.o(.text)
    UsageFault_Handler                       0x000001d1   Thumb Code     2  startup_lpc17xx.o(.text)
    SVC_Handler                              0x000001d3   Thumb Code     2  startup_lpc17xx.o(.text)
    DebugMon_Handler                         0x000001d5   Thumb Code     2  startup_lpc17xx.o(.text)
    PendSV_Handler                           0x000001d7   Thumb Code     2  startup_lpc17xx.o(.text)
    SysTick_Handler                          0x000001d9   Thumb Code     2  startup_lpc17xx.o(.text)
    BOD_IRQHandler                           0x000001db   Thumb Code     0  startup_lpc17xx.o(.text)
    CANActivity_IRQHandler                   0x000001db   Thumb Code     0  startup_lpc17xx.o(.text)
    DMA_IRQHandler                           0x000001db   Thumb Code     0  startup_lpc17xx.o(.text)
    EINT3_IRQHandler                         0x000001db   Thumb Code     0  startup_lpc17xx.o(.text)
    ENET_IRQHandler                          0x000001db   Thumb Code     0  startup_lpc17xx.o(.text)
    I2C0_IRQHandler                          0x000001db   Thumb Code     0  startup_lpc17xx.o(.text)
    I2C1_IRQHandler                          0x000001db   Thumb Code     0  startup_lpc17xx.o(.text)
    I2C2_IRQHandler                          0x000001db   Thumb Code     0  startup_lpc17xx.o(.text)
    I2S_IRQHandler                           0x000001db   Thumb Code     0  startup_lpc17xx.o(.text)
    MCPWM_IRQHandler                         0x000001db   Thumb Code     0  startup_lpc17xx.o(.text)
    PLL0_IRQHandler                          0x000001db   Thumb Code     0  startup_lpc17xx.o(.text)
    PLL1_IRQHandler                          0x000001db   Thumb Code     0  startup_lpc17xx.o(.text)
    PWM1_IRQHandler                          0x000001db   Thumb Code     0  startup_lpc17xx.o(.text)
    QEI_IRQHandler                           0x000001db   Thumb Code     0  startup_lpc17xx.o(.text)
    RTC_IRQHandler                           0x000001db   Thumb Code     0  startup_lpc17xx.o(.text)
    SPI_IRQHandler                           0x000001db   Thumb Code     0  startup_lpc17xx.o(.text)
    SSP0_IRQHandler                          0x000001db   Thumb Code     0  startup_lpc17xx.o(.text)
    SSP1_IRQHandler                          0x000001db   Thumb Code     0  startup_lpc17xx.o(.text)
    TIMER3_IRQHandler                        0x000001db   Thumb Code     0  startup_lpc17xx.o(.text)
    UART0_IRQHandler                         0x000001db   Thumb Code     0  startup_lpc17xx.o(.text)
    UART1_IRQHandler                         0x000001db   Thumb Code     0  startup_lpc17xx.o(.text)
    UART2_IRQHandler                         0x000001db   Thumb Code     0  startup_lpc17xx.o(.text)
    UART3_IRQHandler                         0x000001db   Thumb Code     0  startup_lpc17xx.o(.text)
    USBActivity_IRQHandler                   0x000001db   Thumb Code     0  startup_lpc17xx.o(.text)
    USB_IRQHandler                           0x000001db   Thumb Code     0  startup_lpc17xx.o(.text)
    WDT_IRQHandler                           0x000001db   Thumb Code     0  startup_lpc17xx.o(.text)
    __user_initial_stackheap                 0x000001dd   Thumb Code     0  startup_lpc17xx.o(.text)
    LED_On                                   0x000001f9   Thumb Code    26  funct_led.o(.text)
    LED_Off                                  0x00000213   Thumb Code    26  funct_led.o(.text)
    LED_Out                                  0x0000022d   Thumb Code    42  funct_led.o(.text)
    LED_init                                 0x00000265   Thumb Code    36  lib_led.o(.text)
    LED_deinit                               0x00000289   Thumb Code    14  lib_led.o(.text)
    joystick_init                            0x000002a5   Thumb Code    26  lib_joystick.o(.text)
    GetASCIICode                             0x000002c9   Thumb Code    26  asciilib.o(.text)
    __use_two_region_memory                  0x000002e9   Thumb Code     2  heapauxi.o(.text)
    __rt_heap_escrow$2region                 0x000002eb   Thumb Code     2  heapauxi.o(.text)
    __rt_heap_expand$2region                 0x000002ed   Thumb Code     2  heapauxi.o(.text)
    __user_libspace                          0x000002f1   Thumb Code     8  libspace.o(.text)
    __user_perproc_libspace                  0x000002f1   Thumb Code     0  libspace.o(.text)
    __user_perthread_libspace                0x000002f1   Thumb Code     0  libspace.o(.text)
    __I$use$semihosting                      0x000002f9   Thumb Code     0  use_no_semi.o(.text)
    __use_no_semihosting_swi                 0x000002f9   Thumb Code     2  use_no_semi.o(.text)
    __semihosting_library_function           0x000002fb   Thumb Code     0  indicate_semi.o(.text)
    main                                     0x00000301   Thumb Code   440  sample.o(.text)
    SystemCoreClockUpdate                    0x00000571   Thumb Code   300  system_lpc17xx.o(.text)
    SystemInit                               0x0000069d   Thumb Code   308  system_lpc17xx.o(.text)
    EINT0_IRQHandler                         0x0000080f   Thumb Code    42  irq_button.o(.text)
    EINT1_IRQHandler                         0x00000839   Thumb Code    42  irq_button.o(.text)
    EINT2_IRQHandler                         0x00000863   Thumb Code    42  irq_button.o(.text)
    BUTTON_init                              0x000008eb   Thumb Code   124  lib_button.o(.text)
    RIT_IRQHandler                           0x0000099f   Thumb Code  1978  irq_rit.o(.text)
    enable_RIT                               0x000011b5   Thumb Code    14  lib_rit.o(.text)
    disable_RIT                              0x000011c3   Thumb Code    14  lib_rit.o(.text)
    reset_RIT                                0x000011d1   Thumb Code     8  lib_rit.o(.text)
    init_RIT                                 0x000011d9   Thumb Code    98  lib_rit.o(.text)
    TIMER0_IRQHandler                        0x00001249   Thumb Code    54  irq_timer.o(.text)
    TIMER1_IRQHandler                        0x0000127f   Thumb Code    96  irq_timer.o(.text)
    TIMER2_IRQHandler                        0x000012df   Thumb Code   114  irq_timer.o(.text)
    enable_timer                             0x0000139f   Thumb Code    32  lib_timer.o(.text)
    disable_timer                            0x000013bf   Thumb Code    32  lib_timer.o(.text)
    reset_timer                              0x000013df   Thumb Code    46  lib_timer.o(.text)
    init_timer                               0x0000140d   Thumb Code    82  lib_timer.o(.text)
    LCD_Initialization                       0x000019f3   Thumb Code 12014  glcd.o(.text)
    LCD_Clear                                0x000048e1   Thumb Code  1520  glcd.o(.text)
    LCD_GetPoint                             0x00004eeb   Thumb Code   994  glcd.o(.text)
    LCD_SetPoint                             0x000052cd   Thumb Code   206  glcd.o(.text)
    LCD_DrawLine                             0x0000539b   Thumb Code   250  glcd.o(.text)
    PutChar                                  0x00005495   Thumb Code   100  glcd.o(.text)
    GUI_Text                                 0x000054f9   Thumb Code    80  glcd.o(.text)
    ADC_IRQHandler                           0x0000554d   Thumb Code   234  irq_adc.o(.text)
    ADC_init                                 0x000056ad   Thumb Code   110  lib_adc.o(.text)
    ADC_start_conversion                     0x0000571b   Thumb Code    14  lib_adc.o(.text)
    clear_box                                0x0000573d   Thumb Code    52  draw.o(.text)
    correctRed                               0x00005771   Thumb Code    74  draw.o(.text)
    correctRed2                              0x000057bb   Thumb Code    52  draw.o(.text)
    correctGreen                             0x000057ef   Thumb Code    76  draw.o(.text)
    correctGreen2                            0x0000583b   Thumb Code    54  draw.o(.text)
    CAN_bufferFrame                          0x00005871   Thumb Code   130  can.o(.text)
    CAN_sendFrames                           0x000058f3   Thumb Code    62  can.o(.text)
    CAN_abortTransmission                    0x00005931   Thumb Code    10  can.o(.text)
    CAN_AF_loadSTDRangelEntry                0x0000593b   Thumb Code    92  can.o(.text)
    CAN_AF_disableEntry                      0x00005997   Thumb Code    40  can.o(.text)
    hCAN_init                                0x000059d1   Thumb Code   194  highcan.o(.text)
    hCAN_setID                               0x00005a93   Thumb Code     8  highcan.o(.text)
    hCAN_sendMessage                         0x00005a9b   Thumb Code   886  highcan.o(.text)
    hCAN_receiveMessage                      0x00005ef3   Thumb Code   334  highcan.o(.text)
    IRQ_CAN_ALI_HANDLER                      0x0000606d   Thumb Code    26  irq_can.o(.text)
    IRQ_CAN_BEI_HANDLER                      0x00006087   Thumb Code    26  irq_can.o(.text)
    IRQ_CAN_RECEIVE                          0x000060a1   Thumb Code   162  irq_can.o(.text)
    CAN_IRQHandler                           0x00006143   Thumb Code    78  irq_can.o(.text)
    check_failed                             0x000061b5   Thumb Code     2  lpc17xx_can.o(.text)
    CAN_Init                                 0x00006269   Thumb Code   176  lpc17xx_can.o(.text)
    CAN_DeInit                               0x00006319   Thumb Code    56  lpc17xx_can.o(.text)
    CAN_SetupAFLUT                           0x00006351   Thumb Code  1700  lpc17xx_can.o(.text)
    CAN_LoadExplicitEntry                    0x000069f5   Thumb Code   840  lpc17xx_can.o(.text)
    CAN_LoadFullCANEntry                     0x00006d3d   Thumb Code   826  lpc17xx_can.o(.text)
    CAN_LoadGroupEntry                       0x00007077   Thumb Code   816  lpc17xx_can.o(.text)
    CAN_RemoveEntry                          0x000073a7   Thumb Code  1220  lpc17xx_can.o(.text)
    CAN_SendMsg                              0x0000786b   Thumb Code   576  lpc17xx_can.o(.text)
    CAN_ReceiveMsg                           0x00007aab   Thumb Code   124  lpc17xx_can.o(.text)
    FCAN_ReadObj                             0x00007b27   Thumb Code   210  lpc17xx_can.o(.text)
    CAN_GetCTRLStatus                        0x00007bf9   Thumb Code    84  lpc17xx_can.o(.text)
    CAN_GetCRStatus                          0x00007c4d   Thumb Code    66  lpc17xx_can.o(.text)
    CAN_IRQCmd                               0x00007c8f   Thumb Code   170  lpc17xx_can.o(.text)
    CAN_SetAFMode                            0x00007d39   Thumb Code    94  lpc17xx_can.o(.text)
    CAN_ModeConfig                           0x00007d97   Thumb Code   340  lpc17xx_can.o(.text)
    CAN_SetCommand                           0x00007eeb   Thumb Code    38  lpc17xx_can.o(.text)
    CAN_IntGetStatus                         0x00007f11   Thumb Code    32  lpc17xx_can.o(.text)
    CAN_FullCANIntGetStatus                  0x00007f31   Thumb Code    34  lpc17xx_can.o(.text)
    CAN_FullCANPendGetStatus                 0x00007f53   Thumb Code    52  lpc17xx_can.o(.text)
    CLKPWR_SetPCLKDiv                        0x00007f99   Thumb Code    94  lpc17xx_clkpwr.o(.text)
    CLKPWR_GetPCLKSEL                        0x00007ff7   Thumb Code    34  lpc17xx_clkpwr.o(.text)
    CLKPWR_GetPCLK                           0x00008019   Thumb Code    58  lpc17xx_clkpwr.o(.text)
    CLKPWR_ConfigPPWR                        0x00008053   Thumb Code    46  lpc17xx_clkpwr.o(.text)
    CLKPWR_Sleep                             0x00008081   Thumb Code    12  lpc17xx_clkpwr.o(.text)
    CLKPWR_DeepSleep                         0x0000808d   Thumb Code    18  lpc17xx_clkpwr.o(.text)
    CLKPWR_PowerDown                         0x0000809f   Thumb Code    18  lpc17xx_clkpwr.o(.text)
    CLKPWR_DeepPowerDown                     0x000080b1   Thumb Code    18  lpc17xx_clkpwr.o(.text)
    digest                                   0x000080d9   Thumb Code    88  security.o(.text)
    verify_digest                            0x00008131   Thumb Code    50  security.o(.text)
    AES                                      0x00008163   Thumb Code    18  security.o(.text)
    AES_init                                 0x00008175   Thumb Code    34  security.o(.text)
    sha256_transform                         0x00008199   Thumb Code   558  sha256.o(.text)
    sha256_init                              0x000083c7   Thumb Code    44  sha256.o(.text)
    sha256_update                            0x000083f3   Thumb Code    68  sha256.o(.text)
    sha256_final                             0x00008437   Thumb Code   316  sha256.o(.text)
    AES_init_ctx                             0x000086b3   Thumb Code    16  aes.o(.text)
    AES_init_ctx_iv                          0x000086c3   Thumb Code    30  aes.o(.text)
    AES_ctx_set_iv                           0x000086e1   Thumb Code    20  aes.o(.text)
    AES_CTR_xcrypt_buffer                    0x000088c1   Thumb Code   114  aes.o(.text)
    __aeabi_memcpy                           0x0000893d   Thumb Code     0  rt_memcpy_v6.o(.text)
    __rt_memcpy                              0x0000893d   Thumb Code   138  rt_memcpy_v6.o(.text)
    _memcpy_lastbytes                        0x000089a3   Thumb Code     0  rt_memcpy_v6.o(.text)
    __aeabi_memclr4                          0x000089c7   Thumb Code     0  rt_memclr_w.o(.text)
    __aeabi_memclr8                          0x000089c7   Thumb Code     0  rt_memclr_w.o(.text)
    __rt_memclr_w                            0x000089c7   Thumb Code    78  rt_memclr_w.o(.text)
    _memset_w                                0x000089cb   Thumb Code     0  rt_memclr_w.o(.text)
    __aeabi_memcpy4                          0x00008a15   Thumb Code     0  rt_memcpy_w.o(.text)
    __aeabi_memcpy8                          0x00008a15   Thumb Code     0  rt_memcpy_w.o(.text)
    __rt_memcpy_w                            0x00008a15   Thumb Code   100  rt_memcpy_w.o(.text)
    _memcpy_lastbytes_aligned                0x00008a5d   Thumb Code     0  rt_memcpy_w.o(.text)
    __user_setup_stackheap                   0x00008a79   Thumb Code    74  sys_stackheap_outer.o(.text)
    exit                                     0x00008ac3   Thumb Code    18  exit.o(.text)
    _sys_exit                                0x00008ad5   Thumb Code     8  sys_exit.o(.text)
    CAN_internalPrioMode                     0x00008ae1   Thumb Code   128  can.o(i.CAN_internalPrioMode)
    CAN_isTransmitting                       0x00008b61   Thumb Code    10  can.o(i.CAN_isTransmitting)
    CAN_resetTXERR                           0x00008b6b   Thumb Code    24  can.o(i.CAN_resetTXERR)
    led_mask                                 0x00008b84   Data          32  funct_led.o(.constdata)
    freqs                                    0x00008ba4   Data          32  irq_timer.o(.constdata)
    Region$$Table$$Base                      0x000093c0   Number         0  anon$$obj.o(Region$$Table)
    Region$$Table$$Limit                     0x00009400   Number         0  anon$$obj.o(Region$$Table)
    key                                      0x10000000   Data          24  sample.o(.data)
    keyAES                                   0x10000018   Data          16  sample.o(.data)
    ivAES                                    0x10000028   Data          16  sample.o(.data)
    lock                                     0x10000038   Data           1  sample.o(.data)
    SystemCoreClock                          0x1000003c   Data           4  system_lpc17xx.o(.data)
    SinTable                                 0x10000040   Data          90  irq_timer.o(.data)
    seq4beats                                0x1000009c   Data         120  irq_timer.o(.data)
    play                                     0x10000114   Data           4  irq_timer.o(.data)
    blink_mask                               0x10000118   Data           4  irq_timer.o(.data)
    song                                     0x1000011c   Data           4  irq_timer.o(.data)
    note                                     0x10000120   Data           4  irq_timer.o(.data)
    AD_current                               0x1000012c   Data           2  irq_adc.o(.data)
    AD_last                                  0x1000012e   Data           2  irq_adc.o(.data)
    check                                    0x10000130   Data           4  irq_adc.o(.data)
    FULLCAN_ENABLE                           0x10000134   Data           1  lpc17xx_can.o(.data)
    CANAF_FullCAN_cnt                        0x10000136   Data           2  lpc17xx_can.o(.data)
    CANAF_std_cnt                            0x10000138   Data           2  lpc17xx_can.o(.data)
    CANAF_gstd_cnt                           0x1000013a   Data           2  lpc17xx_can.o(.data)
    CANAF_ext_cnt                            0x1000013c   Data           2  lpc17xx_can.o(.data)
    CANAF_gext_cnt                           0x1000013e   Data           2  lpc17xx_can.o(.data)
    ctx                                      0x10000140   Data         192  sample.o(.bss)
    dec_ctx                                  0x10000200   Data         192  sample.o(.bss)
    break_dec_ctx                            0x100002c0   Data         192  sample.o(.bss)
    msg                                      0x10000380   Data          16  sample.o(.bss)
    __libspace_start                         0x10000390   Data          96  libspace.o(.bss)
    __temporary_stack_top$libspace           0x100003f0   Data           0  libspace.o(.bss)
    led_value                                0x2007c000   Data           1  lib_led.o(.data)
    k1                                       0x2007c004   Data           1  irq_rit.o(.data)
    k2                                       0x2007c005   Data           1  irq_rit.o(.data)
    k3                                       0x2007c006   Data           1  irq_rit.o(.data)
    position                                 0x2007c007   Data           1  irq_rit.o(.data)
    hazardLights                             0x2007c008   Data           1  irq_rit.o(.data)
    leftTurnSignal                           0x2007c009   Data           1  irq_rit.o(.data)
    rightTurnSignal                          0x2007c00a   Data           1  irq_rit.o(.data)
    busMine                                  0x2007c030   Data           8  highcan.o(.data)
    hCAN_ActiveError                         0x2007c038   Data           4  highcan.o(.data)
    hCAN_recID                               0x2007c044   Data           2  highcan.o(.data)
    hCAN_recDone                             0x2007c046   Data           2  highcan.o(.data)
    hCAN_lenght                              0x2007c048   Data           8  highcan.o(.data)
    i                                        0x2007c050   Data           4  highcan.o(.data)
    hCAN_recMessage                          0x2007c060   Data         400  highcan.o(.bss)



==============================================================================

Memory Map of the image

  Image Entry point : 0x000000cd

  Load Region LR_IROM1 (Base: 0x00000000, Size: 0x000095a0, Max: 0x00080000, ABSOLUTE, COMPRESSED[0x000094e4])

    Execution Region ER_IROM1 (Exec base: 0x00000000, Load base: 0x00000000, Size: 0x00009400, Max: 0x00080000, ABSOLUTE)

    Exec Addr    Load Addr    Size         Type   Attr      Idx    E Section Name        Object

    0x00000000   0x00000000   0x000000cc   Data   RO            3    RESET               startup_lpc17xx.o
    0x000000cc   0x000000cc   0x00000008   Code   RO          917  * !!!main             c_w.l(__main.o)
    0x000000d4   0x000000d4   0x00000034   Code   RO         1109    !!!scatter          c_w.l(__scatter.o)
    0x00000108   0x00000108   0x0000005a   Code   RO         1107    !!dczerorl2         c_w.l(__dczerorl2.o)
    0x00000162   0x00000162   0x00000002   PAD
    0x00000164   0x00000164   0x0000001a   Code   RO         1111    !!handler_copy      c_w.l(__scatter_copy.o)
    0x0000017e   0x0000017e   0x00000002   PAD
    0x00000180   0x00000180   0x0000001c   Code   RO         1113    !!handler_zi        c_w.l(__scatter_zi.o)
    0x0000019c   0x0000019c   0x00000002   Code   RO          977    .ARM.Collect$$libinit$$00000000  c_w.l(libinit.o)
    0x0000019e   0x0000019e   0x00000000   Code   RO          984    .ARM.Collect$$libinit$$00000002  c_w.l(libinit2.o)
    0x0000019e   0x0000019e   0x00000000   Code   RO          986    .ARM.Collect$$libinit$$00000004  c_w.l(libinit2.o)
    0x0000019e   0x0000019e   0x00000000   Code   RO          989    .ARM.Collect$$libinit$$0000000A  c_w.l(libinit2.o)
    0x0000019e   0x0000019e   0x00000000   Code   RO          991    .ARM.Collect$$libinit$$0000000C  c_w.l(libinit2.o)
    0x0000019e   0x0000019e   0x00000000   Code   RO          993    .ARM.Collect$$libinit$$0000000E  c_w.l(libinit2.o)
    0x0000019e   0x0000019e   0x00000000   Code   RO          996    .ARM.Collect$$libinit$$00000011  c_w.l(libinit2.o)
    0x0000019e   0x0000019e   0x00000000   Code   RO          998    .ARM.Collect$$libinit$$00000013  c_w.l(libinit2.o)
    0x0000019e   0x0000019e   0x00000000   Code   RO         1000    .ARM.Collect$$libinit$$00000015  c_w.l(libinit2.o)
    0x0000019e   0x0000019e   0x00000000   Code   RO         1002    .ARM.Collect$$libinit$$00000017  c_w.l(libinit2.o)
    0x0000019e   0x0000019e   0x00000000   Code   RO         1004    .ARM.Collect$$libinit$$00000019  c_w.l(libinit2.o)
    0x0000019e   0x0000019e   0x00000000   Code   RO         1006    .ARM.Collect$$libinit$$0000001B  c_w.l(libinit2.o)
    0x0000019e   0x0000019e   0x00000000   Code   RO         1008    .ARM.Collect$$libinit$$0000001D  c_w.l(libinit2.o)
    0x0000019e   0x0000019e   0x00000000   Code   RO         1010    .ARM.Collect$$libinit$$0000001F  c_w.l(libinit2.o)
    0x0000019e   0x0000019e   0x00000000   Code   RO         1012    .ARM.Collect$$libinit$$00000021  c_w.l(libinit2.o)
    0x0000019e   0x0000019e   0x00000000   Code   RO         1014    .ARM.Collect$$libinit$$00000023  c_w.l(libinit2.o)
    0x0000019e   0x0000019e   0x00000000   Code   RO         1016    .ARM.Collect$$libinit$$00000025  c_w.l(libinit2.o)
    0x0000019e   0x0000019e   0x00000000   Code   RO         1020    .ARM.Collect$$libinit$$0000002C  c_w.l(libinit2.o)
    0x0000019e   0x0000019e   0x00000000   Code   RO         1022    .ARM.Collect$$libinit$$0000002E  c_w.l(libinit2.o)
    0x0000019e   0x0000019e   0x00000000   Code   RO         1024    .ARM.Collect$$libinit$$00000030  c_w.l(libinit2.o)
    0x0000019e   0x0000019e   0x00000000   Code   RO         1026    .ARM.Collect$$libinit$$00000032  c_w.l(libinit2.o)
    0x0000019e   0x0000019e   0x00000002   Code   RO         1027    .ARM.Collect$$libinit$$00000033  c_w.l(libinit2.o)
    0x000001a0   0x000001a0   0x00000002   Code   RO         1047    .ARM.Collect$$libshutdown$$00000000  c_w.l(libshutdown.o)
    0x000001a2   0x000001a2   0x00000000   Code   RO         1060    .ARM.Collect$$libshutdown$$00000002  c_w.l(libshutdown2.o)
    0x000001a2   0x000001a2   0x00000000   Code   RO         1062    .ARM.Collect$$libshutdown$$00000004  c_w.l(libshutdown2.o)
    0x000001a2   0x000001a2   0x00000000   Code   RO         1065    .ARM.Collect$$libshutdown$$00000007  c_w.l(libshutdown2.o)
    0x000001a2   0x000001a2   0x00000000   Code   RO         1068    .ARM.Collect$$libshutdown$$0000000A  c_w.l(libshutdown2.o)
    0x000001a2   0x000001a2   0x00000000   Code   RO         1070    .ARM.Collect$$libshutdown$$0000000C  c_w.l(libshutdown2.o)
    0x000001a2   0x000001a2   0x00000000   Code   RO         1073    .ARM.Collect$$libshutdown$$0000000F  c_w.l(libshutdown2.o)
    0x000001a2   0x000001a2   0x00000002   Code   RO         1074    .ARM.Collect$$libshutdown$$00000010  c_w.l(libshutdown2.o)
    0x000001a4   0x000001a4   0x00000000   Code   RO          943    .ARM.Collect$$rtentry$$00000000  c_w.l(__rtentry.o)
    0x000001a4   0x000001a4   0x00000000   Code   RO          954    .ARM.Collect$$rtentry$$00000002  c_w.l(__rtentry2.o)
    0x000001a4   0x000001a4   0x00000006   Code   RO          966    .ARM.Collect$$rtentry$$00000004  c_w.l(__rtentry4.o)
    0x000001aa   0x000001aa   0x00000000   Code   RO          956    .ARM.Collect$$rtentry$$00000009  c_w.l(__rtentry2.o)
    0x000001aa   0x000001aa   0x00000004   Code   RO          957    .ARM.Collect$$rtentry$$0000000A  c_w.l(__rtentry2.o)
    0x000001ae   0x000001ae   0x00000000   Code   RO          959    .ARM.Collect$$rtentry$$0000000C  c_w.l(__rtentry2.o)
    0x000001ae   0x000001ae   0x00000008   Code   RO          960    .ARM.Collect$$rtentry$$0000000D  c_w.l(__rtentry2.o)
    0x000001b6   0x000001b6   0x00000002   Code   RO          981    .ARM.Collect$$rtexit$$00000000  c_w.l(rtexit.o)
    0x000001b8   0x000001b8   0x00000000   Code   RO         1029    .ARM.Collect$$rtexit$$00000002  c_w.l(rtexit2.o)
    0x000001b8   0x000001b8   0x00000004   Code   RO         1030    .ARM.Collect$$rtexit$$00000003  c_w.l(rtexit2.o)
    0x000001bc   0x000001bc   0x00000006   Code   RO         1031    .ARM.Collect$$rtexit$$00000004  c_w.l(rtexit2.o)
    0x000001c2   0x000001c2   0x00000002   PAD
    0x000001c4   0x000001c4   0x00000034   Code   RO            5    .text               startup_lpc17xx.o
    0x000001f8   0x000001f8   0x0000006c   Code   RO          170    .text               funct_led.o
    0x00000264   0x00000264   0x00000040   Code   RO          205    .text               lib_led.o
    0x000002a4   0x000002a4   0x00000024   Code   RO          376    .text               lib_joystick.o
    0x000002c8   0x000002c8   0x00000020   Code   RO          453    .text               asciilib.o
    0x000002e8   0x000002e8   0x00000006   Code   RO          915    .text               c_w.l(heapauxi.o)
    0x000002ee   0x000002ee   0x00000002   PAD
    0x000002f0   0x000002f0   0x00000008   Code   RO          978    .text               c_w.l(libspace.o)
    0x000002f8   0x000002f8   0x00000002   Code   RO         1050    .text               c_w.l(use_no_semi.o)
    0x000002fa   0x000002fa   0x00000000   Code   RO         1052    .text               c_w.l(indicate_semi.o)
    0x000002fa   0x000002fa   0x00000002   PAD
    0x000002fc   0x000002fc   0x00000004   Code   RO            4    .ARM.__at_0x02FC    startup_lpc17xx.o
    0x00000300   0x00000300   0x00000270   Code   RO           16    .text               sample.o
    0x00000570   0x00000570   0x00000280   Code   RO          133    .text               system_lpc17xx.o
    0x000007f0   0x000007f0   0x000000b8   Code   RO          232    .text               irq_button.o
    0x000008a8   0x000008a8   0x000000d4   Code   RO          261    .text               lib_button.o
    0x0000097c   0x0000097c   0x00000838   Code   RO          289    .text               irq_rit.o
    0x000011b4   0x000011b4   0x00000094   Code   RO          348    .text               lib_rit.o
    0x00001248   0x00001248   0x00000134   Code   RO          400    .text               irq_timer.o
    0x0000137c   0x0000137c   0x000000ec   Code   RO          432    .text               lib_timer.o
    0x00001468   0x00001468   0x000040e4   Code   RO          476    .text               glcd.o
    0x0000554c   0x0000554c   0x00000160   Code   RO          556    .text               irq_adc.o
    0x000056ac   0x000056ac   0x00000090   Code   RO          592    .text               lib_adc.o
    0x0000573c   0x0000573c   0x00000134   Code   RO          616    .text               draw.o
    0x00005870   0x00005870   0x00000160   Code   RO          646    .text               can.o
    0x000059d0   0x000059d0   0x0000069c   Code   RO          702    .text               highcan.o
    0x0000606c   0x0000606c   0x00000148   Code   RO          752    .text               irq_can.o
    0x000061b4   0x000061b4   0x00001de4   Code   RO          793    .text               lpc17xx_can.o
    0x00007f98   0x00007f98   0x00000140   Code   RO          826    .text               lpc17xx_clkpwr.o
    0x000080d8   0x000080d8   0x000000be   Code   RO          847    .text               security.o
    0x00008196   0x00008196   0x00000002   PAD
    0x00008198   0x00008198   0x00000400   Code   RO          878    .text               sha256.o
    0x00008598   0x00008598   0x000003a4   Code   RO          892    .text               aes.o
    0x0000893c   0x0000893c   0x0000008a   Code   RO          911    .text               c_w.l(rt_memcpy_v6.o)
    0x000089c6   0x000089c6   0x0000004e   Code   RO          913    .text               c_w.l(rt_memclr_w.o)
    0x00008a14   0x00008a14   0x00000064   Code   RO          944    .text               c_w.l(rt_memcpy_w.o)
    0x00008a78   0x00008a78   0x0000004a   Code   RO          968    .text               c_w.l(sys_stackheap_outer.o)
    0x00008ac2   0x00008ac2   0x00000012   Code   RO          970    .text               c_w.l(exit.o)
    0x00008ad4   0x00008ad4   0x0000000c   Code   RO         1039    .text               c_w.l(sys_exit.o)
    0x00008ae0   0x00008ae0   0x00000080   Code   RO          666    i.CAN_internalPrioMode  can.o
    0x00008b60   0x00008b60   0x0000000a   Code   RO          678    i.CAN_isTransmitting  can.o
    0x00008b6a   0x00008b6a   0x00000018   Code   RO          684    i.CAN_resetTXERR    can.o
    0x00008b82   0x00008b82   0x00000002   PAD
    0x00008b84   0x00008b84   0x00000020   Data   RO          171    .constdata          funct_led.o
    0x00008ba4   0x00008ba4   0x00000020   Data   RO          401    .constdata          irq_timer.o
    0x00008bc4   0x00008bc4   0x000005f0   Data   RO          454    .constdata          asciilib.o
    0x000091b4   0x000091b4   0x00000100   Data   RO          879    .constdata          sha256.o
    0x000092b4   0x000092b4   0x0000010b   Data   RO          893    .constdata          aes.o
    0x000093bf   0x000093bf   0x00000001   PAD
    0x000093c0   0x000093c0   0x00000040   Data   RO         1105    Region$$Table       anon$$obj.o


    Execution Region RW_IRAM1 (Exec base: 0x10000000, Load base: 0x00009400, Size: 0x000003f0, Max: 0x00008000, ABSOLUTE, COMPRESSED[0x00000084])

    Exec Addr    Load Addr    Size         Type   Attr      Idx    E Section Name        Object

    0x10000000   COMPRESSED   0x00000039   Data   RW           18    .data               sample.o
    0x10000039   COMPRESSED   0x00000003   PAD
    0x1000003c   COMPRESSED   0x00000004   Data   RW          134    .data               system_lpc17xx.o
    0x10000040   COMPRESSED   0x000000e9   Data   RW          402    .data               irq_timer.o
    0x10000129   COMPRESSED   0x00000001   Data   RW          477    .data               glcd.o
    0x1000012a   COMPRESSED   0x00000002   PAD
    0x1000012c   COMPRESSED   0x00000008   Data   RW          557    .data               irq_adc.o
    0x10000134   COMPRESSED   0x0000000c   Data   RW          794    .data               lpc17xx_can.o
    0x10000140        -       0x00000250   Zero   RW           17    .bss                sample.o
    0x10000390        -       0x00000060   Zero   RW          979    .bss                c_w.l(libspace.o)


    Execution Region RW_IRAM2 (Exec base: 0x2007c000, Load base: 0x00009484, Size: 0x000003f0, Max: 0x00008000, ABSOLUTE)

    Exec Addr    Load Addr    Size         Type   Attr      Idx    E Section Name        Object

    0x2007c000   0x00009484   0x00000001   Data   RW          206    .data               lib_led.o
    0x2007c001   0x00009485   0x00000003   PAD
    0x2007c004   0x00009488   0x00000011   Data   RW          290    .data               irq_rit.o
    0x2007c015   0x00009499   0x00000003   PAD
    0x2007c018   0x0000949c   0x00000008   Data   RW          647    .data               can.o
    0x2007c020   0x000094a4   0x00000040   Data   RW          704    .data               highcan.o
    0x2007c060        -       0x00000190   Zero   RW          703    .bss                highcan.o
    0x2007c1f0        -       0x00000000   Zero   RW            2    HEAP                startup_lpc17xx.o
    0x2007c1f0        -       0x00000200   Zero   RW            1    STACK               startup_lpc17xx.o


==============================================================================

Image component sizes


      Code (inc. data)   RO Data    RW Data    ZI Data      Debug   Object Name

       932         10        267          0          0       4172   aes.o
        32          6       1520          0          0       1435   asciilib.o
       514         18          0          8          0       4986   can.o
       308          0          0          0          0       1954   draw.o
       108         14         32          0          0      18332   funct_led.o
     16612        104          0          1          0      40107   glcd.o
      1692         80          0         64        400      31212   highcan.o
       352        118          0          8          0        836   irq_adc.o
       184         28          0          0          0        973   irq_button.o
       328         36          0          0          0       2446   irq_can.o
      2104        144          0         17          0       3960   irq_rit.o
       308         44         32        233          0       1871   irq_timer.o
       144         20          0          0          0        756   lib_adc.o
       212         22          0          0          0        930   lib_button.o
        36         10          0          0          0        436   lib_joystick.o
        64         14          0          1          0        742   lib_led.o
       148         14          0          0          0      27475   lib_rit.o
       236         10          0          0          0       1480   lib_timer.o
      7652        292          0         12          0      14564   lpc17xx_can.o
       320         22          0          0          0       1831   lpc17xx_clkpwr.o
       624        184          0         57        592      59660   sample.o
       190          0          0          0          0       3100   security.o
      1024         38        256          0          0       2774   sha256.o
        56         22        204          0        512       1020   startup_lpc17xx.o
       640         32          0          4          0      17777   system_lpc17xx.o

    ----------------------------------------------------------------------
     34824       1282       2376        416       1504     244829   Object Totals
         0          0         64          0          0          0   (incl. Generated)
         4          0          1         11          0          0   (incl. Padding)

    ----------------------------------------------------------------------

      Code (inc. data)   RO Data    RW Data    ZI Data      Debug   Library Member Name

        90          0          0          0          0          0   __dczerorl2.o
         8          0          0          0          0         68   __main.o
         0          0          0          0          0          0   __rtentry.o
        12          0          0          0          0          0   __rtentry2.o
         6          0          0          0          0          0   __rtentry4.o
        52          8          0          0          0          0   __scatter.o
        26          0          0          0          0          0   __scatter_copy.o
        28          0          0          0          0          0   __scatter_zi.o
        18          0          0          0          0         80   exit.o
         6          0          0          0          0        152   heapauxi.o
         0          0          0          0          0          0   indicate_semi.o
         2          0          0          0          0          0   libinit.o
         2          0          0          0          0          0   libinit2.o
         2          0          0          0          0          0   libshutdown.o
         2          0          0          0          0          0   libshutdown2.o
         8          4          0          0         96         68   libspace.o
        78          0          0          0          0         80   rt_memclr_w.o
       138          0          0          0          0         68   rt_memcpy_v6.o
       100          0          0          0          0         80   rt_memcpy_w.o
         2          0          0          0          0          0   rtexit.o
        10          0          0          0          0          0   rtexit2.o
        12          4          0          0          0         68   sys_exit.o
        74          0          0          0          0         80   sys_stackheap_outer.o
         2          0          0          0          0         68   use_no_semi.o

    ----------------------------------------------------------------------
       688         16          0          0         96        812   Library Totals
        10          0          0          0          0          0   (incl. Padding)

    ----------------------------------------------------------------------

      Code (inc. data)   RO Data    RW Data    ZI Data      Debug   Library Name

       678         16          0          0         96        812   c_w.l

    ----------------------------------------------------------------------
       688         16          0          0         96        812   Library Totals

    ----------------------------------------------------------------------

==============================================================================


      Code (inc. data)   RO Data    RW Data    ZI Data      Debug   

     35512       1298       2376        416       1600     243573   Grand Totals
     35512       1298       2376        228       1600     243573   ELF Image Totals (compressed)
     35512       1298       2376        228          0          0   ROM Totals

==============================================================================

    Total RO  Size (Code + RO Data)                37888 (  37.00kB)
    Total RW  Size (RW Data + ZI Data)              2016 (   1.97kB)
    Total ROM Size (Code + RO Data + RW Data)      38116 (  37.22kB)

==============================================================================

