Component: ARM Compiler 5.06 update 6 (build 750) Tool: armlink [4d35ed]

==============================================================================

Section Cross References

    startup_lpc17xx.o(STACK) refers (Special) to heapauxi.o(.text) for __use_two_region_memory
    startup_lpc17xx.o(HEAP) refers (Special) to heapauxi.o(.text) for __use_two_region_memory
    startup_lpc17xx.o(RESET) refers (Special) to heapauxi.o(.text) for __use_two_region_memory
    startup_lpc17xx.o(RESET) refers to startup_lpc17xx.o(STACK) for __initial_sp
    startup_lpc17xx.o(RESET) refers to startup_lpc17xx.o(.text) for Reset_Handler
    startup_lpc17xx.o(RESET) refers to irq_timer.o(.text) for TIMER0_IRQHandler
    startup_lpc17xx.o(RESET) refers to irq_button.o(.text) for EINT0_IRQHandler
    startup_lpc17xx.o(RESET) refers to irq_can.o(.text) for CAN_IRQHandler
    startup_lpc17xx.o(RESET) refers to irq_rit.o(.text) for RIT_IRQHandler
    startup_lpc17xx.o(.ARM.__at_0x02FC) refers (Special) to heapauxi.o(.text) for __use_two_region_memory
    startup_lpc17xx.o(.text) refers (Special) to heapauxi.o(.text) for __use_two_region_memory
    startup_lpc17xx.o(.text) refers to __main.o(!!!main) for __main
    startup_lpc17xx.o(.text) refers to startup_lpc17xx.o(HEAP) for Heap_Mem
    startup_lpc17xx.o(.text) refers to startup_lpc17xx.o(STACK) for Stack_Mem
    sample.o(.text) refers to system_lpc17xx.o(.text) for SystemInit
    sample.o(.text) refers to lib_led.o(.text) for LED_init
    sample.o(.text) refers to lib_button.o(.text) for BUTTON_init
    sample.o(.text) refers to highcan.o(.text) for hCAN_init
    sample.o(.text) refers to lib_joystick.o(.text) for joystick_init
    sample.o(.text) refers to lib_rit.o(.text) for init_RIT
    sample.o(.text) refers to glcd.o(.text) for LCD_Initialization
    sample.o(.text) refers to lib_timer.o(.text) for init_timer
    sample.o(.text) refers to funct_led.o(.text) for LED_Out
    sample.o(.text) refers to security.o(.text) for AES_init
    sample.o(.text) refers to rt_memcpy_v6.o(.text) for __aeabi_memcpy
    sample.o(.text) refers to sample.o(.bss) for key
    sample.o(.text) refers to sample.o(.data) for iv
    system_lpc17xx.o(.text) refers to system_lpc17xx.o(.data) for SystemCoreClock
    funct_led.o(.text) refers to funct_led.o(.constdata) for led_mask
    funct_led.o(.text) refers to lib_led.o(.data) for led_value
    lib_led.o(.text) refers to lib_led.o(.data) for led_value
    irq_button.o(.text) refers to irq_rit.o(.data) for down
    irq_rit.o(.text) refers to lib_timer.o(.text) for enable_timer
    irq_rit.o(.text) refers to glcd.o(.text) for drawLineOfSquares
    irq_rit.o(.text) refers to funct_led.o(.text) for LED_Out
    irq_rit.o(.text) refers to security.o(.text) for AES
    irq_rit.o(.text) refers to highcan.o(.text) for hCAN_sendMessage
    irq_rit.o(.text) refers to irq_rit.o(.data) for pressed
    irq_rit.o(.text) refers to sample.o(.data) for fLevel
    irq_rit.o(.text) refers to irq_rit.o(.bss) for message
    irq_rit.o(.text) refers to sample.o(.bss) for ctx_enc
    irq_timer.o(.text) refers to glcd.o(.text) for drawLineOfSquares
    irq_timer.o(.text) refers to funct_led.o(.text) for LED_Out
    irq_timer.o(.text) refers to lib_timer.o(.text) for disable_timer
    irq_timer.o(.text) refers to sample.o(.data) for fLevel
    irq_timer.o(.text) refers to irq_rit.o(.data) for selected
    irq_can.o(.text) refers to highcan.o(.text) for hCAN_receiveMessage
    irq_can.o(.text) refers to glcd.o(.text) for GUI_Text
    irq_can.o(.text) refers to security.o(.text) for AES
    irq_can.o(.text) refers to highcan.o(i.hCAN_arbitrationLost) for hCAN_arbitrationLost
    irq_can.o(.text) refers to highcan.o(.data) for hCAN_recDone
    irq_can.o(.text) refers to highcan.o(.bss) for hCAN_recMessage
    irq_can.o(.text) refers to irq_can.o(.bss) for new_key
    irq_can.o(.text) refers to sample.o(.bss) for ctx_dec_key
    can.o(.text) refers to can.o(.data) for CAN_state
    highcan.o(.text) refers to lpc17xx_can.o(.text) for CAN_Init
    highcan.o(.text) refers to can.o(i.CAN_internalPrioMode) for CAN_internalPrioMode
    highcan.o(.text) refers to can.o(.text) for CAN_AF_loadSTDRangelEntry
    highcan.o(.text) refers to can.o(i.CAN_isTransmitting) for CAN_isTransmitting
    highcan.o(.text) refers to highcan.o(.data) for ID
    highcan.o(.text) refers to highcan.o(.bss) for hCAN_recMessage
    lpc17xx_can.o(.text) refers to lpc17xx_clkpwr.o(.text) for CLKPWR_GetPCLK
    lpc17xx_can.o(.text) refers to lpc17xx_can.o(.data) for FULLCAN_ENABLE
    lpc17xx_clkpwr.o(.text) refers to system_lpc17xx.o(.data) for SystemCoreClock
    aes.o(.text) refers to rt_memcpy_v6.o(.text) for __aeabi_memcpy
    aes.o(.text) refers to aes.o(.constdata) for sbox
    security.o(.text) refers to sha256.o(.text) for sha256_init
    security.o(.text) refers to aes.o(.text) for AES_CTR_xcrypt_buffer
    security.o(.text) refers to rt_memcpy_v6.o(.text) for __aeabi_memcpy
    sha256.o(.text) refers to rt_memclr_w.o(.text) for __aeabi_memclr4
    sha256.o(.text) refers to sha256.o(.constdata) for k
    asciilib.o(.text) refers to rt_memcpy_v6.o(.text) for __aeabi_memcpy
    asciilib.o(.text) refers to asciilib.o(.constdata) for AsciiLib
    glcd.o(.text) refers to glcd.o(.data) for LCD_Code
    glcd.o(.text) refers to asciilib.o(.text) for GetASCIICode
    hzlib.o(.text) refers to rt_memcpy_v6.o(.text) for __aeabi_memcpy
    hzlib.o(.text) refers to hzlib.o(.constdata) for HzLib
    rt_memcpy_v6.o(.text) refers to rt_memcpy_w.o(.text) for __aeabi_memcpy4
    __main.o(!!!main) refers to __rtentry.o(.ARM.Collect$$rtentry$$00000000) for __rt_entry
    __rtentry.o(.ARM.Collect$$rtentry$$00000000) refers (Special) to __rtentry2.o(.ARM.Collect$$rtentry$$0000000A) for __rt_entry_li
    __rtentry.o(.ARM.Collect$$rtentry$$00000000) refers (Special) to __rtentry2.o(.ARM.Collect$$rtentry$$0000000D) for __rt_entry_main
    __rtentry.o(.ARM.Collect$$rtentry$$00000000) refers (Special) to __rtentry2.o(.ARM.Collect$$rtentry$$0000000C) for __rt_entry_postli_1
    __rtentry.o(.ARM.Collect$$rtentry$$00000000) refers (Special) to __rtentry2.o(.ARM.Collect$$rtentry$$00000009) for __rt_entry_postsh_1
    __rtentry.o(.ARM.Collect$$rtentry$$00000000) refers (Special) to __rtentry2.o(.ARM.Collect$$rtentry$$00000002) for __rt_entry_presh_1
    __rtentry.o(.ARM.Collect$$rtentry$$00000000) refers (Special) to __rtentry4.o(.ARM.Collect$$rtentry$$00000004) for __rt_entry_sh
    __rtentry2.o(.ARM.Collect$$rtentry$$00000008) refers to boardinit2.o(.text) for _platform_post_stackheap_init
    __rtentry2.o(.ARM.Collect$$rtentry$$0000000A) refers to libinit.o(.ARM.Collect$$libinit$$00000000) for __rt_lib_init
    __rtentry2.o(.ARM.Collect$$rtentry$$0000000B) refers to boardinit3.o(.text) for _platform_post_lib_init
    __rtentry2.o(.ARM.Collect$$rtentry$$0000000D) refers to sample.o(.text) for main
    __rtentry2.o(.ARM.Collect$$rtentry$$0000000D) refers to exit.o(.text) for exit
    __rtentry2.o(.ARM.exidx) refers to __rtentry2.o(.ARM.Collect$$rtentry$$00000001) for .ARM.Collect$$rtentry$$00000001
    __rtentry2.o(.ARM.exidx) refers to __rtentry2.o(.ARM.Collect$$rtentry$$00000008) for .ARM.Collect$$rtentry$$00000008
    __rtentry2.o(.ARM.exidx) refers to __rtentry2.o(.ARM.Collect$$rtentry$$0000000A) for .ARM.Collect$$rtentry$$0000000A
    __rtentry2.o(.ARM.exidx) refers to __rtentry2.o(.ARM.Collect$$rtentry$$0000000B) for .ARM.Collect$$rtentry$$0000000B
    __rtentry2.o(.ARM.exidx) refers to __rtentry2.o(.ARM.Collect$$rtentry$$0000000D) for .ARM.Collect$$rtentry$$0000000D
    __rtentry4.o(.ARM.Collect$$rtentry$$00000004) refers to sys_stackheap_outer.o(.text) for __user_setup_stackheap
    __rtentry4.o(.ARM.exidx) refers to __rtentry4.o(.ARM.Collect$$rtentry$$00000004) for .ARM.Collect$$rtentry$$00000004
    sys_stackheap_outer.o(.text) refers to libspace.o(.text) for __user_perproc_libspace
    sys_stackheap_outer.o(.text) refers to startup_lpc17xx.o(.text) for __user_initial_stackheap
    exit.o(.text) refers to rtexit.o(.ARM.Collect$$rtexit$$00000000) for __rt_exit
    libinit.o(.ARM.Collect$$libinit$$00000000) refers (Special) to libinit2.o(.ARM.Collect$$libinit$$0000002E) for __rt_lib_init_alloca_1
    libinit.o(.ARM.Collect$$libinit$$00000000) refers (Special) to libinit2.o(.ARM.Collect$$libinit$$0000002C) for __rt_lib_init_argv_1
    libinit.o(.ARM.Collect$$libinit$$00000000) refers (Special) to libinit2.o(.ARM.Collect$$libinit$$0000001B) for __rt_lib_init_atexit_1
    libinit.o(.ARM.Collect$$libinit$$00000000) refers (Special) to libinit2.o(.ARM.Collect$$libinit$$00000021) for __rt_lib_init_clock_1
    libinit.o(.ARM.Collect$$libinit$$00000000) refers (Special) to libinit2.o(.ARM.Collect$$libinit$$00000032) for __rt_lib_init_cpp_1
    libinit.o(.ARM.Collect$$libinit$$00000000) refers (Special) to libinit2.o(.ARM.Collect$$libinit$$00000030) for __rt_lib_init_exceptions_1
    libinit.o(.ARM.Collect$$libinit$$00000000) refers (Special) to libinit2.o(.ARM.Collect$$libinit$$00000002) for __rt_lib_init_fp_1
    libinit.o(.ARM.Collect$$libinit$$00000000) refers (Special) to libinit2.o(.ARM.Collect$$libinit$$0000001F) for __rt_lib_init_fp_trap_1
    libinit.o(.ARM.Collect$$libinit$$00000000) refers (Special) to libinit2.o(.ARM.Collect$$libinit$$00000023) for __rt_lib_init_getenv_1
    libinit.o(.ARM.Collect$$libinit$$00000000) refers (Special) to libinit2.o(.ARM.Collect$$libinit$$0000000A) for __rt_lib_init_heap_1
    libinit.o(.ARM.Collect$$libinit$$00000000) refers (Special) to libinit2.o(.ARM.Collect$$libinit$$00000011) for __rt_lib_init_lc_collate_1
    libinit.o(.ARM.Collect$$libinit$$00000000) refers (Special) to libinit2.o(.ARM.Collect$$libinit$$00000013) for __rt_lib_init_lc_ctype_1
    libinit.o(.ARM.Collect$$libinit$$00000000) refers (Special) to libinit2.o(.ARM.Collect$$libinit$$00000015) for __rt_lib_init_lc_monetary_1
    libinit.o(.ARM.Collect$$libinit$$00000000) refers (Special) to libinit2.o(.ARM.Collect$$libinit$$00000017) for __rt_lib_init_lc_numeric_1
    libinit.o(.ARM.Collect$$libinit$$00000000) refers (Special) to libinit2.o(.ARM.Collect$$libinit$$00000019) for __rt_lib_init_lc_time_1
    libinit.o(.ARM.Collect$$libinit$$00000000) refers (Special) to libinit2.o(.ARM.Collect$$libinit$$00000004) for __rt_lib_init_preinit_1
    libinit.o(.ARM.Collect$$libinit$$00000000) refers (Special) to libinit2.o(.ARM.Collect$$libinit$$0000000E) for __rt_lib_init_rand_1
    libinit.o(.ARM.Collect$$libinit$$00000000) refers (Special) to libinit2.o(.ARM.Collect$$libinit$$00000033) for __rt_lib_init_return
    libinit.o(.ARM.Collect$$libinit$$00000000) refers (Special) to libinit2.o(.ARM.Collect$$libinit$$0000001D) for __rt_lib_init_signal_1
    libinit.o(.ARM.Collect$$libinit$$00000000) refers (Special) to libinit2.o(.ARM.Collect$$libinit$$00000025) for __rt_lib_init_stdio_1
    libinit.o(.ARM.Collect$$libinit$$00000000) refers (Special) to libinit2.o(.ARM.Collect$$libinit$$0000000C) for __rt_lib_init_user_alloc_1
    libspace.o(.text) refers to libspace.o(.bss) for __libspace_start
    rtexit.o(.ARM.Collect$$rtexit$$00000000) refers (Special) to rtexit2.o(.ARM.Collect$$rtexit$$00000004) for __rt_exit_exit
    rtexit.o(.ARM.Collect$$rtexit$$00000000) refers (Special) to rtexit2.o(.ARM.Collect$$rtexit$$00000003) for __rt_exit_ls
    rtexit.o(.ARM.Collect$$rtexit$$00000000) refers (Special) to rtexit2.o(.ARM.Collect$$rtexit$$00000002) for __rt_exit_prels_1
    rtexit.o(.ARM.exidx) refers (Special) to rtexit2.o(.ARM.Collect$$rtexit$$00000004) for __rt_exit_exit
    rtexit.o(.ARM.exidx) refers (Special) to rtexit2.o(.ARM.Collect$$rtexit$$00000003) for __rt_exit_ls
    rtexit.o(.ARM.exidx) refers (Special) to rtexit2.o(.ARM.Collect$$rtexit$$00000002) for __rt_exit_prels_1
    rtexit.o(.ARM.exidx) refers to rtexit.o(.ARM.Collect$$rtexit$$00000000) for .ARM.Collect$$rtexit$$00000000
    libinit2.o(.ARM.Collect$$libinit$$00000010) refers to libinit2.o(.ARM.Collect$$libinit$$0000000F) for .ARM.Collect$$libinit$$0000000F
    libinit2.o(.ARM.Collect$$libinit$$00000012) refers to libinit2.o(.ARM.Collect$$libinit$$0000000F) for .ARM.Collect$$libinit$$0000000F
    libinit2.o(.ARM.Collect$$libinit$$00000014) refers to libinit2.o(.ARM.Collect$$libinit$$0000000F) for .ARM.Collect$$libinit$$0000000F
    libinit2.o(.ARM.Collect$$libinit$$00000016) refers to libinit2.o(.ARM.Collect$$libinit$$0000000F) for .ARM.Collect$$libinit$$0000000F
    libinit2.o(.ARM.Collect$$libinit$$00000018) refers to libinit2.o(.ARM.Collect$$libinit$$0000000F) for .ARM.Collect$$libinit$$0000000F
    libinit2.o(.ARM.Collect$$libinit$$00000026) refers to argv_veneer.o(.emb_text) for __ARM_argv_veneer
    libinit2.o(.ARM.Collect$$libinit$$00000027) refers to argv_veneer.o(.emb_text) for __ARM_argv_veneer
    rtexit2.o(.ARM.Collect$$rtexit$$00000003) refers to libshutdown.o(.ARM.Collect$$libshutdown$$00000000) for __rt_lib_shutdown
    rtexit2.o(.ARM.Collect$$rtexit$$00000004) refers to sys_exit.o(.text) for _sys_exit
    rtexit2.o(.ARM.exidx) refers to rtexit2.o(.ARM.Collect$$rtexit$$00000001) for .ARM.Collect$$rtexit$$00000001
    rtexit2.o(.ARM.exidx) refers to rtexit2.o(.ARM.Collect$$rtexit$$00000003) for .ARM.Collect$$rtexit$$00000003
    rtexit2.o(.ARM.exidx) refers to rtexit2.o(.ARM.Collect$$rtexit$$00000004) for .ARM.Collect$$rtexit$$00000004
    argv_veneer.o(.emb_text) refers to no_argv.o(.text) for __ARM_get_argv
    sys_exit.o(.text) refers (Special) to use_no_semi.o(.text) for __I$use$semihosting
    sys_exit.o(.text) refers (Special) to indicate_semi.o(.text) for __semihosting_library_function
    _get_argv_nomalloc.o(.text) refers (Special) to hrguard.o(.text) for __heap_region$guard
    _get_argv_nomalloc.o(.text) refers to defsig_rtmem_outer.o(.text) for __rt_SIGRTMEM
    _get_argv_nomalloc.o(.text) refers to sys_command.o(.text) for _sys_command_string
    libshutdown.o(.ARM.Collect$$libshutdown$$00000000) refers (Special) to libshutdown2.o(.ARM.Collect$$libshutdown$$00000002) for __rt_lib_shutdown_cpp_1
    libshutdown.o(.ARM.Collect$$libshutdown$$00000000) refers (Special) to libshutdown2.o(.ARM.Collect$$libshutdown$$00000007) for __rt_lib_shutdown_fp_trap_1
    libshutdown.o(.ARM.Collect$$libshutdown$$00000000) refers (Special) to libshutdown2.o(.ARM.Collect$$libshutdown$$0000000F) for __rt_lib_shutdown_heap_1
    libshutdown.o(.ARM.Collect$$libshutdown$$00000000) refers (Special) to libshutdown2.o(.ARM.Collect$$libshutdown$$00000010) for __rt_lib_shutdown_return
    libshutdown.o(.ARM.Collect$$libshutdown$$00000000) refers (Special) to libshutdown2.o(.ARM.Collect$$libshutdown$$0000000A) for __rt_lib_shutdown_signal_1
    libshutdown.o(.ARM.Collect$$libshutdown$$00000000) refers (Special) to libshutdown2.o(.ARM.Collect$$libshutdown$$00000004) for __rt_lib_shutdown_stdio_1
    libshutdown.o(.ARM.Collect$$libshutdown$$00000000) refers (Special) to libshutdown2.o(.ARM.Collect$$libshutdown$$0000000C) for __rt_lib_shutdown_user_alloc_1
    sys_command.o(.text) refers (Special) to use_no_semi.o(.text) for __I$use$semihosting
    sys_command.o(.text) refers (Special) to indicate_semi.o(.text) for __semihosting_library_function
    defsig_rtmem_outer.o(.text) refers to defsig_rtmem_inner.o(.text) for __rt_SIGRTMEM_inner
    defsig_rtmem_outer.o(.text) refers to defsig_exit.o(.text) for __sig_exit
    defsig_rtmem_formal.o(.text) refers to rt_raise.o(.text) for __rt_raise
    rt_raise.o(.text) refers to __raise.o(.text) for __raise
    rt_raise.o(.text) refers to sys_exit.o(.text) for _sys_exit
    defsig_exit.o(.text) refers to sys_exit.o(.text) for _sys_exit
    defsig_rtmem_inner.o(.text) refers to defsig_general.o(.text) for __default_signal_display
    __raise.o(.text) refers to defsig.o(CL$$defsig) for __default_signal_handler
    defsig_general.o(.text) refers to sys_wrch.o(.text) for _ttywrch
    sys_wrch.o(.text) refers (Special) to use_no_semi.o(.text) for __I$use$semihosting
    sys_wrch.o(.text) refers (Special) to indicate_semi.o(.text) for __semihosting_library_function
    defsig.o(CL$$defsig) refers to defsig_rtmem_inner.o(.text) for __rt_SIGRTMEM_inner
    defsig_abrt_inner.o(.text) refers to defsig_general.o(.text) for __default_signal_display
    defsig_fpe_inner.o(.text) refers to defsig_general.o(.text) for __default_signal_display
    defsig_rtred_inner.o(.text) refers to defsig_general.o(.text) for __default_signal_display
    defsig_stak_inner.o(.text) refers to defsig_general.o(.text) for __default_signal_display
    defsig_pvfn_inner.o(.text) refers to defsig_general.o(.text) for __default_signal_display
    defsig_cppl_inner.o(.text) refers to defsig_general.o(.text) for __default_signal_display
    defsig_segv_inner.o(.text) refers to defsig_general.o(.text) for __default_signal_display
    defsig_other.o(.text) refers to defsig_general.o(.text) for __default_signal_display
    highcan.o(i.hCAN_arbitrationLost) refers to highcan.o(.data) for busMine


==============================================================================

Removing Unused input sections from the image.

    Removing sample.o(.emb_text), (8 bytes).
    Removing system_lpc17xx.o(.emb_text), (8 bytes).
    Removing funct_led.o(.emb_text), (8 bytes).
    Removing lib_led.o(.emb_text), (8 bytes).
    Removing irq_button.o(.emb_text), (8 bytes).
    Removing lib_button.o(.emb_text), (8 bytes).
    Removing irq_rit.o(.emb_text), (8 bytes).
    Removing lib_rit.o(.emb_text), (8 bytes).
    Removing lib_joystick.o(.emb_text), (8 bytes).
    Removing irq_timer.o(.emb_text), (8 bytes).
    Removing lib_timer.o(.emb_text), (8 bytes).
    Removing irq_can.o(.emb_text), (8 bytes).
    Removing can.o(.emb_text), (8 bytes).
    Removing highcan.o(.emb_text), (8 bytes).
    Removing lpc17xx_can.o(.emb_text), (8 bytes).
    Removing lpc17xx_clkpwr.o(.emb_text), (8 bytes).
    Removing glcd.o(.emb_text), (8 bytes).
    Removing hzlib.o(.text), (52 bytes).
    Removing hzlib.o(.constdata), (216576 bytes).
    Removing can.o(i.CAN_allTXok), (10 bytes).
    Removing can.o(i.CAN_resetTXERR), (24 bytes).
    Removing highcan.o(i.hCAN_busError), (36 bytes).

22 unused section(s) (total 216834 bytes) removed from the image.

==============================================================================

Image Symbol Table

    Local Symbols

    Symbol Name                              Value     Ov Type        Size  Object(Section)

    RESET                                    0x00000000   Section      204  startup_lpc17xx.o(RESET)
    ../clib/angel/boardlib.s                 0x00000000   Number         0  boardinit2.o ABSOLUTE
    ../clib/angel/boardlib.s                 0x00000000   Number         0  boardinit1.o ABSOLUTE
    ../clib/angel/boardlib.s                 0x00000000   Number         0  boardinit3.o ABSOLUTE
    ../clib/angel/boardlib.s                 0x00000000   Number         0  boardshut.o ABSOLUTE
    ../clib/angel/handlers.s                 0x00000000   Number         0  __scatter_zi.o ABSOLUTE
    ../clib/angel/handlers.s                 0x00000000   Number         0  __scatter_copy.o ABSOLUTE
    ../clib/angel/kernel.s                   0x00000000   Number         0  rtexit2.o ABSOLUTE
    ../clib/angel/kernel.s                   0x00000000   Number         0  __rtentry2.o ABSOLUTE
    ../clib/angel/kernel.s                   0x00000000   Number         0  __rtentry.o ABSOLUTE
    ../clib/angel/kernel.s                   0x00000000   Number         0  rtexit.o ABSOLUTE
    ../clib/angel/kernel.s                   0x00000000   Number         0  __rtentry4.o ABSOLUTE
    ../clib/angel/rt.s                       0x00000000   Number         0  rt_raise.o ABSOLUTE
    ../clib/angel/scatter.s                  0x00000000   Number         0  __scatter.o ABSOLUTE
    ../clib/angel/startup.s                  0x00000000   Number         0  __main.o ABSOLUTE
    ../clib/angel/sys.s                      0x00000000   Number         0  libspace.o ABSOLUTE
    ../clib/angel/sys.s                      0x00000000   Number         0  indicate_semi.o ABSOLUTE
    ../clib/angel/sys.s                      0x00000000   Number         0  use_no_semi.o ABSOLUTE
    ../clib/angel/sys.s                      0x00000000   Number         0  sys_stackheap_outer.o ABSOLUTE
    ../clib/angel/sysapp.c                   0x00000000   Number         0  sys_wrch.o ABSOLUTE
    ../clib/angel/sysapp.c                   0x00000000   Number         0  sys_command.o ABSOLUTE
    ../clib/angel/sysapp.c                   0x00000000   Number         0  sys_exit.o ABSOLUTE
    ../clib/armsys.c                         0x00000000   Number         0  no_argv.o ABSOLUTE
    ../clib/armsys.c                         0x00000000   Number         0  _get_argv_nomalloc.o ABSOLUTE
    ../clib/armsys.c                         0x00000000   Number         0  argv_veneer.o ABSOLUTE
    ../clib/armsys.c                         0x00000000   Number         0  argv_veneer.o ABSOLUTE
    ../clib/heapalloc.c                      0x00000000   Number         0  hrguard.o ABSOLUTE
    ../clib/heapaux.c                        0x00000000   Number         0  heapauxi.o ABSOLUTE
    ../clib/libinit.s                        0x00000000   Number         0  libshutdown2.o ABSOLUTE
    ../clib/libinit.s                        0x00000000   Number         0  libinit2.o ABSOLUTE
    ../clib/libinit.s                        0x00000000   Number         0  libinit.o ABSOLUTE
    ../clib/libinit.s                        0x00000000   Number         0  libshutdown.o ABSOLUTE
    ../clib/memcpset.s                       0x00000000   Number         0  rt_memcpy_v6.o ABSOLUTE
    ../clib/memcpset.s                       0x00000000   Number         0  rt_memclr_w.o ABSOLUTE
    ../clib/memcpset.s                       0x00000000   Number         0  rt_memcpy_w.o ABSOLUTE
    ../clib/signal.c                         0x00000000   Number         0  defsig_exit.o ABSOLUTE
    ../clib/signal.c                         0x00000000   Number         0  defsig_rtmem_formal.o ABSOLUTE
    ../clib/signal.c                         0x00000000   Number         0  defsig_rtmem_inner.o ABSOLUTE
    ../clib/signal.c                         0x00000000   Number         0  __raise.o ABSOLUTE
    ../clib/signal.c                         0x00000000   Number         0  defsig_general.o ABSOLUTE
    ../clib/signal.c                         0x00000000   Number         0  defsig_abrt_inner.o ABSOLUTE
    ../clib/signal.c                         0x00000000   Number         0  defsig_fpe_inner.o ABSOLUTE
    ../clib/signal.c                         0x00000000   Number         0  defsig_rtred_inner.o ABSOLUTE
    ../clib/signal.c                         0x00000000   Number         0  defsig_stak_inner.o ABSOLUTE
    ../clib/signal.c                         0x00000000   Number         0  defsig_rtmem_outer.o ABSOLUTE
    ../clib/signal.c                         0x00000000   Number         0  defsig_pvfn_inner.o ABSOLUTE
    ../clib/signal.c                         0x00000000   Number         0  defsig_cppl_inner.o ABSOLUTE
    ../clib/signal.c                         0x00000000   Number         0  defsig_segv_inner.o ABSOLUTE
    ../clib/signal.c                         0x00000000   Number         0  defsig_other.o ABSOLUTE
    ../clib/signal.s                         0x00000000   Number         0  defsig.o ABSOLUTE
    ../clib/stdlib.c                         0x00000000   Number         0  exit.o ABSOLUTE
    ../fplib/fpinit.s                        0x00000000   Number         0  fpinit.o ABSOLUTE
    ..\..\shared_libraries\CAN\Drivers\source\lpc17xx_can.c 0x00000000   Number         0  lpc17xx_can.o ABSOLUTE
    ..\..\shared_libraries\CAN\Drivers\source\lpc17xx_clkpwr.c 0x00000000   Number         0  lpc17xx_clkpwr.o ABSOLUTE
    ..\..\shared_libraries\CAN\can.c         0x00000000   Number         0  can.o ABSOLUTE
    ..\..\shared_libraries\CAN\highcan.c     0x00000000   Number         0  highcan.o ABSOLUTE
    ..\..\shared_libraries\GLCD\AsciiLib.c   0x00000000   Number         0  asciilib.o ABSOLUTE
    ..\..\shared_libraries\GLCD\GLCD.c       0x00000000   Number         0  glcd.o ABSOLUTE
    ..\..\shared_libraries\GLCD\HzLib.c      0x00000000   Number         0  hzlib.o ABSOLUTE
    ..\..\shared_libraries\security\aes.c    0x00000000   Number         0  aes.o ABSOLUTE
    ..\..\shared_libraries\security\security.c 0x00000000   Number         0  security.o ABSOLUTE
    ..\..\shared_libraries\security\sha256.c 0x00000000   Number         0  sha256.o ABSOLUTE
    ..\\..\\shared_libraries\\CAN\\Drivers\\source\\lpc17xx_can.c 0x00000000   Number         0  lpc17xx_can.o ABSOLUTE
    ..\\..\\shared_libraries\\CAN\\Drivers\\source\\lpc17xx_clkpwr.c 0x00000000   Number         0  lpc17xx_clkpwr.o ABSOLUTE
    ..\\..\\shared_libraries\\CAN\\can.c     0x00000000   Number         0  can.o ABSOLUTE
    ..\\..\\shared_libraries\\CAN\\highcan.c 0x00000000   Number         0  highcan.o ABSOLUTE
    ..\\..\\shared_libraries\\GLCD\\GLCD.c   0x00000000   Number         0  glcd.o ABSOLUTE
    CAN\IRQ_CAN.c                            0x00000000   Number         0  irq_can.o ABSOLUTE
    CAN\\IRQ_CAN.c                           0x00000000   Number         0  irq_can.o ABSOLUTE
    Core\CM3\CoreSupport\core_cm3.c          0x00000000   Number         0  core_cm3.o ABSOLUTE
    Core\CM3\DeviceSupport\NXP\LPC17xx\system_LPC17xx.c 0x00000000   Number         0  system_lpc17xx.o ABSOLUTE
    Core\\CM3\\DeviceSupport\\NXP\\LPC17xx\\system_LPC17xx.c 0x00000000   Number         0  system_lpc17xx.o ABSOLUTE
    RIT\IRQ_RIT.c                            0x00000000   Number         0  irq_rit.o ABSOLUTE
    RIT\\IRQ_RIT.c                           0x00000000   Number         0  irq_rit.o ABSOLUTE
    RIT\\lib_RIT.c                           0x00000000   Number         0  lib_rit.o ABSOLUTE
    RIT\lib_RIT.c                            0x00000000   Number         0  lib_rit.o ABSOLUTE
    button_EXINT\IRQ_button.c                0x00000000   Number         0  irq_button.o ABSOLUTE
    button_EXINT\\IRQ_button.c               0x00000000   Number         0  irq_button.o ABSOLUTE
    button_EXINT\\lib_button.c               0x00000000   Number         0  lib_button.o ABSOLUTE
    button_EXINT\lib_button.c                0x00000000   Number         0  lib_button.o ABSOLUTE
    dc.s                                     0x00000000   Number         0  dc.o ABSOLUTE
    joystick\\lib_joystick.c                 0x00000000   Number         0  lib_joystick.o ABSOLUTE
    joystick\lib_joystick.c                  0x00000000   Number         0  lib_joystick.o ABSOLUTE
    led\\funct_led.c                         0x00000000   Number         0  funct_led.o ABSOLUTE
    led\\lib_led.c                           0x00000000   Number         0  lib_led.o ABSOLUTE
    led\funct_led.c                          0x00000000   Number         0  funct_led.o ABSOLUTE
    led\lib_led.c                            0x00000000   Number         0  lib_led.o ABSOLUTE
    sample.c                                 0x00000000   Number         0  sample.o ABSOLUTE
    sample.c                                 0x00000000   Number         0  sample.o ABSOLUTE
    startup_LPC17xx.s                        0x00000000   Number         0  startup_lpc17xx.o ABSOLUTE
    timer\IRQ_timer.c                        0x00000000   Number         0  irq_timer.o ABSOLUTE
    timer\\IRQ_timer.c                       0x00000000   Number         0  irq_timer.o ABSOLUTE
    timer\\lib_timer.c                       0x00000000   Number         0  lib_timer.o ABSOLUTE
    timer\lib_timer.c                        0x00000000   Number         0  lib_timer.o ABSOLUTE
    !!!main                                  0x000000cc   Section        8  __main.o(!!!main)
    !!!scatter                               0x000000d4   Section       52  __scatter.o(!!!scatter)
    !!handler_copy                           0x00000108   Section       26  __scatter_copy.o(!!handler_copy)
    !!handler_zi                             0x00000124   Section       28  __scatter_zi.o(!!handler_zi)
    .ARM.Collect$$libinit$$00000000          0x00000140   Section        2  libinit.o(.ARM.Collect$$libinit$$00000000)
    .ARM.Collect$$libinit$$00000002          0x00000142   Section        0  libinit2.o(.ARM.Collect$$libinit$$00000002)
    .ARM.Collect$$libinit$$00000004          0x00000142   Section        0  libinit2.o(.ARM.Collect$$libinit$$00000004)
    .ARM.Collect$$libinit$$0000000A          0x00000142   Section        0  libinit2.o(.ARM.Collect$$libinit$$0000000A)
    .ARM.Collect$$libinit$$0000000C          0x00000142   Section        0  libinit2.o(.ARM.Collect$$libinit$$0000000C)
    .ARM.Collect$$libinit$$0000000E          0x00000142   Section        0  libinit2.o(.ARM.Collect$$libinit$$0000000E)
    .ARM.Collect$$libinit$$00000011          0x00000142   Section        0  libinit2.o(.ARM.Collect$$libinit$$00000011)
    .ARM.Collect$$libinit$$00000013          0x00000142   Section        0  libinit2.o(.ARM.Collect$$libinit$$00000013)
    .ARM.Collect$$libinit$$00000015          0x00000142   Section        0  libinit2.o(.ARM.Collect$$libinit$$00000015)
    .ARM.Collect$$libinit$$00000017          0x00000142   Section        0  libinit2.o(.ARM.Collect$$libinit$$00000017)
    .ARM.Collect$$libinit$$00000019          0x00000142   Section        0  libinit2.o(.ARM.Collect$$libinit$$00000019)
    .ARM.Collect$$libinit$$0000001B          0x00000142   Section        0  libinit2.o(.ARM.Collect$$libinit$$0000001B)
    .ARM.Collect$$libinit$$0000001D          0x00000142   Section        0  libinit2.o(.ARM.Collect$$libinit$$0000001D)
    .ARM.Collect$$libinit$$0000001F          0x00000142   Section        0  libinit2.o(.ARM.Collect$$libinit$$0000001F)
    .ARM.Collect$$libinit$$00000021          0x00000142   Section        0  libinit2.o(.ARM.Collect$$libinit$$00000021)
    .ARM.Collect$$libinit$$00000023          0x00000142   Section        0  libinit2.o(.ARM.Collect$$libinit$$00000023)
    .ARM.Collect$$libinit$$00000025          0x00000142   Section        0  libinit2.o(.ARM.Collect$$libinit$$00000025)
    .ARM.Collect$$libinit$$0000002C          0x00000142   Section        0  libinit2.o(.ARM.Collect$$libinit$$0000002C)
    .ARM.Collect$$libinit$$0000002E          0x00000142   Section        0  libinit2.o(.ARM.Collect$$libinit$$0000002E)
    .ARM.Collect$$libinit$$00000030          0x00000142   Section        0  libinit2.o(.ARM.Collect$$libinit$$00000030)
    .ARM.Collect$$libinit$$00000032          0x00000142   Section        0  libinit2.o(.ARM.Collect$$libinit$$00000032)
    .ARM.Collect$$libinit$$00000033          0x00000142   Section        2  libinit2.o(.ARM.Collect$$libinit$$00000033)
    .ARM.Collect$$libshutdown$$00000000      0x00000144   Section        2  libshutdown.o(.ARM.Collect$$libshutdown$$00000000)
    .ARM.Collect$$libshutdown$$00000002      0x00000146   Section        0  libshutdown2.o(.ARM.Collect$$libshutdown$$00000002)
    .ARM.Collect$$libshutdown$$00000004      0x00000146   Section        0  libshutdown2.o(.ARM.Collect$$libshutdown$$00000004)
    .ARM.Collect$$libshutdown$$00000007      0x00000146   Section        0  libshutdown2.o(.ARM.Collect$$libshutdown$$00000007)
    .ARM.Collect$$libshutdown$$0000000A      0x00000146   Section        0  libshutdown2.o(.ARM.Collect$$libshutdown$$0000000A)
    .ARM.Collect$$libshutdown$$0000000C      0x00000146   Section        0  libshutdown2.o(.ARM.Collect$$libshutdown$$0000000C)
    .ARM.Collect$$libshutdown$$0000000F      0x00000146   Section        0  libshutdown2.o(.ARM.Collect$$libshutdown$$0000000F)
    .ARM.Collect$$libshutdown$$00000010      0x00000146   Section        2  libshutdown2.o(.ARM.Collect$$libshutdown$$00000010)
    .ARM.Collect$$rtentry$$00000000          0x00000148   Section        0  __rtentry.o(.ARM.Collect$$rtentry$$00000000)
    .ARM.Collect$$rtentry$$00000002          0x00000148   Section        0  __rtentry2.o(.ARM.Collect$$rtentry$$00000002)
    .ARM.Collect$$rtentry$$00000004          0x00000148   Section        6  __rtentry4.o(.ARM.Collect$$rtentry$$00000004)
    .ARM.Collect$$rtentry$$00000009          0x0000014e   Section        0  __rtentry2.o(.ARM.Collect$$rtentry$$00000009)
    .ARM.Collect$$rtentry$$0000000A          0x0000014e   Section        4  __rtentry2.o(.ARM.Collect$$rtentry$$0000000A)
    .ARM.Collect$$rtentry$$0000000C          0x00000152   Section        0  __rtentry2.o(.ARM.Collect$$rtentry$$0000000C)
    .ARM.Collect$$rtentry$$0000000D          0x00000152   Section        8  __rtentry2.o(.ARM.Collect$$rtentry$$0000000D)
    .ARM.Collect$$rtexit$$00000000           0x0000015a   Section        2  rtexit.o(.ARM.Collect$$rtexit$$00000000)
    .ARM.Collect$$rtexit$$00000002           0x0000015c   Section        0  rtexit2.o(.ARM.Collect$$rtexit$$00000002)
    .ARM.Collect$$rtexit$$00000003           0x0000015c   Section        4  rtexit2.o(.ARM.Collect$$rtexit$$00000003)
    .ARM.Collect$$rtexit$$00000004           0x00000160   Section        6  rtexit2.o(.ARM.Collect$$rtexit$$00000004)
    .text                                    0x00000168   Section       52  startup_lpc17xx.o(.text)
    .text                                    0x0000019c   Section        0  funct_led.o(.text)
    .text                                    0x00000208   Section        0  lib_led.o(.text)
    .text                                    0x00000248   Section        0  irq_button.o(.text)
    .text                                    0x000002b0   Section        0  lib_joystick.o(.text)
    .text                                    0x000002d4   Section        0  asciilib.o(.text)
    .text                                    0x000002f4   Section        0  heapauxi.o(.text)
    .text                                    0x000002fa   Section        2  use_no_semi.o(.text)
    .ARM.__at_0x02FC                         0x000002fc   Section        4  startup_lpc17xx.o(.ARM.__at_0x02FC)
    .text                                    0x00000300   Section        0  sample.o(.text)
    .text                                    0x000004ac   Section        0  system_lpc17xx.o(.text)
    .text                                    0x0000072c   Section        0  lib_button.o(.text)
    NVIC_SetPriority                         0x0000072d   Thumb Code    32  lib_button.o(.text)
    NVIC_EnableIRQ                           0x000007c9   Thumb Code    22  lib_button.o(.text)
    .text                                    0x000007f4   Section        0  irq_rit.o(.text)
    .text                                    0x00000af4   Section        0  lib_rit.o(.text)
    .text                                    0x00000b78   Section        0  irq_timer.o(.text)
    .text                                    0x00000c2c   Section        0  lib_timer.o(.text)
    NVIC_EnableIRQ                           0x00000caf   Thumb Code    22  lib_timer.o(.text)
    .text                                    0x00000cc8   Section        0  irq_can.o(.text)
    .text                                    0x00000e24   Section        0  can.o(.text)
    .text                                    0x00000f84   Section        0  highcan.o(.text)
    putMessageInBuffer                       0x000013b1   Thumb Code   226  highcan.o(.text)
    .text                                    0x00001608   Section        0  lpc17xx_can.o(.text)
    can_SetBaudrate                          0x0000160b   Thumb Code   178  lpc17xx_can.o(.text)
    .text                                    0x00003400   Section        0  lpc17xx_clkpwr.o(.text)
    .text                                    0x00003540   Section        0  aes.o(.text)
    KeyExpansion                             0x00003541   Thumb Code   282  aes.o(.text)
    AddRoundKey                              0x0000369d   Thumb Code    56  aes.o(.text)
    SubBytes                                 0x000036d5   Thumb Code    46  aes.o(.text)
    ShiftRows                                0x00003703   Thumb Code    50  aes.o(.text)
    xtime                                    0x00003735   Thumb Code    20  aes.o(.text)
    MixColumns                               0x00003749   Thumb Code   212  aes.o(.text)
    Cipher                                   0x0000381d   Thumb Code    76  aes.o(.text)
    .text                                    0x000038e4   Section        0  security.o(.text)
    .text                                    0x000039ac   Section        0  sha256.o(.text)
    .text                                    0x00003dac   Section        0  glcd.o(.text)
    wait_delay                               0x00003dad   Thumb Code    12  glcd.o(.text)
    LCD_SetCursor                            0x00003db9   Thumb Code  1356  glcd.o(.text)
    LCD_Configuration                        0x00004975   Thumb Code    20  glcd.o(.text)
    delay_ms                                 0x00004989   Thumb Code    30  glcd.o(.text)
    LCD_BGR2RGB                              0x00007ecd   Thumb Code    26  glcd.o(.text)
    .text                                    0x000082e4   Section      138  rt_memcpy_v6.o(.text)
    .text                                    0x0000836e   Section       78  rt_memclr_w.o(.text)
    .text                                    0x000083bc   Section      100  rt_memcpy_w.o(.text)
    .text                                    0x00008420   Section       74  sys_stackheap_outer.o(.text)
    .text                                    0x0000846a   Section        0  exit.o(.text)
    .text                                    0x0000847c   Section        8  libspace.o(.text)
    .text                                    0x00008484   Section        0  sys_exit.o(.text)
    .text                                    0x00008490   Section        0  indicate_semi.o(.text)
    i.CAN_internalPrioMode                   0x00008490   Section        0  can.o(i.CAN_internalPrioMode)
    i.CAN_isTransmitting                     0x00008510   Section        0  can.o(i.CAN_isTransmitting)
    i.hCAN_arbitrationLost                   0x0000851c   Section        0  highcan.o(i.hCAN_arbitrationLost)
    .constdata                               0x00008550   Section       32  funct_led.o(.constdata)
    .constdata                               0x00008570   Section      267  aes.o(.constdata)
    sbox                                     0x00008570   Data         256  aes.o(.constdata)
    Rcon                                     0x00008670   Data          11  aes.o(.constdata)
    .constdata                               0x0000867c   Section      256  sha256.o(.constdata)
    k                                        0x0000867c   Data         256  sha256.o(.constdata)
    .constdata                               0x0000877c   Section     1520  asciilib.o(.constdata)
    AsciiLib                                 0x0000877c   Data        1520  asciilib.o(.constdata)
    STACK                                    0x10000000   Section    16384  startup_lpc17xx.o(STACK)
    Stack_Mem                                0x10000000   Data       16384  startup_lpc17xx.o(STACK)
    __initial_sp                             0x10004000   Data           0  startup_lpc17xx.o(STACK)
    .data                                    0x2007c000   Section       52  sample.o(.data)
    .data                                    0x2007c034   Section        4  system_lpc17xx.o(.data)
    .data                                    0x2007c038   Section        1  lib_led.o(.data)
    .data                                    0x2007c03c   Section       20  irq_rit.o(.data)
    select                                   0x2007c04c   Data           4  irq_rit.o(.data)
    .data                                    0x2007c050   Section        8  can.o(.data)
    CAN_state                                0x2007c050   Data           1  can.o(.data)
    counter                                  0x2007c051   Data           2  can.o(.data)
    tableLen                                 0x2007c054   Data           4  can.o(.data)
    .data                                    0x2007c058   Section       64  highcan.o(.data)
    ID                                       0x2007c058   Data           8  highcan.o(.data)
    busBlocked                               0x2007c060   Data           8  highcan.o(.data)
    hCAN_AfEntry                             0x2007c074   Data           8  highcan.o(.data)
    recStatus                                0x2007c08c   Data           1  highcan.o(.data)
    recNext                                  0x2007c090   Data           4  highcan.o(.data)
    buffIndex                                0x2007c094   Data           4  highcan.o(.data)
    .data                                    0x2007c098   Section       12  lpc17xx_can.o(.data)
    .data                                    0x2007c0a4   Section        1  glcd.o(.data)
    LCD_Code                                 0x2007c0a4   Data           1  glcd.o(.data)
    .bss                                     0x2007c0a8   Section      792  sample.o(.bss)
    .bss                                     0x2007c3c0   Section       16  irq_rit.o(.bss)
    .bss                                     0x2007c3d0   Section       16  irq_can.o(.bss)
    .bss                                     0x2007c3e0   Section      400  highcan.o(.bss)
    .bss                                     0x2007c570   Section       96  libspace.o(.bss)
    HEAP                                     0x2007c5d0   Section        0  startup_lpc17xx.o(HEAP)
    Heap_Mem                                 0x2007c5d0   Data           0  startup_lpc17xx.o(HEAP)

    Global Symbols

    Symbol Name                              Value     Ov Type        Size  Object(Section)

    BuildAttributes$$THM_ISAv4$P$D$K$B$S$PE$A:L22UL41UL21$X:L11$S22US41US21$IEEE1$IW$USESV6$~STKCKD$USESV7$~SHL$OSPACE$ROPI$EBA8$UX$STANDARDLIB$REQ8$PRES8$EABIv2 0x00000000   Number         0  anon$$obj.o ABSOLUTE
    __ARM_use_no_argv                        0x00000000   Number         0  sample.o ABSOLUTE
    __Vectors                                0x00000000   Data           4  startup_lpc17xx.o(RESET)
    __ARM_exceptions_init                     - Undefined Weak Reference
    __alloca_initialize                       - Undefined Weak Reference
    __arm_preinit_                            - Undefined Weak Reference
    __cpp_initialize__aeabi_                  - Undefined Weak Reference
    __cxa_finalize                            - Undefined Weak Reference
    __rt_locale                               - Undefined Weak Reference
    __sigvec_lookup                           - Undefined Weak Reference
    _atexit_init                              - Undefined Weak Reference
    _call_atexit_fns                          - Undefined Weak Reference
    _clock_init                               - Undefined Weak Reference
    _fp_trap_init                             - Undefined Weak Reference
    _fp_trap_shutdown                         - Undefined Weak Reference
    _get_lc_collate                           - Undefined Weak Reference
    _get_lc_ctype                             - Undefined Weak Reference
    _get_lc_monetary                          - Undefined Weak Reference
    _get_lc_numeric                           - Undefined Weak Reference
    _get_lc_time                              - Undefined Weak Reference
    _getenv_init                              - Undefined Weak Reference
    _handle_redirection                       - Undefined Weak Reference
    _init_alloc                               - Undefined Weak Reference
    _init_user_alloc                          - Undefined Weak Reference
    _initio                                   - Undefined Weak Reference
    _rand_init                                - Undefined Weak Reference
    _signal_finish                            - Undefined Weak Reference
    _signal_init                              - Undefined Weak Reference
    _terminate_alloc                          - Undefined Weak Reference
    _terminate_user_alloc                     - Undefined Weak Reference
    _terminateio                              - Undefined Weak Reference
    __main                                   0x000000cd   Thumb Code     8  __main.o(!!!main)
    __scatterload                            0x000000d5   Thumb Code     0  __scatter.o(!!!scatter)
    __scatterload_rt2                        0x000000d5   Thumb Code    44  __scatter.o(!!!scatter)
    __scatterload_rt2_thumb_only             0x000000d5   Thumb Code     0  __scatter.o(!!!scatter)
    __scatterload_null                       0x000000e3   Thumb Code     0  __scatter.o(!!!scatter)
    __scatterload_copy                       0x00000109   Thumb Code    26  __scatter_copy.o(!!handler_copy)
    __scatterload_zeroinit                   0x00000125   Thumb Code    28  __scatter_zi.o(!!handler_zi)
    __rt_lib_init                            0x00000141   Thumb Code     0  libinit.o(.ARM.Collect$$libinit$$00000000)
    __rt_lib_init_alloca_1                   0x00000143   Thumb Code     0  libinit2.o(.ARM.Collect$$libinit$$0000002E)
    __rt_lib_init_argv_1                     0x00000143   Thumb Code     0  libinit2.o(.ARM.Collect$$libinit$$0000002C)
    __rt_lib_init_atexit_1                   0x00000143   Thumb Code     0  libinit2.o(.ARM.Collect$$libinit$$0000001B)
    __rt_lib_init_clock_1                    0x00000143   Thumb Code     0  libinit2.o(.ARM.Collect$$libinit$$00000021)
    __rt_lib_init_cpp_1                      0x00000143   Thumb Code     0  libinit2.o(.ARM.Collect$$libinit$$00000032)
    __rt_lib_init_exceptions_1               0x00000143   Thumb Code     0  libinit2.o(.ARM.Collect$$libinit$$00000030)
    __rt_lib_init_fp_1                       0x00000143   Thumb Code     0  libinit2.o(.ARM.Collect$$libinit$$00000002)
    __rt_lib_init_fp_trap_1                  0x00000143   Thumb Code     0  libinit2.o(.ARM.Collect$$libinit$$0000001F)
    __rt_lib_init_getenv_1                   0x00000143   Thumb Code     0  libinit2.o(.ARM.Collect$$libinit$$00000023)
    __rt_lib_init_heap_1                     0x00000143   Thumb Code     0  libinit2.o(.ARM.Collect$$libinit$$0000000A)
    __rt_lib_init_lc_collate_1               0x00000143   Thumb Code     0  libinit2.o(.ARM.Collect$$libinit$$00000011)
    __rt_lib_init_lc_ctype_1                 0x00000143   Thumb Code     0  libinit2.o(.ARM.Collect$$libinit$$00000013)
    __rt_lib_init_lc_monetary_1              0x00000143   Thumb Code     0  libinit2.o(.ARM.Collect$$libinit$$00000015)
    __rt_lib_init_lc_numeric_1               0x00000143   Thumb Code     0  libinit2.o(.ARM.Collect$$libinit$$00000017)
    __rt_lib_init_lc_time_1                  0x00000143   Thumb Code     0  libinit2.o(.ARM.Collect$$libinit$$00000019)
    __rt_lib_init_preinit_1                  0x00000143   Thumb Code     0  libinit2.o(.ARM.Collect$$libinit$$00000004)
    __rt_lib_init_rand_1                     0x00000143   Thumb Code     0  libinit2.o(.ARM.Collect$$libinit$$0000000E)
    __rt_lib_init_return                     0x00000143   Thumb Code     0  libinit2.o(.ARM.Collect$$libinit$$00000033)
    __rt_lib_init_signal_1                   0x00000143   Thumb Code     0  libinit2.o(.ARM.Collect$$libinit$$0000001D)
    __rt_lib_init_stdio_1                    0x00000143   Thumb Code     0  libinit2.o(.ARM.Collect$$libinit$$00000025)
    __rt_lib_init_user_alloc_1               0x00000143   Thumb Code     0  libinit2.o(.ARM.Collect$$libinit$$0000000C)
    __rt_lib_shutdown                        0x00000145   Thumb Code     0  libshutdown.o(.ARM.Collect$$libshutdown$$00000000)
    __rt_lib_shutdown_cpp_1                  0x00000147   Thumb Code     0  libshutdown2.o(.ARM.Collect$$libshutdown$$00000002)
    __rt_lib_shutdown_fp_trap_1              0x00000147   Thumb Code     0  libshutdown2.o(.ARM.Collect$$libshutdown$$00000007)
    __rt_lib_shutdown_heap_1                 0x00000147   Thumb Code     0  libshutdown2.o(.ARM.Collect$$libshutdown$$0000000F)
    __rt_lib_shutdown_return                 0x00000147   Thumb Code     0  libshutdown2.o(.ARM.Collect$$libshutdown$$00000010)
    __rt_lib_shutdown_signal_1               0x00000147   Thumb Code     0  libshutdown2.o(.ARM.Collect$$libshutdown$$0000000A)
    __rt_lib_shutdown_stdio_1                0x00000147   Thumb Code     0  libshutdown2.o(.ARM.Collect$$libshutdown$$00000004)
    __rt_lib_shutdown_user_alloc_1           0x00000147   Thumb Code     0  libshutdown2.o(.ARM.Collect$$libshutdown$$0000000C)
    __rt_entry                               0x00000149   Thumb Code     0  __rtentry.o(.ARM.Collect$$rtentry$$00000000)
    __rt_entry_presh_1                       0x00000149   Thumb Code     0  __rtentry2.o(.ARM.Collect$$rtentry$$00000002)
    __rt_entry_sh                            0x00000149   Thumb Code     0  __rtentry4.o(.ARM.Collect$$rtentry$$00000004)
    __rt_entry_li                            0x0000014f   Thumb Code     0  __rtentry2.o(.ARM.Collect$$rtentry$$0000000A)
    __rt_entry_postsh_1                      0x0000014f   Thumb Code     0  __rtentry2.o(.ARM.Collect$$rtentry$$00000009)
    __rt_entry_main                          0x00000153   Thumb Code     0  __rtentry2.o(.ARM.Collect$$rtentry$$0000000D)
    __rt_entry_postli_1                      0x00000153   Thumb Code     0  __rtentry2.o(.ARM.Collect$$rtentry$$0000000C)
    __rt_exit                                0x0000015b   Thumb Code     0  rtexit.o(.ARM.Collect$$rtexit$$00000000)
    __rt_exit_ls                             0x0000015d   Thumb Code     0  rtexit2.o(.ARM.Collect$$rtexit$$00000003)
    __rt_exit_prels_1                        0x0000015d   Thumb Code     0  rtexit2.o(.ARM.Collect$$rtexit$$00000002)
    __rt_exit_exit                           0x00000161   Thumb Code     0  rtexit2.o(.ARM.Collect$$rtexit$$00000004)
    Reset_Handler                            0x00000169   Thumb Code     4  startup_lpc17xx.o(.text)
    NMI_Handler                              0x0000016d   Thumb Code     2  startup_lpc17xx.o(.text)
    HardFault_Handler                        0x0000016f   Thumb Code     2  startup_lpc17xx.o(.text)
    MemManage_Handler                        0x00000171   Thumb Code     2  startup_lpc17xx.o(.text)
    BusFault_Handler                         0x00000173   Thumb Code     2  startup_lpc17xx.o(.text)
    UsageFault_Handler                       0x00000175   Thumb Code     2  startup_lpc17xx.o(.text)
    SVC_Handler                              0x00000177   Thumb Code     2  startup_lpc17xx.o(.text)
    DebugMon_Handler                         0x00000179   Thumb Code     2  startup_lpc17xx.o(.text)
    PendSV_Handler                           0x0000017b   Thumb Code     2  startup_lpc17xx.o(.text)
    SysTick_Handler                          0x0000017d   Thumb Code     2  startup_lpc17xx.o(.text)
    ADC_IRQHandler                           0x0000017f   Thumb Code     0  startup_lpc17xx.o(.text)
    BOD_IRQHandler                           0x0000017f   Thumb Code     0  startup_lpc17xx.o(.text)
    CANActivity_IRQHandler                   0x0000017f   Thumb Code     0  startup_lpc17xx.o(.text)
    DMA_IRQHandler                           0x0000017f   Thumb Code     0  startup_lpc17xx.o(.text)
    EINT3_IRQHandler                         0x0000017f   Thumb Code     0  startup_lpc17xx.o(.text)
    ENET_IRQHandler                          0x0000017f   Thumb Code     0  startup_lpc17xx.o(.text)
    I2C0_IRQHandler                          0x0000017f   Thumb Code     0  startup_lpc17xx.o(.text)
    I2C1_IRQHandler                          0x0000017f   Thumb Code     0  startup_lpc17xx.o(.text)
    I2C2_IRQHandler                          0x0000017f   Thumb Code     0  startup_lpc17xx.o(.text)
    I2S_IRQHandler                           0x0000017f   Thumb Code     0  startup_lpc17xx.o(.text)
    MCPWM_IRQHandler                         0x0000017f   Thumb Code     0  startup_lpc17xx.o(.text)
    PLL0_IRQHandler                          0x0000017f   Thumb Code     0  startup_lpc17xx.o(.text)
    PLL1_IRQHandler                          0x0000017f   Thumb Code     0  startup_lpc17xx.o(.text)
    PWM1_IRQHandler                          0x0000017f   Thumb Code     0  startup_lpc17xx.o(.text)
    QEI_IRQHandler                           0x0000017f   Thumb Code     0  startup_lpc17xx.o(.text)
    RTC_IRQHandler                           0x0000017f   Thumb Code     0  startup_lpc17xx.o(.text)
    SPI_IRQHandler                           0x0000017f   Thumb Code     0  startup_lpc17xx.o(.text)
    SSP0_IRQHandler                          0x0000017f   Thumb Code     0  startup_lpc17xx.o(.text)
    SSP1_IRQHandler                          0x0000017f   Thumb Code     0  startup_lpc17xx.o(.text)
    TIMER2_IRQHandler                        0x0000017f   Thumb Code     0  startup_lpc17xx.o(.text)
    TIMER3_IRQHandler                        0x0000017f   Thumb Code     0  startup_lpc17xx.o(.text)
    UART0_IRQHandler                         0x0000017f   Thumb Code     0  startup_lpc17xx.o(.text)
    UART1_IRQHandler                         0x0000017f   Thumb Code     0  startup_lpc17xx.o(.text)
    UART2_IRQHandler                         0x0000017f   Thumb Code     0  startup_lpc17xx.o(.text)
    UART3_IRQHandler                         0x0000017f   Thumb Code     0  startup_lpc17xx.o(.text)
    USBActivity_IRQHandler                   0x0000017f   Thumb Code     0  startup_lpc17xx.o(.text)
    USB_IRQHandler                           0x0000017f   Thumb Code     0  startup_lpc17xx.o(.text)
    WDT_IRQHandler                           0x0000017f   Thumb Code     0  startup_lpc17xx.o(.text)
    __user_initial_stackheap                 0x00000181   Thumb Code     0  startup_lpc17xx.o(.text)
    LED_On                                   0x0000019d   Thumb Code    26  funct_led.o(.text)
    LED_Off                                  0x000001b7   Thumb Code    26  funct_led.o(.text)
    LED_Out                                  0x000001d1   Thumb Code    42  funct_led.o(.text)
    LED_init                                 0x00000209   Thumb Code    36  lib_led.o(.text)
    LED_deinit                               0x0000022d   Thumb Code    14  lib_led.o(.text)
    EINT0_IRQHandler                         0x00000249   Thumb Code    16  irq_button.o(.text)
    EINT1_IRQHandler                         0x00000259   Thumb Code    50  irq_button.o(.text)
    EINT2_IRQHandler                         0x0000028b   Thumb Code    16  irq_button.o(.text)
    joystick_init                            0x000002b1   Thumb Code    26  lib_joystick.o(.text)
    GetASCIICode                             0x000002d5   Thumb Code    26  asciilib.o(.text)
    __use_two_region_memory                  0x000002f5   Thumb Code     2  heapauxi.o(.text)
    __rt_heap_escrow$2region                 0x000002f7   Thumb Code     2  heapauxi.o(.text)
    __rt_heap_expand$2region                 0x000002f9   Thumb Code     2  heapauxi.o(.text)
    __I$use$semihosting                      0x000002fb   Thumb Code     0  use_no_semi.o(.text)
    __use_no_semihosting_swi                 0x000002fb   Thumb Code     2  use_no_semi.o(.text)
    init_key                                 0x00000301   Thumb Code    32  sample.o(.text)
    main                                     0x00000321   Thumb Code   320  sample.o(.text)
    SystemCoreClockUpdate                    0x000004ad   Thumb Code   300  system_lpc17xx.o(.text)
    SystemInit                               0x000005d9   Thumb Code   308  system_lpc17xx.o(.text)
    BUTTON_init                              0x0000074d   Thumb Code   124  lib_button.o(.text)
    RIT_IRQHandler                           0x000007f5   Thumb Code   714  irq_rit.o(.text)
    enable_RIT                               0x00000af5   Thumb Code    14  lib_rit.o(.text)
    disable_RIT                              0x00000b03   Thumb Code    14  lib_rit.o(.text)
    reset_RIT                                0x00000b11   Thumb Code     8  lib_rit.o(.text)
    init_RIT                                 0x00000b19   Thumb Code    82  lib_rit.o(.text)
    TIMER0_IRQHandler                        0x00000b79   Thumb Code    84  irq_timer.o(.text)
    TIMER1_IRQHandler                        0x00000bcd   Thumb Code    82  irq_timer.o(.text)
    enable_timer                             0x00000c2d   Thumb Code    20  lib_timer.o(.text)
    disable_timer                            0x00000c41   Thumb Code    20  lib_timer.o(.text)
    reset_timer                              0x00000c55   Thumb Code    30  lib_timer.o(.text)
    init_timer                               0x00000c73   Thumb Code    60  lib_timer.o(.text)
    IRQ_CAN                                  0x00000cc9   Thumb Code   220  irq_can.o(.text)
    CAN_IRQHandler                           0x00000da5   Thumb Code    28  irq_can.o(.text)
    CAN_bufferFrame                          0x00000e25   Thumb Code   130  can.o(.text)
    CAN_sendFrames                           0x00000ea7   Thumb Code    62  can.o(.text)
    CAN_abortTransmission                    0x00000ee5   Thumb Code    10  can.o(.text)
    CAN_AF_loadSTDRangelEntry                0x00000eef   Thumb Code    92  can.o(.text)
    CAN_AF_disableEntry                      0x00000f4b   Thumb Code    40  can.o(.text)
    hCAN_init                                0x00000f85   Thumb Code   176  highcan.o(.text)
    hCAN_setID                               0x00001035   Thumb Code     8  highcan.o(.text)
    hCAN_sendMessage                         0x0000103d   Thumb Code   884  highcan.o(.text)
    hCAN_receiveMessage                      0x00001493   Thumb Code   334  highcan.o(.text)
    check_failed                             0x00001609   Thumb Code     2  lpc17xx_can.o(.text)
    CAN_Init                                 0x000016bd   Thumb Code   176  lpc17xx_can.o(.text)
    CAN_DeInit                               0x0000176d   Thumb Code    56  lpc17xx_can.o(.text)
    CAN_SetupAFLUT                           0x000017a5   Thumb Code  1720  lpc17xx_can.o(.text)
    CAN_LoadExplicitEntry                    0x00001e5d   Thumb Code   840  lpc17xx_can.o(.text)
    CAN_LoadFullCANEntry                     0x000021a5   Thumb Code   826  lpc17xx_can.o(.text)
    CAN_LoadGroupEntry                       0x000024df   Thumb Code   816  lpc17xx_can.o(.text)
    CAN_RemoveEntry                          0x0000280f   Thumb Code  1220  lpc17xx_can.o(.text)
    CAN_SendMsg                              0x00002cd3   Thumb Code   576  lpc17xx_can.o(.text)
    CAN_ReceiveMsg                           0x00002f13   Thumb Code   124  lpc17xx_can.o(.text)
    FCAN_ReadObj                             0x00002f8f   Thumb Code   210  lpc17xx_can.o(.text)
    CAN_GetCTRLStatus                        0x00003061   Thumb Code    84  lpc17xx_can.o(.text)
    CAN_GetCRStatus                          0x000030b5   Thumb Code    66  lpc17xx_can.o(.text)
    CAN_IRQCmd                               0x000030f7   Thumb Code   170  lpc17xx_can.o(.text)
    CAN_SetAFMode                            0x000031a1   Thumb Code    94  lpc17xx_can.o(.text)
    CAN_ModeConfig                           0x000031ff   Thumb Code   340  lpc17xx_can.o(.text)
    CAN_SetCommand                           0x00003353   Thumb Code    38  lpc17xx_can.o(.text)
    CAN_IntGetStatus                         0x00003379   Thumb Code    32  lpc17xx_can.o(.text)
    CAN_FullCANIntGetStatus                  0x00003399   Thumb Code    34  lpc17xx_can.o(.text)
    CAN_FullCANPendGetStatus                 0x000033bb   Thumb Code    52  lpc17xx_can.o(.text)
    CLKPWR_SetPCLKDiv                        0x00003401   Thumb Code    94  lpc17xx_clkpwr.o(.text)
    CLKPWR_GetPCLKSEL                        0x0000345f   Thumb Code    34  lpc17xx_clkpwr.o(.text)
    CLKPWR_GetPCLK                           0x00003481   Thumb Code    58  lpc17xx_clkpwr.o(.text)
    CLKPWR_ConfigPPWR                        0x000034bb   Thumb Code    46  lpc17xx_clkpwr.o(.text)
    CLKPWR_Sleep                             0x000034e9   Thumb Code    12  lpc17xx_clkpwr.o(.text)
    CLKPWR_DeepSleep                         0x000034f5   Thumb Code    18  lpc17xx_clkpwr.o(.text)
    CLKPWR_PowerDown                         0x00003507   Thumb Code    18  lpc17xx_clkpwr.o(.text)
    CLKPWR_DeepPowerDown                     0x00003519   Thumb Code    18  lpc17xx_clkpwr.o(.text)
    AES_init_ctx                             0x0000365b   Thumb Code    16  aes.o(.text)
    AES_init_ctx_iv                          0x0000366b   Thumb Code    30  aes.o(.text)
    AES_ctx_set_iv                           0x00003689   Thumb Code    20  aes.o(.text)
    AES_CTR_xcrypt_buffer                    0x00003869   Thumb Code   114  aes.o(.text)
    digest                                   0x000038e5   Thumb Code    96  security.o(.text)
    verify_digest                            0x00003945   Thumb Code    50  security.o(.text)
    AES                                      0x00003977   Thumb Code    20  security.o(.text)
    AES_init                                 0x0000398b   Thumb Code    34  security.o(.text)
    sha256_transform                         0x000039ad   Thumb Code   558  sha256.o(.text)
    sha256_init                              0x00003bdb   Thumb Code    44  sha256.o(.text)
    sha256_update                            0x00003c07   Thumb Code    68  sha256.o(.text)
    sha256_final                             0x00003c4b   Thumb Code   316  sha256.o(.text)
    LCD_SetPoint                             0x00004305   Thumb Code   206  glcd.o(.text)
    PutChar                                  0x000043d3   Thumb Code   100  glcd.o(.text)
    GUI_Text                                 0x00004437   Thumb Code    80  glcd.o(.text)
    LCD_DrawLine                             0x00004487   Thumb Code   170  glcd.o(.text)
    winFun                                   0x00004531   Thumb Code    50  glcd.o(.text)
    drawPlayer                               0x00004563   Thumb Code   432  glcd.o(.text)
    clear                                    0x00004713   Thumb Code    54  glcd.o(.text)
    initGame                                 0x00004749   Thumb Code   352  glcd.o(.text)
    restartGame                              0x000048a9   Thumb Code   104  glcd.o(.text)
    drawSquare                               0x00004911   Thumb Code    72  glcd.o(.text)
    drawLineOfSquares                        0x00004959   Thumb Code    28  glcd.o(.text)
    LCD_Initialization                       0x000049a7   Thumb Code 12092  glcd.o(.text)
    LCD_Clear                                0x000078e3   Thumb Code  1514  glcd.o(.text)
    LCD_GetPoint                             0x00007ee7   Thumb Code  1016  glcd.o(.text)
    __aeabi_memcpy                           0x000082e5   Thumb Code     0  rt_memcpy_v6.o(.text)
    __rt_memcpy                              0x000082e5   Thumb Code   138  rt_memcpy_v6.o(.text)
    _memcpy_lastbytes                        0x0000834b   Thumb Code     0  rt_memcpy_v6.o(.text)
    __aeabi_memclr4                          0x0000836f   Thumb Code     0  rt_memclr_w.o(.text)
    __aeabi_memclr8                          0x0000836f   Thumb Code     0  rt_memclr_w.o(.text)
    __rt_memclr_w                            0x0000836f   Thumb Code    78  rt_memclr_w.o(.text)
    _memset_w                                0x00008373   Thumb Code     0  rt_memclr_w.o(.text)
    __aeabi_memcpy4                          0x000083bd   Thumb Code     0  rt_memcpy_w.o(.text)
    __aeabi_memcpy8                          0x000083bd   Thumb Code     0  rt_memcpy_w.o(.text)
    __rt_memcpy_w                            0x000083bd   Thumb Code   100  rt_memcpy_w.o(.text)
    _memcpy_lastbytes_aligned                0x00008405   Thumb Code     0  rt_memcpy_w.o(.text)
    __user_setup_stackheap                   0x00008421   Thumb Code    74  sys_stackheap_outer.o(.text)
    exit                                     0x0000846b   Thumb Code    18  exit.o(.text)
    __user_libspace                          0x0000847d   Thumb Code     8  libspace.o(.text)
    __user_perproc_libspace                  0x0000847d   Thumb Code     0  libspace.o(.text)
    __user_perthread_libspace                0x0000847d   Thumb Code     0  libspace.o(.text)
    _sys_exit                                0x00008485   Thumb Code     8  sys_exit.o(.text)
    CAN_internalPrioMode                     0x00008491   Thumb Code   128  can.o(i.CAN_internalPrioMode)
    __semihosting_library_function           0x00008491   Thumb Code     0  indicate_semi.o(.text)
    CAN_isTransmitting                       0x00008511   Thumb Code    10  can.o(i.CAN_isTransmitting)
    hCAN_arbitrationLost                     0x0000851d   Thumb Code    40  highcan.o(i.hCAN_arbitrationLost)
    led_mask                                 0x00008550   Data          32  funct_led.o(.constdata)
    Region$$Table$$Base                      0x00008d6c   Number         0  anon$$obj.o(Region$$Table)
    Region$$Table$$Limit                     0x00008d9c   Number         0  anon$$obj.o(Region$$Table)
    fLevel                                   0x2007c000   Data           4  sample.o(.data)
    key_aes                                  0x2007c004   Data          16  sample.o(.data)
    iv                                       0x2007c014   Data          16  sample.o(.data)
    d                                        0x2007c024   Data          16  sample.o(.data)
    SystemCoreClock                          0x2007c034   Data           4  system_lpc17xx.o(.data)
    led_value                                0x2007c038   Data           1  lib_led.o(.data)
    down                                     0x2007c03c   Data           4  irq_rit.o(.data)
    cnt                                      0x2007c040   Data           1  irq_rit.o(.data)
    pressed                                  0x2007c044   Data           4  irq_rit.o(.data)
    selected                                 0x2007c048   Data           4  irq_rit.o(.data)
    busMine                                  0x2007c068   Data           8  highcan.o(.data)
    hCAN_ActiveError                         0x2007c070   Data           4  highcan.o(.data)
    hCAN_recID                               0x2007c07c   Data           2  highcan.o(.data)
    hCAN_recDone                             0x2007c07e   Data           2  highcan.o(.data)
    hCAN_lenght                              0x2007c080   Data           8  highcan.o(.data)
    i                                        0x2007c088   Data           4  highcan.o(.data)
    FULLCAN_ENABLE                           0x2007c098   Data           1  lpc17xx_can.o(.data)
    CANAF_FullCAN_cnt                        0x2007c09a   Data           2  lpc17xx_can.o(.data)
    CANAF_std_cnt                            0x2007c09c   Data           2  lpc17xx_can.o(.data)
    CANAF_gstd_cnt                           0x2007c09e   Data           2  lpc17xx_can.o(.data)
    CANAF_ext_cnt                            0x2007c0a0   Data           2  lpc17xx_can.o(.data)
    CANAF_gext_cnt                           0x2007c0a2   Data           2  lpc17xx_can.o(.data)
    key                                      0x2007c0a8   Data          24  sample.o(.bss)
    ctx_enc                                  0x2007c0c0   Data         192  sample.o(.bss)
    ctx_dec                                  0x2007c180   Data         192  sample.o(.bss)
    break_ctx                                0x2007c240   Data         192  sample.o(.bss)
    ctx_dec_key                              0x2007c300   Data         192  sample.o(.bss)
    message                                  0x2007c3c0   Data          16  irq_rit.o(.bss)
    new_key                                  0x2007c3d0   Data          16  irq_can.o(.bss)
    hCAN_recMessage                          0x2007c3e0   Data         400  highcan.o(.bss)
    __libspace_start                         0x2007c570   Data          96  libspace.o(.bss)
    __temporary_stack_top$libspace           0x2007c5d0   Data           0  libspace.o(.bss)



==============================================================================

Memory Map of the image

  Image Entry point : 0x000000cd

  Load Region LR_IROM1 (Base: 0x00000000, Size: 0x00008e44, Max: 0x00080000, ABSOLUTE)

    Execution Region ER_IROM1 (Exec base: 0x00000000, Load base: 0x00000000, Size: 0x00008d9c, Max: 0x00080000, ABSOLUTE)

    Exec Addr    Load Addr    Size         Type   Attr      Idx    E Section Name        Object

    0x00000000   0x00000000   0x000000cc   Data   RO            3    RESET               startup_lpc17xx.o
    0x000000cc   0x000000cc   0x00000008   Code   RO          606  * !!!main             c_w.l(__main.o)
    0x000000d4   0x000000d4   0x00000034   Code   RO          765    !!!scatter          c_w.l(__scatter.o)
    0x00000108   0x00000108   0x0000001a   Code   RO          767    !!handler_copy      c_w.l(__scatter_copy.o)
    0x00000122   0x00000122   0x00000002   PAD
    0x00000124   0x00000124   0x0000001c   Code   RO          769    !!handler_zi        c_w.l(__scatter_zi.o)
    0x00000140   0x00000140   0x00000002   Code   RO          635    .ARM.Collect$$libinit$$00000000  c_w.l(libinit.o)
    0x00000142   0x00000142   0x00000000   Code   RO          642    .ARM.Collect$$libinit$$00000002  c_w.l(libinit2.o)
    0x00000142   0x00000142   0x00000000   Code   RO          644    .ARM.Collect$$libinit$$00000004  c_w.l(libinit2.o)
    0x00000142   0x00000142   0x00000000   Code   RO          647    .ARM.Collect$$libinit$$0000000A  c_w.l(libinit2.o)
    0x00000142   0x00000142   0x00000000   Code   RO          649    .ARM.Collect$$libinit$$0000000C  c_w.l(libinit2.o)
    0x00000142   0x00000142   0x00000000   Code   RO          651    .ARM.Collect$$libinit$$0000000E  c_w.l(libinit2.o)
    0x00000142   0x00000142   0x00000000   Code   RO          654    .ARM.Collect$$libinit$$00000011  c_w.l(libinit2.o)
    0x00000142   0x00000142   0x00000000   Code   RO          656    .ARM.Collect$$libinit$$00000013  c_w.l(libinit2.o)
    0x00000142   0x00000142   0x00000000   Code   RO          658    .ARM.Collect$$libinit$$00000015  c_w.l(libinit2.o)
    0x00000142   0x00000142   0x00000000   Code   RO          660    .ARM.Collect$$libinit$$00000017  c_w.l(libinit2.o)
    0x00000142   0x00000142   0x00000000   Code   RO          662    .ARM.Collect$$libinit$$00000019  c_w.l(libinit2.o)
    0x00000142   0x00000142   0x00000000   Code   RO          664    .ARM.Collect$$libinit$$0000001B  c_w.l(libinit2.o)
    0x00000142   0x00000142   0x00000000   Code   RO          666    .ARM.Collect$$libinit$$0000001D  c_w.l(libinit2.o)
    0x00000142   0x00000142   0x00000000   Code   RO          668    .ARM.Collect$$libinit$$0000001F  c_w.l(libinit2.o)
    0x00000142   0x00000142   0x00000000   Code   RO          670    .ARM.Collect$$libinit$$00000021  c_w.l(libinit2.o)
    0x00000142   0x00000142   0x00000000   Code   RO          672    .ARM.Collect$$libinit$$00000023  c_w.l(libinit2.o)
    0x00000142   0x00000142   0x00000000   Code   RO          674    .ARM.Collect$$libinit$$00000025  c_w.l(libinit2.o)
    0x00000142   0x00000142   0x00000000   Code   RO          678    .ARM.Collect$$libinit$$0000002C  c_w.l(libinit2.o)
    0x00000142   0x00000142   0x00000000   Code   RO          680    .ARM.Collect$$libinit$$0000002E  c_w.l(libinit2.o)
    0x00000142   0x00000142   0x00000000   Code   RO          682    .ARM.Collect$$libinit$$00000030  c_w.l(libinit2.o)
    0x00000142   0x00000142   0x00000000   Code   RO          684    .ARM.Collect$$libinit$$00000032  c_w.l(libinit2.o)
    0x00000142   0x00000142   0x00000002   Code   RO          685    .ARM.Collect$$libinit$$00000033  c_w.l(libinit2.o)
    0x00000144   0x00000144   0x00000002   Code   RO          705    .ARM.Collect$$libshutdown$$00000000  c_w.l(libshutdown.o)
    0x00000146   0x00000146   0x00000000   Code   RO          718    .ARM.Collect$$libshutdown$$00000002  c_w.l(libshutdown2.o)
    0x00000146   0x00000146   0x00000000   Code   RO          720    .ARM.Collect$$libshutdown$$00000004  c_w.l(libshutdown2.o)
    0x00000146   0x00000146   0x00000000   Code   RO          723    .ARM.Collect$$libshutdown$$00000007  c_w.l(libshutdown2.o)
    0x00000146   0x00000146   0x00000000   Code   RO          726    .ARM.Collect$$libshutdown$$0000000A  c_w.l(libshutdown2.o)
    0x00000146   0x00000146   0x00000000   Code   RO          728    .ARM.Collect$$libshutdown$$0000000C  c_w.l(libshutdown2.o)
    0x00000146   0x00000146   0x00000000   Code   RO          731    .ARM.Collect$$libshutdown$$0000000F  c_w.l(libshutdown2.o)
    0x00000146   0x00000146   0x00000002   Code   RO          732    .ARM.Collect$$libshutdown$$00000010  c_w.l(libshutdown2.o)
    0x00000148   0x00000148   0x00000000   Code   RO          608    .ARM.Collect$$rtentry$$00000000  c_w.l(__rtentry.o)
    0x00000148   0x00000148   0x00000000   Code   RO          612    .ARM.Collect$$rtentry$$00000002  c_w.l(__rtentry2.o)
    0x00000148   0x00000148   0x00000006   Code   RO          624    .ARM.Collect$$rtentry$$00000004  c_w.l(__rtentry4.o)
    0x0000014e   0x0000014e   0x00000000   Code   RO          614    .ARM.Collect$$rtentry$$00000009  c_w.l(__rtentry2.o)
    0x0000014e   0x0000014e   0x00000004   Code   RO          615    .ARM.Collect$$rtentry$$0000000A  c_w.l(__rtentry2.o)
    0x00000152   0x00000152   0x00000000   Code   RO          617    .ARM.Collect$$rtentry$$0000000C  c_w.l(__rtentry2.o)
    0x00000152   0x00000152   0x00000008   Code   RO          618    .ARM.Collect$$rtentry$$0000000D  c_w.l(__rtentry2.o)
    0x0000015a   0x0000015a   0x00000002   Code   RO          639    .ARM.Collect$$rtexit$$00000000  c_w.l(rtexit.o)
    0x0000015c   0x0000015c   0x00000000   Code   RO          687    .ARM.Collect$$rtexit$$00000002  c_w.l(rtexit2.o)
    0x0000015c   0x0000015c   0x00000004   Code   RO          688    .ARM.Collect$$rtexit$$00000003  c_w.l(rtexit2.o)
    0x00000160   0x00000160   0x00000006   Code   RO          689    .ARM.Collect$$rtexit$$00000004  c_w.l(rtexit2.o)
    0x00000166   0x00000166   0x00000002   PAD
    0x00000168   0x00000168   0x00000034   Code   RO            5    .text               startup_lpc17xx.o
    0x0000019c   0x0000019c   0x0000006c   Code   RO          129    .text               funct_led.o
    0x00000208   0x00000208   0x00000040   Code   RO          156    .text               lib_led.o
    0x00000248   0x00000248   0x00000068   Code   RO          175    .text               irq_button.o
    0x000002b0   0x000002b0   0x00000024   Code   RO          269    .text               lib_joystick.o
    0x000002d4   0x000002d4   0x00000020   Code   RO          543    .text               asciilib.o
    0x000002f4   0x000002f4   0x00000006   Code   RO          604    .text               c_w.l(heapauxi.o)
    0x000002fa   0x000002fa   0x00000002   Code   RO          708    .text               c_w.l(use_no_semi.o)
    0x000002fc   0x000002fc   0x00000004   Code   RO            4    .ARM.__at_0x02FC    startup_lpc17xx.o
    0x00000300   0x00000300   0x000001ac   Code   RO           14    .text               sample.o
    0x000004ac   0x000004ac   0x00000280   Code   RO          100    .text               system_lpc17xx.o
    0x0000072c   0x0000072c   0x000000c8   Code   RO          196    .text               lib_button.o
    0x000007f4   0x000007f4   0x00000300   Code   RO          216    .text               irq_rit.o
    0x00000af4   0x00000af4   0x00000084   Code   RO          249    .text               lib_rit.o
    0x00000b78   0x00000b78   0x000000b4   Code   RO          285    .text               irq_timer.o
    0x00000c2c   0x00000c2c   0x0000009c   Code   RO          305    .text               lib_timer.o
    0x00000cc8   0x00000cc8   0x0000015c   Code   RO          321    .text               irq_can.o
    0x00000e24   0x00000e24   0x00000160   Code   RO          347    .text               can.o
    0x00000f84   0x00000f84   0x00000684   Code   RO          399    .text               highcan.o
    0x00001608   0x00001608   0x00001df8   Code   RO          441    .text               lpc17xx_can.o
    0x00003400   0x00003400   0x00000140   Code   RO          466    .text               lpc17xx_clkpwr.o
    0x00003540   0x00003540   0x000003a4   Code   RO          481    .text               aes.o
    0x000038e4   0x000038e4   0x000000c8   Code   RO          504    .text               security.o
    0x000039ac   0x000039ac   0x00000400   Code   RO          529    .text               sha256.o
    0x00003dac   0x00003dac   0x00004538   Code   RO          561    .text               glcd.o
    0x000082e4   0x000082e4   0x0000008a   Code   RO          600    .text               c_w.l(rt_memcpy_v6.o)
    0x0000836e   0x0000836e   0x0000004e   Code   RO          602    .text               c_w.l(rt_memclr_w.o)
    0x000083bc   0x000083bc   0x00000064   Code   RO          609    .text               c_w.l(rt_memcpy_w.o)
    0x00008420   0x00008420   0x0000004a   Code   RO          626    .text               c_w.l(sys_stackheap_outer.o)
    0x0000846a   0x0000846a   0x00000012   Code   RO          628    .text               c_w.l(exit.o)
    0x0000847c   0x0000847c   0x00000008   Code   RO          636    .text               c_w.l(libspace.o)
    0x00008484   0x00008484   0x0000000c   Code   RO          697    .text               c_w.l(sys_exit.o)
    0x00008490   0x00008490   0x00000000   Code   RO          710    .text               c_w.l(indicate_semi.o)
    0x00008490   0x00008490   0x00000080   Code   RO          361    i.CAN_internalPrioMode  can.o
    0x00008510   0x00008510   0x0000000a   Code   RO          373    i.CAN_isTransmitting  can.o
    0x0000851a   0x0000851a   0x00000002   PAD
    0x0000851c   0x0000851c   0x00000034   Code   RO          415    i.hCAN_arbitrationLost  highcan.o
    0x00008550   0x00008550   0x00000020   Data   RO          130    .constdata          funct_led.o
    0x00008570   0x00008570   0x0000010b   Data   RO          482    .constdata          aes.o
    0x0000867b   0x0000867b   0x00000001   PAD
    0x0000867c   0x0000867c   0x00000100   Data   RO          530    .constdata          sha256.o
    0x0000877c   0x0000877c   0x000005f0   Data   RO          544    .constdata          asciilib.o
    0x00008d6c   0x00008d6c   0x00000030   Data   RO          763    Region$$Table       anon$$obj.o


    Execution Region RW_IRAM1 (Exec base: 0x10000000, Load base: 0x00008d9c, Size: 0x00004000, Max: 0x00008000, ABSOLUTE)

    Exec Addr    Load Addr    Size         Type   Attr      Idx    E Section Name        Object

    0x10000000        -       0x00004000   Zero   RW            1    STACK               startup_lpc17xx.o


    Execution Region RW_IRAM2 (Exec base: 0x2007c000, Load base: 0x00008d9c, Size: 0x000005d0, Max: 0x00008000, ABSOLUTE)

    Exec Addr    Load Addr    Size         Type   Attr      Idx    E Section Name        Object

    0x2007c000   0x00008d9c   0x00000034   Data   RW           16    .data               sample.o
    0x2007c034   0x00008dd0   0x00000004   Data   RW          101    .data               system_lpc17xx.o
    0x2007c038   0x00008dd4   0x00000001   Data   RW          157    .data               lib_led.o
    0x2007c039   0x00008dd5   0x00000003   PAD
    0x2007c03c   0x00008dd8   0x00000014   Data   RW          218    .data               irq_rit.o
    0x2007c050   0x00008dec   0x00000008   Data   RW          348    .data               can.o
    0x2007c058   0x00008df4   0x00000040   Data   RW          401    .data               highcan.o
    0x2007c098   0x00008e34   0x0000000c   Data   RW          442    .data               lpc17xx_can.o
    0x2007c0a4   0x00008e40   0x00000001   Data   RW          562    .data               glcd.o
    0x2007c0a5   0x00008e41   0x00000003   PAD
    0x2007c0a8        -       0x00000318   Zero   RW           15    .bss                sample.o
    0x2007c3c0        -       0x00000010   Zero   RW          217    .bss                irq_rit.o
    0x2007c3d0        -       0x00000010   Zero   RW          322    .bss                irq_can.o
    0x2007c3e0        -       0x00000190   Zero   RW          400    .bss                highcan.o
    0x2007c570        -       0x00000060   Zero   RW          637    .bss                c_w.l(libspace.o)
    0x2007c5d0        -       0x00000000   Zero   RW            2    HEAP                startup_lpc17xx.o


==============================================================================

Image component sizes


      Code (inc. data)   RO Data    RW Data    ZI Data      Debug   Object Name

       932         10        267          0          0       5244   aes.o
        32          6       1520          0          0       1207   asciilib.o
       490         18          0          8          0      20269   can.o
       108         14         32          0          0      18300   funct_led.o
     17720        202          0          1          0      42401   glcd.o
      1720         88          0         64        400      21787   highcan.o
       104         22          0          0          0      17076   irq_button.o
       348        100          0          0         16       1633   irq_can.o
       768         54          0         20         16       3880   irq_rit.o
       180         14          0          0          0        626   irq_timer.o
       200         22          0          0          0      17049   lib_button.o
        36         10          0          0          0        440   lib_joystick.o
        64         14          0          1          0        754   lib_led.o
       132         14          0          0          0      17199   lib_rit.o
       156          4          0          0          0       1316   lib_timer.o
      7672        312          0         12          0      14800   lpc17xx_can.o
       320         22          0          0          0       1883   lpc17xx_clkpwr.o
       428         76          0         52        792      16424   sample.o
       200          0          0          0          0       2840   security.o
      1024         38        256          0          0       2930   sha256.o
        56         22        204          0      16384       1032   startup_lpc17xx.o
       640         32          0          4          0       1097   system_lpc17xx.o

    ----------------------------------------------------------------------
     33332       1094       2328        168      17608     210187   Object Totals
         0          0         48          0          0          0   (incl. Generated)
         2          0          1          6          0          0   (incl. Padding)

    ----------------------------------------------------------------------

      Code (inc. data)   RO Data    RW Data    ZI Data      Debug   Library Member Name

         8          0          0          0          0         68   __main.o
         0          0          0          0          0          0   __rtentry.o
        12          0          0          0          0          0   __rtentry2.o
         6          0          0          0          0          0   __rtentry4.o
        52          8          0          0          0          0   __scatter.o
        26          0          0          0          0          0   __scatter_copy.o
        28          0          0          0          0          0   __scatter_zi.o
        18          0          0          0          0         80   exit.o
         6          0          0          0          0        152   heapauxi.o
         0          0          0          0          0          0   indicate_semi.o
         2          0          0          0          0          0   libinit.o
         2          0          0          0          0          0   libinit2.o
         2          0          0          0          0          0   libshutdown.o
         2          0          0          0          0          0   libshutdown2.o
         8          4          0          0         96         68   libspace.o
        78          0          0          0          0         80   rt_memclr_w.o
       138          0          0          0          0         68   rt_memcpy_v6.o
       100          0          0          0          0         80   rt_memcpy_w.o
         2          0          0          0          0          0   rtexit.o
        10          0          0          0          0          0   rtexit2.o
        12          4          0          0          0         68   sys_exit.o
        74          0          0          0          0         80   sys_stackheap_outer.o
         2          0          0          0          0         68   use_no_semi.o

    ----------------------------------------------------------------------
       592         16          0          0         96        812   Library Totals
         4          0          0          0          0          0   (incl. Padding)

    ----------------------------------------------------------------------

      Code (inc. data)   RO Data    RW Data    ZI Data      Debug   Library Name

       588         16          0          0         96        812   c_w.l

    ----------------------------------------------------------------------
       592         16          0          0         96        812   Library Totals

    ----------------------------------------------------------------------

==============================================================================


      Code (inc. data)   RO Data    RW Data    ZI Data      Debug   

     33924       1110       2328        168      17704     209071   Grand Totals
     33924       1110       2328        168      17704     209071   ELF Image Totals
     33924       1110       2328        168          0          0   ROM Totals

==============================================================================

    Total RO  Size (Code + RO Data)                36252 (  35.40kB)
    Total RW  Size (RW Data + ZI Data)             17872 (  17.45kB)
    Total ROM Size (Code + RO Data + RW Data)      36420 (  35.57kB)

==============================================================================

